Component: ARM Compiler 5.06 update 1 (build 61) Tool: armlink [4d35a8]

==============================================================================

Section Cross References

    stm32f1xx_hal_tim.o(i.HAL_TIM_Base_DeInit) refers to stm32f1xx_hal_tim.o(i.HAL_TIM_Base_MspDeInit) for HAL_TIM_Base_MspDeInit
    stm32f1xx_hal_tim.o(i.HAL_TIM_Base_Init) refers to stm32f1xx_hal_tim.o(i.HAL_TIM_Base_MspInit) for HAL_TIM_Base_MspInit
    stm32f1xx_hal_tim.o(i.HAL_TIM_Base_Init) refers to stm32f1xx_hal_tim.o(i.TIM_Base_SetConfig) for TIM_Base_SetConfig
    stm32f1xx_hal_tim.o(i.HAL_TIM_Base_Start_DMA) refers to stm32f1xx_hal_dma.o(i.HAL_DMA_Start_IT) for HAL_DMA_Start_IT
    stm32f1xx_hal_tim.o(i.HAL_TIM_Base_Start_DMA) refers to stm32f1xx_hal_tim.o(i.TIM_DMAPeriodElapsedCplt) for TIM_DMAPeriodElapsedCplt
    stm32f1xx_hal_tim.o(i.HAL_TIM_Base_Start_DMA) refers to stm32f1xx_hal_tim.o(i.TIM_DMAError) for TIM_DMAError
    stm32f1xx_hal_tim.o(i.HAL_TIM_ConfigClockSource) refers to stm32f1xx_hal_tim.o(i.TIM_ETR_SetConfig) for TIM_ETR_SetConfig
    stm32f1xx_hal_tim.o(i.HAL_TIM_ConfigClockSource) refers to stm32f1xx_hal_tim.o(i.TIM_TI1_ConfigInputStage) for TIM_TI1_ConfigInputStage
    stm32f1xx_hal_tim.o(i.HAL_TIM_ConfigClockSource) refers to stm32f1xx_hal_tim.o(i.TIM_TI2_ConfigInputStage) for TIM_TI2_ConfigInputStage
    stm32f1xx_hal_tim.o(i.HAL_TIM_ConfigClockSource) refers to stm32f1xx_hal_tim.o(i.TIM_ITRx_SetConfig) for TIM_ITRx_SetConfig
    stm32f1xx_hal_tim.o(i.HAL_TIM_ConfigOCrefClear) refers to stm32f1xx_hal_tim.o(i.TIM_ETR_SetConfig) for TIM_ETR_SetConfig
    stm32f1xx_hal_tim.o(i.HAL_TIM_DMABurst_ReadStart) refers to stm32f1xx_hal_dma.o(i.HAL_DMA_Start_IT) for HAL_DMA_Start_IT
    stm32f1xx_hal_tim.o(i.HAL_TIM_DMABurst_ReadStart) refers to stm32f1xx_hal_tim.o(i.TIM_DMAError) for TIM_DMAError
    stm32f1xx_hal_tim.o(i.HAL_TIM_DMABurst_ReadStart) refers to stm32f1xx_hal_tim.o(i.TIM_DMACaptureCplt) for TIM_DMACaptureCplt
    stm32f1xx_hal_tim.o(i.HAL_TIM_DMABurst_ReadStart) refers to stm32f1xx_hal_tim.o(i.TIM_DMAPeriodElapsedCplt) for TIM_DMAPeriodElapsedCplt
    stm32f1xx_hal_tim.o(i.HAL_TIM_DMABurst_ReadStart) refers to stm32f1xx_hal_tim_ex.o(i.TIMEx_DMACommutationCplt) for TIMEx_DMACommutationCplt
    stm32f1xx_hal_tim.o(i.HAL_TIM_DMABurst_ReadStart) refers to stm32f1xx_hal_tim.o(i.TIM_DMATriggerCplt) for TIM_DMATriggerCplt
    stm32f1xx_hal_tim.o(i.HAL_TIM_DMABurst_ReadStop) refers to stm32f1xx_hal_dma.o(i.HAL_DMA_Abort) for HAL_DMA_Abort
    stm32f1xx_hal_tim.o(i.HAL_TIM_DMABurst_WriteStart) refers to stm32f1xx_hal_dma.o(i.HAL_DMA_Start_IT) for HAL_DMA_Start_IT
    stm32f1xx_hal_tim.o(i.HAL_TIM_DMABurst_WriteStart) refers to stm32f1xx_hal_tim.o(i.TIM_DMAError) for TIM_DMAError
    stm32f1xx_hal_tim.o(i.HAL_TIM_DMABurst_WriteStart) refers to stm32f1xx_hal_tim.o(i.TIM_DMADelayPulseCplt) for TIM_DMADelayPulseCplt
    stm32f1xx_hal_tim.o(i.HAL_TIM_DMABurst_WriteStart) refers to stm32f1xx_hal_tim.o(i.TIM_DMAPeriodElapsedCplt) for TIM_DMAPeriodElapsedCplt
    stm32f1xx_hal_tim.o(i.HAL_TIM_DMABurst_WriteStart) refers to stm32f1xx_hal_tim_ex.o(i.TIMEx_DMACommutationCplt) for TIMEx_DMACommutationCplt
    stm32f1xx_hal_tim.o(i.HAL_TIM_DMABurst_WriteStart) refers to stm32f1xx_hal_tim.o(i.TIM_DMATriggerCplt) for TIM_DMATriggerCplt
    stm32f1xx_hal_tim.o(i.HAL_TIM_DMABurst_WriteStop) refers to stm32f1xx_hal_dma.o(i.HAL_DMA_Abort) for HAL_DMA_Abort
    stm32f1xx_hal_tim.o(i.HAL_TIM_Encoder_DeInit) refers to stm32f1xx_hal_tim.o(i.HAL_TIM_Encoder_MspDeInit) for HAL_TIM_Encoder_MspDeInit
    stm32f1xx_hal_tim.o(i.HAL_TIM_Encoder_Init) refers to stm32f1xx_hal_tim.o(i.HAL_TIM_Encoder_MspInit) for HAL_TIM_Encoder_MspInit
    stm32f1xx_hal_tim.o(i.HAL_TIM_Encoder_Init) refers to stm32f1xx_hal_tim.o(i.TIM_Base_SetConfig) for TIM_Base_SetConfig
    stm32f1xx_hal_tim.o(i.HAL_TIM_Encoder_Start) refers to stm32f1xx_hal_tim.o(i.TIM_CCxChannelCmd) for TIM_CCxChannelCmd
    stm32f1xx_hal_tim.o(i.HAL_TIM_Encoder_Start_DMA) refers to stm32f1xx_hal_dma.o(i.HAL_DMA_Start_IT) for HAL_DMA_Start_IT
    stm32f1xx_hal_tim.o(i.HAL_TIM_Encoder_Start_DMA) refers to stm32f1xx_hal_tim.o(i.TIM_CCxChannelCmd) for TIM_CCxChannelCmd
    stm32f1xx_hal_tim.o(i.HAL_TIM_Encoder_Start_DMA) refers to stm32f1xx_hal_tim.o(i.TIM_DMACaptureCplt) for TIM_DMACaptureCplt
    stm32f1xx_hal_tim.o(i.HAL_TIM_Encoder_Start_DMA) refers to stm32f1xx_hal_tim.o(i.TIM_DMAError) for TIM_DMAError
    stm32f1xx_hal_tim.o(i.HAL_TIM_Encoder_Start_IT) refers to stm32f1xx_hal_tim.o(i.TIM_CCxChannelCmd) for TIM_CCxChannelCmd
    stm32f1xx_hal_tim.o(i.HAL_TIM_Encoder_Stop) refers to stm32f1xx_hal_tim.o(i.TIM_CCxChannelCmd) for TIM_CCxChannelCmd
    stm32f1xx_hal_tim.o(i.HAL_TIM_Encoder_Stop_DMA) refers to stm32f1xx_hal_tim.o(i.TIM_CCxChannelCmd) for TIM_CCxChannelCmd
    stm32f1xx_hal_tim.o(i.HAL_TIM_Encoder_Stop_IT) refers to stm32f1xx_hal_tim.o(i.TIM_CCxChannelCmd) for TIM_CCxChannelCmd
[...]
    ../clib/microlib/printf/printf.c         0x00000000   Number         0  printf7.o ABSOLUTE
    ../clib/microlib/printf/stubs.s          0x00000000   Number         0  stubs.o ABSOLUTE
    ../clib/microlib/stdio/streams.c         0x00000000   Number         0  stdout.o ABSOLUTE
    ../clib/microlib/string/memcpy.c         0x00000000   Number         0  memcpyb.o ABSOLUTE
    ../clib/microlib/string/memcpy.c         0x00000000   Number         0  memcpya.o ABSOLUTE
    ../clib/microlib/string/memset.c         0x00000000   Number         0  memseta.o ABSOLUTE
    ../clib/microlib/stubs.s                 0x00000000   Number         0  iusefp.o ABSOLUTE
    ../fplib/microlib/f2d.c                  0x00000000   Number         0  f2d.o ABSOLUTE
    ../fplib/microlib/fpadd.c                0x00000000   Number         0  dadd.o ABSOLUTE
    ../fplib/microlib/fpdiv.c                0x00000000   Number         0  ddiv.o ABSOLUTE
    ../fplib/microlib/fpepilogue.c           0x00000000   Number         0  depilogue.o ABSOLUTE
    ../fplib/microlib/fpfix.c                0x00000000   Number         0  dfixul.o ABSOLUTE
    ../fplib/microlib/fpfix.c                0x00000000   Number         0  dfixui.o ABSOLUTE
    ../fplib/microlib/fpmul.c                0x00000000   Number         0  dmul.o ABSOLUTE
    ../fplib/microlib/fpscalb.c              0x00000000   Number         0  fscalb.o ABSOLUTE
    ..\Drivers\CMSIS\Device\ST\STM32F1xx\Source\Templates\system_stm32f1xx.c 0x00000000   Number         0  system_stm32f1xx.o ABSOLUTE
    ..\Drivers\STM32F1xx_HAL_Driver\Src\stm32f1xx_hal.c 0x00000000   Number         0  stm32f1xx_hal.o ABSOLUTE
    ..\Drivers\STM32F1xx_HAL_Driver\Src\stm32f1xx_hal_cortex.c 0x00000000   Number         0  stm32f1xx_hal_cortex.o ABSOLUTE
    ..\Drivers\STM32F1xx_HAL_Driver\Src\stm32f1xx_hal_dma.c 0x00000000   Number         0  stm32f1xx_hal_dma.o ABSOLUTE
    ..\Drivers\STM32F1xx_HAL_Driver\Src\stm32f1xx_hal_flash.c 0x00000000   Number         0  stm32f1xx_hal_flash.o ABSOLUTE
    ..\Drivers\STM32F1xx_HAL_Driver\Src\stm32f1xx_hal_flash_ex.c 0x00000000   Number         0  stm32f1xx_hal_flash_ex.o ABSOLUTE
    ..\Drivers\STM32F1xx_HAL_Driver\Src\stm32f1xx_hal_gpio.c 0x00000000   Number         0  stm32f1xx_hal_gpio.o ABSOLUTE
    ..\Drivers\STM32F1xx_HAL_Driver\Src\stm32f1xx_hal_gpio_ex.c 0x00000000   Number         0  stm32f1xx_hal_gpio_ex.o ABSOLUTE
    ..\Drivers\STM32F1xx_HAL_Driver\Src\stm32f1xx_hal_pwr.c 0x00000000   Number         0  stm32f1xx_hal_pwr.o ABSOLUTE
    ..\Drivers\STM32F1xx_HAL_Driver\Src\stm32f1xx_hal_rcc.c 0x00000000   Number         0  stm32f1xx_hal_rcc.o ABSOLUTE
    ..\Drivers\STM32F1xx_HAL_Driver\Src\stm32f1xx_hal_rcc_ex.c 0x00000000   Number         0  stm32f1xx_hal_rcc_ex.o ABSOLUTE
    ..\Drivers\STM32F1xx_HAL_Driver\Src\stm32f1xx_hal_spi.c 0x00000000   Number         0  stm32f1xx_hal_spi.o ABSOLUTE
    ..\Drivers\STM32F1xx_HAL_Driver\Src\stm32f1xx_hal_spi_ex.c 0x00000000   Number         0  stm32f1xx_hal_spi_ex.o ABSOLUTE
    ..\Drivers\STM32F1xx_HAL_Driver\Src\stm32f1xx_hal_tim.c 0x00000000   Number         0  stm32f1xx_hal_tim.o ABSOLUTE
    ..\Drivers\STM32F1xx_HAL_Driver\Src\stm32f1xx_hal_tim_ex.c 0x00000000   Number         0  stm32f1xx_hal_tim_ex.o ABSOLUTE
    ..\Drivers\STM32F1xx_HAL_Driver\Src\stm32f1xx_hal_uart.c 0x00000000   Number         0  stm32f1xx_hal_uart.o ABSOLUTE
    ..\Middlewares\Third_Party\FreeRTOS\Source\CMSIS_RTOS\cmsis_os.c 0x00000000   Number         0  cmsis_os.o ABSOLUTE
    ..\Middlewares\Third_Party\FreeRTOS\Source\portable\RVDS\ARM_CM3\port.c 0x00000000   Number         0  port.o ABSOLUTE
    ..\Src\bsp.c                             0x00000000   Number         0  bsp.o ABSOLUTE
    ..\Src\data_out.c                        0x00000000   Number         0  data_out.o ABSOLUTE
    ..\Src\data_process.c                    0x00000000   Number         0  data_process.o ABSOLUTE
    ..\Src\main.c                            0x00000000   Number         0  main.o ABSOLUTE
    ..\Src\mode_set.c                        0x00000000   Number         0  mode_set.o ABSOLUTE
    ..\Src\stm32f1xx_hal_msp.c               0x00000000   Number         0  stm32f1xx_hal_msp.o ABSOLUTE
    ..\Src\stm32f1xx_hal_timebase_TIM.c      0x00000000   Number         0  stm32f1xx_hal_timebase_tim.o ABSOLUTE
    ..\Src\stm32f1xx_it.c                    0x00000000   Number         0  stm32f1xx_it.o ABSOLUTE
    ..\Src\uart_received_data_parse.c        0x00000000   Number         0  uart_received_data_parse.o ABSOLUTE
    ..\\Src\\bsp.c                           0x00000000   Number         0  bsp.o ABSOLUTE
    ..\\Src\\data_out.c                      0x00000000   Number         0  data_out.o ABSOLUTE
    ..\\Src\\data_process.c                  0x00000000   Number         0  data_process.o ABSOLUTE
    ..\\Src\\mode_set.c                      0x00000000   Number         0  mode_set.o ABSOLUTE
    ..\\Src\\uart_received_data_parse.c      0x00000000   Number         0  uart_received_data_parse.o ABSOLUTE
    cdrcmple.s                               0x00000000   Number         0  cdrcmple.o ABSOLUTE
    dc.s                                     0x00000000   Number         0  dc.o ABSOLUTE
    handlers.s                               0x00000000   Number         0  handlers.o ABSOLUTE
    init.s                                   0x00000000   Number         0  init.o ABSOLUTE
    startup_stm32f103xb.s                    0x00000000   Number         0  startup_stm32f103xb.o ABSOLUTE
    RESET                                    0x08000000   Section      236  startup_stm32f103xb.o(RESET)
    .ARM.Collect$$$$00000000                 0x080000ec   Section        0  entry.o(.ARM.Collect$$$$00000000)
    .ARM.Collect$$$$00000001                 0x080000ec   Section        4  entry2.o(.ARM.Collect$$$$00000001)
    .ARM.Collect$$$$00000004                 0x080000f0   Section        4  entry5.o(.ARM.Collect$$$$00000004)
    .ARM.Collect$$$$00000008                 0x080000f4   Section        0  entry7b.o(.ARM.Collect$$$$00000008)
    .ARM.Collect$$$$0000000A                 0x080000f4   Section        0  entry8b.o(.ARM.Collect$$$$0000000A)
    .ARM.Collect$$$$0000000B                 0x080000f4   Section        8  entry9a.o(.ARM.Collect$$$$0000000B)
    .ARM.Collect$$$$0000000D                 0x080000fc   Section        0  entry10a.o(.ARM.Collect$$$$0000000D)
    .ARM.Collect$$$$0000000F                 0x080000fc   Section        0  entry11a.o(.ARM.Collect$$$$0000000F)
    .ARM.Collect$$$$00002712                 0x080000fc   Section        4  entry2.o(.ARM.Collect$$$$00002712)
    __lit__00000000                          0x080000fc   Data           4  entry2.o(.ARM.Collect$$$$00002712)
    .emb_text                                0x08000100   Section      162  port.o(.emb_text)
    .text                                    0x080001a4   Section       36  startup_stm32f103xb.o(.text)
    .text                                    0x080001c8   Section        0  llushr.o(.text)
    .text                                    0x080001e8   Section        0  memcpya.o(.text)
    .text                                    0x0800020c   Section        0  memseta.o(.text)
    .text                                    0x08000230   Section        0  fscalb.o(.text)
    .text                                    0x08000248   Section        0  ddiv.o(.text)
    .text                                    0x08000326   Section        0  dfixui.o(.text)
    .text                                    0x08000358   Section        0  f2d.o(.text)
    .text                                    0x0800037e   Section        0  uidiv.o(.text)
    .text                                    0x080003aa   Section        0  uldiv.o(.text)
    .text                                    0x0800040c   Section        0  depilogue.o(.text)
    .text                                    0x0800040c   Section        0  iusefp.o(.text)
    .text                                    0x080004c6   Section        0  dadd.o(.text)
    .text                                    0x08000614   Section        0  dmul.o(.text)
    .text                                    0x080006f8   Section        0  dfixul.o(.text)
    .text                                    0x08000728   Section       48  cdrcmple.o(.text)
    .text                                    0x08000758   Section       36  init.o(.text)
    .text                                    0x0800077c   Section        0  llshl.o(.text)
    .text                                    0x0800079a   Section        0  llsshr.o(.text)
    i.BSP_USART_SendData                     0x080007be   Section        0  bsp.o(i.BSP_USART_SendData)
    i.BusFault_Handler                       0x080007ea   Section        0  stm32f1xx_it.o(i.BusFault_Handler)
    i.ControlOut_Init                        0x080007ec   Section        0  data_out.o(i.ControlOut_Init)
    i.ControlOut_PutControlData              0x08000814   Section        0  data_out.o(i.ControlOut_PutControlData)
    i.ControlOut_SetDACx_Voltage             0x08000834   Section        0  data_out.o(i.ControlOut_SetDACx_Voltage)
    ControlOut_SetDACx_Voltage               0x08000835   Thumb Code   228  data_out.o(i.ControlOut_SetDACx_Voltage)
    i.ControlOut_WriteTlc5615                0x08000928   Section        0  data_out.o(i.ControlOut_WriteTlc5615)
    ControlOut_WriteTlc5615                  0x08000929   Thumb Code    22  data_out.o(i.ControlOut_WriteTlc5615)
    i.DMA_SetConfig                          0x0800093e   Section        0  stm32f1xx_hal_dma.o(i.DMA_SetConfig)
    DMA_SetConfig                            0x0800093f   Thumb Code    30  stm32f1xx_hal_dma.o(i.DMA_SetConfig)
    i.DataProcess_DoProcess                  0x0800095c   Section        0  data_process.o(i.DataProcess_DoProcess)
    i.DebugMon_Handler                       0x08000a00   Section        0  stm32f1xx_it.o(i.DebugMon_Handler)
    i.HAL_DMA_Start_IT                       0x08000a02   Section        0  stm32f1xx_hal_dma.o(i.HAL_DMA_Start_IT)
    i.HAL_Delay                              0x08000a5a   Section        0  stm32f1xx_hal.o(i.HAL_Delay)
    i.HAL_GPIO_DeInit                        0x08000a70   Section        0  stm32f1xx_hal_gpio.o(i.HAL_GPIO_DeInit)
    i.HAL_GPIO_Init                          0x08000b54   Section        0  stm32f1xx_hal_gpio.o(i.HAL_GPIO_Init)
    i.HAL_GPIO_ReadPin                       0x08000d10   Section        0  stm32f1xx_hal_gpio.o(i.HAL_GPIO_ReadPin)
    i.HAL_GPIO_WritePin                      0x08000d1a   Section        0  stm32f1xx_hal_gpio.o(i.HAL_GPIO_WritePin)
    i.HAL_GetTick                            0x08000d24   Section        0  stm32f1xx_hal.o(i.HAL_GetTick)
    i.HAL_IncTick                            0x08000d30   Section        0  stm32f1xx_hal.o(i.HAL_IncTick)
    i.HAL_Init                               0x08000d40   Section        0  stm32f1xx_hal.o(i.HAL_Init)
    i.HAL_InitTick                           0x08000d64   Section        0  stm32f1xx_hal_timebase_tim.o(i.HAL_InitTick)
    i.HAL_MspInit                            0x08000dd8   Section        0  stm32f1xx_hal_msp.o(i.HAL_MspInit)
    i.HAL_NVIC_EnableIRQ                     0x08000e58   Section        0  stm32f1xx_hal_cortex.o(i.HAL_NVIC_EnableIRQ)
    i.HAL_NVIC_SetPriority                   0x08000e70   Section        0  stm32f1xx_hal_cortex.o(i.HAL_NVIC_SetPriority)
    i.HAL_NVIC_SetPriorityGrouping           0x08000eb0   Section        0  stm32f1xx_hal_cortex.o(i.HAL_NVIC_SetPriorityGrouping)
    i.HAL_RCC_ClockConfig                    0x08000ed4   Section        0  stm32f1xx_hal_rcc.o(i.HAL_RCC_ClockConfig)
    i.HAL_RCC_GetClockConfig                 0x0800105c   Section        0  stm32f1xx_hal_rcc.o(i.HAL_RCC_GetClockConfig)
    i.HAL_RCC_GetHCLKFreq                    0x0800109c   Section        0  stm32f1xx_hal_rcc.o(i.HAL_RCC_GetHCLKFreq)
    i.HAL_RCC_GetPCLK1Freq                   0x080010a8   Section        0  stm32f1xx_hal_rcc.o(i.HAL_RCC_GetPCLK1Freq)
    i.HAL_RCC_GetPCLK2Freq                   0x080010d8   Section        0  stm32f1xx_hal_rcc.o(i.HAL_RCC_GetPCLK2Freq)
    i.HAL_RCC_GetSysClockFreq                0x08001108   Section        0  stm32f1xx_hal_rcc.o(i.HAL_RCC_GetSysClockFreq)
    i.HAL_RCC_OscConfig                      0x08001190   Section        0  stm32f1xx_hal_rcc.o(i.HAL_RCC_OscConfig)
    i.HAL_SPI_DeInit                         0x0800170e   Section        0  stm32f1xx_hal_spi.o(i.HAL_SPI_DeInit)
    i.HAL_SPI_Init                           0x0800173c   Section        0  stm32f1xx_hal_spi_ex.o(i.HAL_SPI_Init)
    i.HAL_SPI_MspDeInit                      0x080017c4   Section        0  stm32f1xx_hal_msp.o(i.HAL_SPI_MspDeInit)
    i.HAL_SPI_MspInit                        0x080017ec   Section        0  stm32f1xx_hal_msp.o(i.HAL_SPI_MspInit)
    i.HAL_SPI_Transmit                       0x08001844   Section        0  stm32f1xx_hal_spi.o(i.HAL_SPI_Transmit)
    i.HAL_SYSTICK_CLKSourceConfig            0x0800198a   Section        0  stm32f1xx_hal_cortex.o(i.HAL_SYSTICK_CLKSourceConfig)
    i.HAL_SYSTICK_Config                     0x080019a2   Section        0  stm32f1xx_hal_cortex.o(i.HAL_SYSTICK_Config)
    i.HAL_TIMEx_BreakCallback                0x080019ca   Section        0  stm32f1xx_hal_tim_ex.o(i.HAL_TIMEx_BreakCallback)
    i.HAL_TIMEx_CommutationCallback          0x080019cc   Section        0  stm32f1xx_hal_tim_ex.o(i.HAL_TIMEx_CommutationCallback)
    i.HAL_TIM_Base_Init                      0x080019ce   Section        0  stm32f1xx_hal_tim.o(i.HAL_TIM_Base_Init)
    i.HAL_TIM_Base_MspInit                   0x08001a04   Section        0  stm32f1xx_hal_tim.o(i.HAL_TIM_Base_MspInit)
    i.HAL_TIM_Base_Start_IT                  0x08001a06   Section        0  stm32f1xx_hal_tim.o(i.HAL_TIM_Base_Start_IT)
    i.HAL_TIM_IC_CaptureCallback             0x08001a1e   Section        0  stm32f1xx_hal_tim.o(i.HAL_TIM_IC_CaptureCallback)
    i.HAL_TIM_IRQHandler                     0x08001a20   Section        0  stm32f1xx_hal_tim.o(i.HAL_TIM_IRQHandler)
    i.HAL_TIM_OC_DelayElapsedCallback        0x08001b86   Section        0  stm32f1xx_hal_tim.o(i.HAL_TIM_OC_DelayElapsedCallback)
    i.HAL_TIM_PWM_PulseFinishedCallback      0x08001b88   Section        0  stm32f1xx_hal_tim.o(i.HAL_TIM_PWM_PulseFinishedCallback)
    i.HAL_TIM_PeriodElapsedCallback          0x08001b8a   Section        0  stm32f1xx_hal_timebase_tim.o(i.HAL_TIM_PeriodElapsedCallback)
    i.HAL_TIM_TriggerCallback                0x08001b8e   Section        0  stm32f1xx_hal_tim.o(i.HAL_TIM_TriggerCallback)
    i.HAL_UART_ErrorCallback                 0x08001b90   Section        0  stm32f1xx_hal_uart.o(i.HAL_UART_ErrorCallback)
    i.HAL_UART_GetState                      0x08001b92   Section        0  stm32f1xx_hal_uart.o(i.HAL_UART_GetState)
    i.HAL_UART_IRQHandler                    0x08001b98   Section        0  stm32f1xx_hal_uart.o(i.HAL_UART_IRQHandler)
    i.HAL_UART_Init                          0x08001c72   Section        0  stm32f1xx_hal_uart.o(i.HAL_UART_Init)
    i.HAL_UART_MspInit                       0x08001cd0   Section        0  stm32f1xx_hal_msp.o(i.HAL_UART_MspInit)
    i.HAL_UART_Receive_DMA                   0x08001d74   Section        0  stm32f1xx_hal_uart.o(i.HAL_UART_Receive_DMA)
    i.HAL_UART_RxCpltCallback                0x08001dfc   Section        0  main.o(i.HAL_UART_RxCpltCallback)
    i.HAL_UART_RxHalfCpltCallback            0x08001e1c   Section        0  stm32f1xx_hal_uart.o(i.HAL_UART_RxHalfCpltCallback)
    i.HAL_UART_Transmit                      0x08001e20   Section        0  stm32f1xx_hal_uart.o(i.HAL_UART_Transmit)
    i.HAL_UART_TxCpltCallback                0x08001eec   Section        0  stm32f1xx_hal_uart.o(i.HAL_UART_TxCpltCallback)
    i.HardFault_Handler                      0x08001eee   Section        0  stm32f1xx_it.o(i.HardFault_Handler)
    i.MX_GPIO_Init                           0x08001ef0   Section        0  main.o(i.MX_GPIO_Init)
    MX_GPIO_Init                             0x08001ef1   Thumb Code   146  main.o(i.MX_GPIO_Init)
    i.MX_SPI1_Init                           0x08001f90   Section        0  main.o(i.MX_SPI1_Init)
    MX_SPI1_Init                             0x08001f91   Thumb Code    56  main.o(i.MX_SPI1_Init)
    i.MemManage_Handler                      0x08001fd0   Section        0  stm32f1xx_it.o(i.MemManage_Handler)
    i.ModeControl_CheckAndSetAutoMode        0x08001fd4   Section        0  mode_set.o(i.ModeControl_CheckAndSetAutoMode)
    i.ModeControl_Init                       0x08001ffc   Section        0  mode_set.o(i.ModeControl_Init)
    i.ModeControl_ReadModePinState           0x0800201c   Section        0  mode_set.o(i.ModeControl_ReadModePinState)
    ModeControl_ReadModePinState             0x0800201d   Thumb Code    10  mode_set.o(i.ModeControl_ReadModePinState)
    i.ModeControl_SelectMode                 0x0800202c   Section        0  mode_set.o(i.ModeControl_SelectMode)
    ModeControl_SelectMode                   0x0800202d   Thumb Code   110  mode_set.o(i.ModeControl_SelectMode)
    i.NMI_Handler                            0x080020a4   Section        0  stm32f1xx_it.o(i.NMI_Handler)
    i.NVIC_SetPriority                       0x080020a6   Section        0  stm32f1xx_hal_cortex.o(i.NVIC_SetPriority)
    NVIC_SetPriority                         0x080020a7   Thumb Code    32  stm32f1xx_hal_cortex.o(i.NVIC_SetPriority)
    i.SPI_WaitOnFlagUntilTimeout             0x080020c6   Section        0  stm32f1xx_hal_spi.o(i.SPI_WaitOnFlagUntilTimeout)
    SPI_WaitOnFlagUntilTimeout               0x080020c7   Thumb Code   158  stm32f1xx_hal_spi.o(i.SPI_WaitOnFlagUntilTimeout)
    i.SPIx_Error                             0x08002164   Section        0  bsp.o(i.SPIx_Error)
    i.SPIx_Write                             0x080021a8   Section        0  bsp.o(i.SPIx_Write)
    i.StartDataOutTask                       0x080021cc   Section        0  main.o(i.StartDataOutTask)
    i.StartDataParseTask                     0x080021fc   Section        0  main.o(i.StartDataParseTask)
    i.StartDataProcessTask                   0x080022a4   Section        0  main.o(i.StartDataProcessTask)
    i.StartMainTask                          0x080022e8   Section        0  main.o(i.StartMainTask)
    i.SysTick_Handler                        0x08002318   Section        0  stm32f1xx_it.o(i.SysTick_Handler)
    i.SystemClock_Config                     0x0800231c   Section        0  main.o(i.SystemClock_Config)
    i.SystemInit                             0x08002384   Section        0  system_stm32f1xx.o(i.SystemInit)
    i.TIM1_UP_IRQHandler                     0x080023cc   Section        0  stm32f1xx_it.o(i.TIM1_UP_IRQHandler)
    i.TIM_Base_SetConfig                     0x080023d8   Section        0  stm32f1xx_hal_tim.o(i.TIM_Base_SetConfig)
    i.UART_DMAError                          0x0800243c   Section        0  stm32f1xx_hal_uart.o(i.UART_DMAError)
    UART_DMAError                            0x0800243d   Thumb Code    30  stm32f1xx_hal_uart.o(i.UART_DMAError)
    i.UART_DMAReceiveCplt                    0x0800245c   Section        0  stm32f1xx_hal_uart.o(i.UART_DMAReceiveCplt)
    UART_DMAReceiveCplt                      0x0800245d   Thumb Code    54  stm32f1xx_hal_uart.o(i.UART_DMAReceiveCplt)
    i.UART_DMARxHalfCplt                     0x08002492   Section        0  stm32f1xx_hal_uart.o(i.UART_DMARxHalfCplt)
    UART_DMARxHalfCplt                       0x08002493   Thumb Code    10  stm32f1xx_hal_uart.o(i.UART_DMARxHalfCplt)
    i.UART_Receive_IT                        0x0800249c   Section        0  stm32f1xx_hal_uart.o(i.UART_Receive_IT)
    UART_Receive_IT                          0x0800249d   Thumb Code   168  stm32f1xx_hal_uart.o(i.UART_Receive_IT)
    i.UART_SetConfig                         0x08002544   Section        0  stm32f1xx_hal_uart.o(i.UART_SetConfig)
    UART_SetConfig                           0x08002545   Thumb Code   364  stm32f1xx_hal_uart.o(i.UART_SetConfig)
    i.UART_Transmit_IT                       0x080026b4   Section        0  stm32f1xx_hal_uart.o(i.UART_Transmit_IT)
    UART_Transmit_IT                         0x080026b5   Thumb Code   102  stm32f1xx_hal_uart.o(i.UART_Transmit_IT)
    i.UART_WaitOnFlagUntilTimeout            0x0800271a   Section        0  stm32f1xx_hal_uart.o(i.UART_WaitOnFlagUntilTimeout)
    UART_WaitOnFlagUntilTimeout              0x0800271b   Thumb Code   146  stm32f1xx_hal_uart.o(i.UART_WaitOnFlagUntilTimeout)
    i.USART1_IRQHandler                      0x080027ac   Section        0  stm32f1xx_it.o(i.USART1_IRQHandler)
    i.UsageFault_Handler                     0x080027b8   Section        0  stm32f1xx_it.o(i.UsageFault_Handler)
    i.__0printf                              0x080027bc   Section        0  printfa.o(i.__0printf)
    i.__scatterload_copy                     0x080027dc   Section       14  handlers.o(i.__scatterload_copy)
    i.__scatterload_null                     0x080027ea   Section        2  handlers.o(i.__scatterload_null)
    i.__scatterload_zeroinit                 0x080027ec   Section       14  handlers.o(i.__scatterload_zeroinit)
    i._fp_digits                             0x080027fc   Section        0  printfa.o(i._fp_digits)
    _fp_digits                               0x080027fd   Thumb Code   334  printfa.o(i._fp_digits)
    i._printf_core                           0x08002960   Section        0  printfa.o(i._printf_core)
    _printf_core                             0x08002961   Thumb Code  1744  printfa.o(i._printf_core)
    i._printf_post_padding                   0x0800303c   Section        0  printfa.o(i._printf_post_padding)
    _printf_post_padding                     0x0800303d   Thumb Code    36  printfa.o(i._printf_post_padding)
    i._printf_pre_padding                    0x08003060   Section        0  printfa.o(i._printf_pre_padding)
    _printf_pre_padding                      0x08003061   Thumb Code    46  printfa.o(i._printf_pre_padding)
    i.doSumCheck                             0x08003090   Section        0  uart_received_data_parse.o(i.doSumCheck)
    i.fputc                                  0x080030b0   Section        0  bsp.o(i.fputc)
    i.inHandlerMode                          0x080030c4   Section        0  cmsis_os.o(i.inHandlerMode)
    inHandlerMode                            0x080030c5   Thumb Code    12  cmsis_os.o(i.inHandlerMode)
    i.main                                   0x080030d0   Section        0  main.o(i.main)
    i.makeFreeRtosPriority                   0x080031dc   Section        0  cmsis_os.o(i.makeFreeRtosPriority)
    makeFreeRtosPriority                     0x080031dd   Thumb Code    12  cmsis_os.o(i.makeFreeRtosPriority)
    i.osDelay                                0x080031e8   Section        0  cmsis_os.o(i.osDelay)
    i.osKernelStart                          0x080031f6   Section        0  cmsis_os.o(i.osKernelStart)
    i.osMailAlloc                            0x08003200   Section        0  cmsis_os.o(i.osMailAlloc)
    i.osMailCreate                           0x0800320c   Section        0  cmsis_os.o(i.osMailCreate)
    i.osMailFree                             0x08003268   Section        0  cmsis_os.o(i.osMailFree)
    i.osMailGet                              0x08003274   Section        0  cmsis_os.o(i.osMailGet)
    i.osMailPut                              0x08003300   Section        0  cmsis_os.o(i.osMailPut)
    i.osMessageCreate                        0x08003354   Section        0  cmsis_os.o(i.osMessageCreate)
    i.osMessageGet                           0x0800335c   Section        0  cmsis_os.o(i.osMessageGet)
    i.osMessagePut                           0x080033ec   Section        0  cmsis_os.o(i.osMessagePut)
    i.osPoolAlloc                            0x08003440   Section        0  cmsis_os.o(i.osPoolAlloc)
    i.osPoolCreate                           0x080034a0   Section        0  cmsis_os.o(i.osPoolCreate)
    i.osPoolFree                             0x080034fe   Section        0  cmsis_os.o(i.osPoolFree)
    i.osSystickHandler                       0x0800352e   Section        0  cmsis_os.o(i.osSystickHandler)
    i.osThreadCreate                         0x08003542   Section        0  cmsis_os.o(i.osThreadCreate)
    i.prvAddCurrentTaskToDelayedList         0x0800357c   Section        0  tasks.o(i.prvAddCurrentTaskToDelayedList)
    prvAddCurrentTaskToDelayedList           0x0800357d   Thumb Code    48  tasks.o(i.prvAddCurrentTaskToDelayedList)
    i.prvCheckTasksWaitingTermination        0x080035b0   Section        0  tasks.o(i.prvCheckTasksWaitingTermination)
    prvCheckTasksWaitingTermination          0x080035b1   Thumb Code    76  tasks.o(i.prvCheckTasksWaitingTermination)
    i.prvCopyDataFromQueue                   0x08003604   Section        0  queue.o(i.prvCopyDataFromQueue)
    prvCopyDataFromQueue                     0x08003605   Thumb Code    38  queue.o(i.prvCopyDataFromQueue)
    i.prvCopyDataToQueue                     0x0800362a   Section        0  queue.o(i.prvCopyDataToQueue)
    prvCopyDataToQueue                       0x0800362b   Thumb Code   110  queue.o(i.prvCopyDataToQueue)
    i.prvHeapInit                            0x08003698   Section        0  heap_4.o(i.prvHeapInit)
    prvHeapInit                              0x08003699   Thumb Code    66  heap_4.o(i.prvHeapInit)
    i.prvIdleTask                            0x080036e4   Section        0  tasks.o(i.prvIdleTask)
    prvIdleTask                              0x080036e5   Thumb Code    20  tasks.o(i.prvIdleTask)
    i.prvInsertBlockIntoFreeList             0x080036fc   Section        0  heap_4.o(i.prvInsertBlockIntoFreeList)
    prvInsertBlockIntoFreeList               0x080036fd   Thumb Code    72  heap_4.o(i.prvInsertBlockIntoFreeList)
    i.prvResetNextTaskUnblockTime            0x08003748   Section        0  tasks.o(i.prvResetNextTaskUnblockTime)
    prvResetNextTaskUnblockTime              0x08003749   Thumb Code    26  tasks.o(i.prvResetNextTaskUnblockTime)
    i.prvTaskExitError                       0x08003768   Section        0  port.o(i.prvTaskExitError)
    prvTaskExitError                         0x08003769   Thumb Code    20  port.o(i.prvTaskExitError)
    i.prvUnlockQueue                         0x08003780   Section        0  queue.o(i.prvUnlockQueue)
    prvUnlockQueue                           0x08003781   Thumb Code   100  queue.o(i.prvUnlockQueue)
    i.pvPortMalloc                           0x080037e4   Section        0  heap_4.o(i.pvPortMalloc)
    i.pvTaskIncrementMutexHeldCount          0x080038a0   Section        0  tasks.o(i.pvTaskIncrementMutexHeldCount)
    i.pxPortInitialiseStack                  0x080038b8   Section        0  port.o(i.pxPortInitialiseStack)
    i.uxListRemove                           0x080038d8   Section        0  list.o(i.uxListRemove)
    i.vListInitialise                        0x080038fc   Section        0  list.o(i.vListInitialise)
    i.vListInitialiseItem                    0x08003912   Section        0  list.o(i.vListInitialiseItem)
    i.vListInsert                            0x08003918   Section        0  list.o(i.vListInsert)
    i.vListInsertEnd                         0x08003948   Section        0  list.o(i.vListInsertEnd)
    i.vPortEnterCritical                     0x08003960   Section        0  port.o(i.vPortEnterCritical)
    i.vPortExitCritical                      0x08003998   Section        0  port.o(i.vPortExitCritical)
    i.vPortFree                              0x080039bc   Section        0  heap_4.o(i.vPortFree)
    i.vPortSetupTimerInterrupt               0x08003a04   Section        0  port.o(i.vPortSetupTimerInterrupt)
    i.vPortValidateInterruptPriority         0x08003a24   Section        0  port.o(i.vPortValidateInterruptPriority)
    i.vPortYield                             0x08003a64   Section        0  port.o(i.vPortYield)
    i.vTaskDelay                             0x08003a7c   Section        0  tasks.o(i.vTaskDelay)
    i.vTaskMissedYield                       0x08003acc   Section        0  tasks.o(i.vTaskMissedYield)
    i.vTaskPlaceOnEventList                  0x08003ad8   Section        0  tasks.o(i.vTaskPlaceOnEventList)
    i.vTaskPriorityInherit                   0x08003b30   Section        0  tasks.o(i.vTaskPriorityInherit)
    i.vTaskSetTimeOutState                   0x08003bb4   Section        0  tasks.o(i.vTaskSetTimeOutState)
    i.vTaskStartScheduler                    0x08003bd0   Section        0  tasks.o(i.vTaskStartScheduler)
    i.vTaskSuspendAll                        0x08003c24   Section        0  tasks.o(i.vTaskSuspendAll)
    i.vTaskSwitchContext                     0x08003c34   Section        0  tasks.o(i.vTaskSwitchContext)
    i.xPortStartScheduler                    0x08003c88   Section        0  port.o(i.xPortStartScheduler)
    i.xPortSysTickHandler                    0x08003cfc   Section        0  port.o(i.xPortSysTickHandler)
    i.xQueueGenericCreate                    0x08003d20   Section        0  queue.o(i.xQueueGenericCreate)
    i.xQueueGenericReceive                   0x08003d70   Section        0  queue.o(i.xQueueGenericReceive)
    i.xQueueGenericReset                     0x08003e9e   Section        0  queue.o(i.xQueueGenericReset)
    i.xQueueGenericSend                      0x08003f08   Section        0  queue.o(i.xQueueGenericSend)
    i.xQueueGenericSendFromISR               0x0800401c   Section        0  queue.o(i.xQueueGenericSendFromISR)
    i.xQueueReceiveFromISR                   0x080040a8   Section        0  queue.o(i.xQueueReceiveFromISR)
    i.xSerialGetChar                         0x0800411e   Section        0  main.o(i.xSerialGetChar)
    i.xTaskCheckForTimeOut                   0x0800413c   Section        0  tasks.o(i.xTaskCheckForTimeOut)
    i.xTaskGenericCreate                     0x08004194   Section        0  tasks.o(i.xTaskGenericCreate)
    i.xTaskGetSchedulerState                 0x08004320   Section        0  tasks.o(i.xTaskGetSchedulerState)
    i.xTaskIncrementTick                     0x0800433c   Section        0  tasks.o(i.xTaskIncrementTick)
    i.xTaskPriorityDisinherit                0x080043fc   Section        0  tasks.o(i.xTaskPriorityDisinherit)
    i.xTaskRemoveFromEventList               0x08004480   Section        0  tasks.o(i.xTaskRemoveFromEventList)
    i.xTaskResumeAll                         0x080044ec   Section        0  tasks.o(i.xTaskResumeAll)
    .constdata                               0x08004598   Section      114  main.o(.constdata)
    __func__                                 0x080045fc   Data          14  main.o(.constdata)
    .constdata                               0x0800460a   Section       16  system_stm32f1xx.o(.constdata)
    .constdata                               0x0800461a   Section        8  system_stm32f1xx.o(.constdata)
    .conststring                             0x08004624   Section       56  main.o(.conststring)
    .data                                    0x20000000   Section        4  stm32f1xx_hal.o(.data)
    uwTick                                   0x20000000   Data           4  stm32f1xx_hal.o(.data)
    .data                                    0x20000004   Section        1  stm32f1xx_hal_spi_ex.o(.data)
    .data                                    0x20000008   Section       32  main.o(.data)
    .data                                    0x20000028   Section        4  main.o(.data)
    .data                                    0x2000002c   Section        4  bsp.o(.data)
    .data                                    0x20000030   Section        4  mode_set.o(.data)
    .data                                    0x20000034   Section       56  tasks.o(.data)
    uxTasksDeleted                           0x20000038   Data           4  tasks.o(.data)
    uxCurrentNumberOfTasks                   0x2000003c   Data           4  tasks.o(.data)
    xTickCount                               0x20000040   Data           4  tasks.o(.data)
    uxTopReadyPriority                       0x20000044   Data           4  tasks.o(.data)
    xSchedulerRunning                        0x20000048   Data           4  tasks.o(.data)
    uxPendedTicks                            0x2000004c   Data           4  tasks.o(.data)
    xYieldPending                            0x20000050   Data           4  tasks.o(.data)
    xNumOfOverflows                          0x20000054   Data           4  tasks.o(.data)
    uxTaskNumber                             0x20000058   Data           4  tasks.o(.data)
    xNextTaskUnblockTime                     0x2000005c   Data           4  tasks.o(.data)
    uxSchedulerSuspended                     0x20000060   Data           4  tasks.o(.data)
    pxDelayedTaskList                        0x20000064   Data           4  tasks.o(.data)
    pxOverflowDelayedTaskList                0x20000068   Data           4  tasks.o(.data)
    .data                                    0x2000006c   Section       24  heap_4.o(.data)
    pxEnd                                    0x2000006c   Data           4  heap_4.o(.data)
    xFreeBytesRemaining                      0x20000070   Data           4  heap_4.o(.data)
    xMinimumEverFreeBytesRemaining           0x20000074   Data           4  heap_4.o(.data)
    xBlockAllocatedBit                       0x20000078   Data           4  heap_4.o(.data)
    xStart                                   0x2000007c   Data           8  heap_4.o(.data)
    .data                                    0x20000084   Section       12  port.o(.data)
    ucMaxSysCallPriority                     0x20000084   Data           1  port.o(.data)
    uxCriticalNesting                        0x20000088   Data           4  port.o(.data)
    ulMaxPRIGROUPValue                       0x2000008c   Data           4  port.o(.data)
    .data                                    0x20000090   Section        4  system_stm32f1xx.o(.data)
    .data                                    0x20000094   Section        4  stdout.o(.data)
    .bss                                     0x20000098   Section      216  main.o(.bss)
    .bss                                     0x20000170   Section       60  stm32f1xx_hal_timebase_tim.o(.bss)
    .bss                                     0x200001ac   Section      240  tasks.o(.bss)
    pxReadyTasksLists                        0x200001ac   Data         140  tasks.o(.bss)
    xDelayedTaskList1                        0x20000238   Data          20  tasks.o(.bss)
    xDelayedTaskList2                        0x2000024c   Data          20  tasks.o(.bss)
    xPendingReadyList                        0x20000260   Data          20  tasks.o(.bss)
    xTasksWaitingTermination                 0x20000274   Data          20  tasks.o(.bss)
    xSuspendedTaskList                       0x20000288   Data          20  tasks.o(.bss)
    .bss                                     0x2000029c   Section     8192  heap_4.o(.bss)
    ucHeap                                   0x2000029c   Data        8192  heap_4.o(.bss)
    STACK                                    0x200022a0   Section     1024  startup_stm32f103xb.o(STACK)

    Global Symbols

    Symbol Name                              Value     Ov Type        Size  Object(Section)

    BuildAttributes$$THM_ISAv4$P$D$K$B$S$PE$A:L22UL41UL21$X:L11$S22US41US21$IEEE1$IW$USESV6$~STKCKD$USESV7$~SHL$OSPACE$ROPI$EBA8$MICROLIB$REQ8$PRES8$EABIv2 0x00000000   Number         0  anon$$obj.o ABSOLUTE
    __ARM_use_no_argv                        0x00000000   Number         0  main.o ABSOLUTE
    _printf_a                                0x00000000   Number         0  stubs.o ABSOLUTE
    _printf_c                                0x00000000   Number         0  stubs.o ABSOLUTE
    _printf_charcount                        0x00000000   Number         0  stubs.o ABSOLUTE
    _printf_d                                0x00000000   Number         0  stubs.o ABSOLUTE
    _printf_e                                0x00000000   Number         0  stubs.o ABSOLUTE
    _printf_f                                0x00000000   Number         0  stubs.o ABSOLUTE
    _printf_flags                            0x00000000   Number         0  stubs.o ABSOLUTE
    _printf_fp_dec                           0x00000000   Number         0  stubs.o ABSOLUTE
    _printf_fp_hex                           0x00000000   Number         0  stubs.o ABSOLUTE
    _printf_g                                0x00000000   Number         0  stubs.o ABSOLUTE
    _printf_i                                0x00000000   Number         0  stubs.o ABSOLUTE
    _printf_int_dec                          0x00000000   Number         0  stubs.o ABSOLUTE
    _printf_l                                0x00000000   Number         0  stubs.o ABSOLUTE
    _printf_lc                               0x00000000   Number         0  stubs.o ABSOLUTE
    _printf_ll                               0x00000000   Number         0  stubs.o ABSOLUTE
    _printf_lld                              0x00000000   Number         0  stubs.o ABSOLUTE
    _printf_lli                              0x00000000   Number         0  stubs.o ABSOLUTE
    _printf_llo                              0x00000000   Number         0  stubs.o ABSOLUTE
    _printf_llu                              0x00000000   Number         0  stubs.o ABSOLUTE
    _printf_llx                              0x00000000   Number         0  stubs.o ABSOLUTE
    _printf_longlong_dec                     0x00000000   Number         0  stubs.o ABSOLUTE
    _printf_longlong_hex                     0x00000000   Number         0  stubs.o ABSOLUTE
    _printf_longlong_oct                     0x00000000   Number         0  stubs.o ABSOLUTE
    _printf_ls                               0x00000000   Number         0  stubs.o ABSOLUTE
    _printf_mbtowc                           0x00000000   Number         0  stubs.o ABSOLUTE
    _printf_n                                0x00000000   Number         0  stubs.o ABSOLUTE
    _printf_o                                0x00000000   Number         0  stubs.o ABSOLUTE
    _printf_p                                0x00000000   Number         0  stubs.o ABSOLUTE
    _printf_percent                          0x00000000   Number         0  stubs.o ABSOLUTE
    _printf_pre_padding                      0x00000000   Number         0  stubs.o ABSOLUTE
    _printf_return_value                     0x00000000   Number         0  stubs.o ABSOLUTE
    _printf_s                                0x00000000   Number         0  stubs.o ABSOLUTE
    _printf_sizespec                         0x00000000   Number         0  stubs.o ABSOLUTE
    _printf_str                              0x00000000   Number         0  stubs.o ABSOLUTE
    _printf_truncate_signed                  0x00000000   Number         0  stubs.o ABSOLUTE
    _printf_truncate_unsigned                0x00000000   Number         0  stubs.o ABSOLUTE
    _printf_u                                0x00000000   Number         0  stubs.o ABSOLUTE
    _printf_wc                               0x00000000   Number         0  stubs.o ABSOLUTE
    _printf_wctomb                           0x00000000   Number         0  stubs.o ABSOLUTE
    _printf_widthprec                        0x00000000   Number         0  stubs.o ABSOLUTE
    _printf_x                                0x00000000   Number         0  stubs.o ABSOLUTE
    __cpp_initialize__aeabi_                  - Undefined Weak Reference
    __cxa_finalize                            - Undefined Weak Reference
    __decompress                              - Undefined Weak Reference
    _clock_init                               - Undefined Weak Reference
    _microlib_exit                            - Undefined Weak Reference
    __Vectors_Size                           0x000000ec   Number         0  startup_stm32f103xb.o ABSOLUTE
    __Vectors                                0x08000000   Data           4  startup_stm32f103xb.o(RESET)
    __Vectors_End                            0x080000ec   Data           0  startup_stm32f103xb.o(RESET)
    __main                                   0x080000ed   Thumb Code     0  entry.o(.ARM.Collect$$$$00000000)
    _main_stk                                0x080000ed   Thumb Code     0  entry2.o(.ARM.Collect$$$$00000001)
    _main_scatterload                        0x080000f1   Thumb Code     0  entry5.o(.ARM.Collect$$$$00000004)
    __main_after_scatterload                 0x080000f5   Thumb Code     0  entry5.o(.ARM.Collect$$$$00000004)
    _main_clock                              0x080000f5   Thumb Code     0  entry7b.o(.ARM.Collect$$$$00000008)
    _main_cpp_init                           0x080000f5   Thumb Code     0  entry8b.o(.ARM.Collect$$$$0000000A)
    _main_init                               0x080000f5   Thumb Code     0  entry9a.o(.ARM.Collect$$$$0000000B)
    __rt_final_cpp                           0x080000fd   Thumb Code     0  entry10a.o(.ARM.Collect$$$$0000000D)
    __rt_final_exit                          0x080000fd   Thumb Code     0  entry11a.o(.ARM.Collect$$$$0000000F)
    SVC_Handler                              0x08000101   Thumb Code    32  port.o(.emb_text)
    __asm___6_port_c_39a90d8d__prvStartFirstTask 0x08000125   Thumb Code    28  port.o(.emb_text)
    PendSV_Handler                           0x08000145   Thumb Code    64  port.o(.emb_text)
    ulPortSetInterruptMask                   0x08000189   Thumb Code    14  port.o(.emb_text)
    vPortClearInterruptMask                  0x08000197   Thumb Code     6  port.o(.emb_text)
    vPortGetIPSR                             0x0800019d   Thumb Code     6  port.o(.emb_text)
    Reset_Handler                            0x080001a5   Thumb Code     8  startup_stm32f103xb.o(.text)
    ADC1_2_IRQHandler                        0x080001bf   Thumb Code     0  startup_stm32f103xb.o(.text)
    CAN1_RX1_IRQHandler                      0x080001bf   Thumb Code     0  startup_stm32f103xb.o(.text)
    CAN1_SCE_IRQHandler                      0x080001bf   Thumb Code     0  startup_stm32f103xb.o(.text)
    DMA1_Channel1_IRQHandler                 0x080001bf   Thumb Code     0  startup_stm32f103xb.o(.text)
    DMA1_Channel2_IRQHandler                 0x080001bf   Thumb Code     0  startup_stm32f103xb.o(.text)
    DMA1_Channel3_IRQHandler                 0x080001bf   Thumb Code     0  startup_stm32f103xb.o(.text)
    DMA1_Channel4_IRQHandler                 0x080001bf   Thumb Code     0  startup_stm32f103xb.o(.text)
    DMA1_Channel5_IRQHandler                 0x080001bf   Thumb Code     0  startup_stm32f103xb.o(.text)
    DMA1_Channel6_IRQHandler                 0x080001bf   Thumb Code     0  startup_stm32f103xb.o(.text)
    DMA1_Channel7_IRQHandler                 0x080001bf   Thumb Code     0  startup_stm32f103xb.o(.text)
    EXTI0_IRQHandler                         0x080001bf   Thumb Code     0  startup_stm32f103xb.o(.text)
    EXTI15_10_IRQHandler                     0x080001bf   Thumb Code     0  startup_stm32f103xb.o(.text)
    EXTI1_IRQHandler                         0x080001bf   Thumb Code     0  startup_stm32f103xb.o(.text)
    EXTI2_IRQHandler                         0x080001bf   Thumb Code     0  startup_stm32f103xb.o(.text)
    EXTI3_IRQHandler                         0x080001bf   Thumb Code     0  startup_stm32f103xb.o(.text)
    EXTI4_IRQHandler                         0x080001bf   Thumb Code     0  startup_stm32f103xb.o(.text)
    EXTI9_5_IRQHandler                       0x080001bf   Thumb Code     0  startup_stm32f103xb.o(.text)
    FLASH_IRQHandler                         0x080001bf   Thumb Code     0  startup_stm32f103xb.o(.text)
    I2C1_ER_IRQHandler                       0x080001bf   Thumb Code     0  startup_stm32f103xb.o(.text)
    I2C1_EV_IRQHandler                       0x080001bf   Thumb Code     0  startup_stm32f103xb.o(.text)
    I2C2_ER_IRQHandler                       0x080001bf   Thumb Code     0  startup_stm32f103xb.o(.text)
    I2C2_EV_IRQHandler                       0x080001bf   Thumb Code     0  startup_stm32f103xb.o(.text)
    PVD_IRQHandler                           0x080001bf   Thumb Code     0  startup_stm32f103xb.o(.text)
    RCC_IRQHandler                           0x080001bf   Thumb Code     0  startup_stm32f103xb.o(.text)
    RTC_Alarm_IRQHandler                     0x080001bf   Thumb Code     0  startup_stm32f103xb.o(.text)
    RTC_IRQHandler                           0x080001bf   Thumb Code     0  startup_stm32f103xb.o(.text)
    SPI1_IRQHandler                          0x080001bf   Thumb Code     0  startup_stm32f103xb.o(.text)
    SPI2_IRQHandler                          0x080001bf   Thumb Code     0  startup_stm32f103xb.o(.text)
    TAMPER_IRQHandler                        0x080001bf   Thumb Code     0  startup_stm32f103xb.o(.text)
    TIM1_BRK_IRQHandler                      0x080001bf   Thumb Code     0  startup_stm32f103xb.o(.text)
    TIM1_CC_IRQHandler                       0x080001bf   Thumb Code     0  startup_stm32f103xb.o(.text)
    TIM1_TRG_COM_IRQHandler                  0x080001bf   Thumb Code     0  startup_stm32f103xb.o(.text)
    TIM2_IRQHandler                          0x080001bf   Thumb Code     0  startup_stm32f103xb.o(.text)
    TIM3_IRQHandler                          0x080001bf   Thumb Code     0  startup_stm32f103xb.o(.text)
    TIM4_IRQHandler                          0x080001bf   Thumb Code     0  startup_stm32f103xb.o(.text)
    USART2_IRQHandler                        0x080001bf   Thumb Code     0  startup_stm32f103xb.o(.text)
    USART3_IRQHandler                        0x080001bf   Thumb Code     0  startup_stm32f103xb.o(.text)
    USBWakeUp_IRQHandler                     0x080001bf   Thumb Code     0  startup_stm32f103xb.o(.text)
    USB_HP_CAN1_TX_IRQHandler                0x080001bf   Thumb Code     0  startup_stm32f103xb.o(.text)
    USB_LP_CAN1_RX0_IRQHandler               0x080001bf   Thumb Code     0  startup_stm32f103xb.o(.text)
    WWDG_IRQHandler                          0x080001bf   Thumb Code     0  startup_stm32f103xb.o(.text)
    __aeabi_llsr                             0x080001c9   Thumb Code    32  llushr.o(.text)
    _ll_ushift_r                             0x080001c9   Thumb Code     0  llushr.o(.text)
    __aeabi_memcpy                           0x080001e9   Thumb Code    36  memcpya.o(.text)
    __aeabi_memcpy4                          0x080001e9   Thumb Code     0  memcpya.o(.text)
    __aeabi_memcpy8                          0x080001e9   Thumb Code     0  memcpya.o(.text)
    __aeabi_memset                           0x0800020d   Thumb Code    14  memseta.o(.text)
    __aeabi_memset4                          0x0800020d   Thumb Code     0  memseta.o(.text)
    __aeabi_memset8                          0x0800020d   Thumb Code     0  memseta.o(.text)
    __aeabi_memclr                           0x0800021b   Thumb Code     4  memseta.o(.text)
    __aeabi_memclr4                          0x0800021b   Thumb Code     0  memseta.o(.text)
    __aeabi_memclr8                          0x0800021b   Thumb Code     0  memseta.o(.text)
    _memset$wrapper                          0x0800021f   Thumb Code    18  memseta.o(.text)
    __ARM_scalbnf                            0x08000231   Thumb Code    24  fscalb.o(.text)
    scalbnf                                  0x08000231   Thumb Code     0  fscalb.o(.text)
    __aeabi_ddiv                             0x08000249   Thumb Code   222  ddiv.o(.text)
    __aeabi_d2uiz                            0x08000327   Thumb Code    50  dfixui.o(.text)
    __aeabi_f2d                              0x08000359   Thumb Code    38  f2d.o(.text)
    __aeabi_uidiv                            0x0800037f   Thumb Code     0  uidiv.o(.text)
    __aeabi_uidivmod                         0x0800037f   Thumb Code    44  uidiv.o(.text)
    __aeabi_uldivmod                         0x080003ab   Thumb Code    98  uldiv.o(.text)
    __I$use$fp                               0x0800040d   Thumb Code     0  iusefp.o(.text)
    _double_round                            0x0800040d   Thumb Code    30  depilogue.o(.text)
    _double_epilogue                         0x0800042b   Thumb Code   156  depilogue.o(.text)
    __aeabi_dadd                             0x080004c7   Thumb Code   322  dadd.o(.text)
    __aeabi_dsub                             0x08000609   Thumb Code     6  dadd.o(.text)
    __aeabi_drsub                            0x0800060f   Thumb Code     6  dadd.o(.text)
    __aeabi_dmul                             0x08000615   Thumb Code   228  dmul.o(.text)
    __aeabi_d2ulz                            0x080006f9   Thumb Code    48  dfixul.o(.text)
    __aeabi_cdrcmple                         0x08000729   Thumb Code    48  cdrcmple.o(.text)
    __scatterload                            0x08000759   Thumb Code    28  init.o(.text)
    __scatterload_rt2                        0x08000759   Thumb Code     0  init.o(.text)
    __aeabi_llsl                             0x0800077d   Thumb Code    30  llshl.o(.text)
    _ll_shift_l                              0x0800077d   Thumb Code     0  llshl.o(.text)
    __aeabi_lasr                             0x0800079b   Thumb Code    36  llsshr.o(.text)
    _ll_sshift_r                             0x0800079b   Thumb Code     0  llsshr.o(.text)
    BSP_USART_SendData                       0x080007bf   Thumb Code    44  bsp.o(i.BSP_USART_SendData)
    BusFault_Handler                         0x080007eb   Thumb Code     2  stm32f1xx_it.o(i.BusFault_Handler)
    ControlOut_Init                          0x080007ed   Thumb Code    34  data_out.o(i.ControlOut_Init)
    ControlOut_PutControlData                0x08000815   Thumb Code    32  data_out.o(i.ControlOut_PutControlData)
    DataProcess_DoProcess                    0x0800095d   Thumb Code    76  data_process.o(i.DataProcess_DoProcess)
    DebugMon_Handler                         0x08000a01   Thumb Code     2  stm32f1xx_it.o(i.DebugMon_Handler)
    HAL_DMA_Start_IT                         0x08000a03   Thumb Code    88  stm32f1xx_hal_dma.o(i.HAL_DMA_Start_IT)
    HAL_Delay                                0x08000a5b   Thumb Code    22  stm32f1xx_hal.o(i.HAL_Delay)
    HAL_GPIO_DeInit                          0x08000a71   Thumb Code   204  stm32f1xx_hal_gpio.o(i.HAL_GPIO_DeInit)
    HAL_GPIO_Init                            0x08000b55   Thumb Code   408  stm32f1xx_hal_gpio.o(i.HAL_GPIO_Init)
    HAL_GPIO_ReadPin                         0x08000d11   Thumb Code    10  stm32f1xx_hal_gpio.o(i.HAL_GPIO_ReadPin)
    HAL_GPIO_WritePin                        0x08000d1b   Thumb Code    10  stm32f1xx_hal_gpio.o(i.HAL_GPIO_WritePin)
    HAL_GetTick                              0x08000d25   Thumb Code     6  stm32f1xx_hal.o(i.HAL_GetTick)
    HAL_IncTick                              0x08000d31   Thumb Code    10  stm32f1xx_hal.o(i.HAL_IncTick)
    HAL_Init                                 0x08000d41   Thumb Code    32  stm32f1xx_hal.o(i.HAL_Init)
    HAL_InitTick                             0x08000d65   Thumb Code    98  stm32f1xx_hal_timebase_tim.o(i.HAL_InitTick)
    HAL_MspInit                              0x08000dd9   Thumb Code   118  stm32f1xx_hal_msp.o(i.HAL_MspInit)
    HAL_NVIC_EnableIRQ                       0x08000e59   Thumb Code    22  stm32f1xx_hal_cortex.o(i.HAL_NVIC_EnableIRQ)
    HAL_NVIC_SetPriority                     0x08000e71   Thumb Code    60  stm32f1xx_hal_cortex.o(i.HAL_NVIC_SetPriority)
    HAL_NVIC_SetPriorityGrouping             0x08000eb1   Thumb Code    26  stm32f1xx_hal_cortex.o(i.HAL_NVIC_SetPriorityGrouping)
    HAL_RCC_ClockConfig                      0x08000ed5   Thumb Code   374  stm32f1xx_hal_rcc.o(i.HAL_RCC_ClockConfig)
    HAL_RCC_GetClockConfig                   0x0800105d   Thumb Code    54  stm32f1xx_hal_rcc.o(i.HAL_RCC_GetClockConfig)
    HAL_RCC_GetHCLKFreq                      0x0800109d   Thumb Code     6  stm32f1xx_hal_rcc.o(i.HAL_RCC_GetHCLKFreq)
    HAL_RCC_GetPCLK1Freq                     0x080010a9   Thumb Code    34  stm32f1xx_hal_rcc.o(i.HAL_RCC_GetPCLK1Freq)
    HAL_RCC_GetPCLK2Freq                     0x080010d9   Thumb Code    34  stm32f1xx_hal_rcc.o(i.HAL_RCC_GetPCLK2Freq)
    HAL_RCC_GetSysClockFreq                  0x08001109   Thumb Code   102  stm32f1xx_hal_rcc.o(i.HAL_RCC_GetSysClockFreq)
    HAL_RCC_OscConfig                        0x08001191   Thumb Code  1406  stm32f1xx_hal_rcc.o(i.HAL_RCC_OscConfig)
    HAL_SPI_DeInit                           0x0800170f   Thumb Code    46  stm32f1xx_hal_spi.o(i.HAL_SPI_DeInit)
    HAL_SPI_Init                             0x0800173d   Thumb Code   132  stm32f1xx_hal_spi_ex.o(i.HAL_SPI_Init)
    HAL_SPI_MspDeInit                        0x080017c5   Thumb Code    28  stm32f1xx_hal_msp.o(i.HAL_SPI_MspDeInit)
    HAL_SPI_MspInit                          0x080017ed   Thumb Code    74  stm32f1xx_hal_msp.o(i.HAL_SPI_MspInit)
    HAL_SPI_Transmit                         0x08001845   Thumb Code   326  stm32f1xx_hal_spi.o(i.HAL_SPI_Transmit)
    HAL_SYSTICK_CLKSourceConfig              0x0800198b   Thumb Code    24  stm32f1xx_hal_cortex.o(i.HAL_SYSTICK_CLKSourceConfig)
    HAL_SYSTICK_Config                       0x080019a3   Thumb Code    40  stm32f1xx_hal_cortex.o(i.HAL_SYSTICK_Config)
    HAL_TIMEx_BreakCallback                  0x080019cb   Thumb Code     2  stm32f1xx_hal_tim_ex.o(i.HAL_TIMEx_BreakCallback)
    HAL_TIMEx_CommutationCallback            0x080019cd   Thumb Code     2  stm32f1xx_hal_tim_ex.o(i.HAL_TIMEx_CommutationCallback)
    HAL_TIM_Base_Init                        0x080019cf   Thumb Code    54  stm32f1xx_hal_tim.o(i.HAL_TIM_Base_Init)
    HAL_TIM_Base_MspInit                     0x08001a05   Thumb Code     2  stm32f1xx_hal_tim.o(i.HAL_TIM_Base_MspInit)
    HAL_TIM_Base_Start_IT                    0x08001a07   Thumb Code    24  stm32f1xx_hal_tim.o(i.HAL_TIM_Base_Start_IT)
    HAL_TIM_IC_CaptureCallback               0x08001a1f   Thumb Code     2  stm32f1xx_hal_tim.o(i.HAL_TIM_IC_CaptureCallback)
    HAL_TIM_IRQHandler                       0x08001a21   Thumb Code   358  stm32f1xx_hal_tim.o(i.HAL_TIM_IRQHandler)
    HAL_TIM_OC_DelayElapsedCallback          0x08001b87   Thumb Code     2  stm32f1xx_hal_tim.o(i.HAL_TIM_OC_DelayElapsedCallback)
    HAL_TIM_PWM_PulseFinishedCallback        0x08001b89   Thumb Code     2  stm32f1xx_hal_tim.o(i.HAL_TIM_PWM_PulseFinishedCallback)
    HAL_TIM_PeriodElapsedCallback            0x08001b8b   Thumb Code     4  stm32f1xx_hal_timebase_tim.o(i.HAL_TIM_PeriodElapsedCallback)
    HAL_TIM_TriggerCallback                  0x08001b8f   Thumb Code     2  stm32f1xx_hal_tim.o(i.HAL_TIM_TriggerCallback)
    HAL_UART_ErrorCallback                   0x08001b91   Thumb Code     2  stm32f1xx_hal_uart.o(i.HAL_UART_ErrorCallback)
    HAL_UART_GetState                        0x08001b93   Thumb Code     6  stm32f1xx_hal_uart.o(i.HAL_UART_GetState)
    HAL_UART_IRQHandler                      0x08001b99   Thumb Code   218  stm32f1xx_hal_uart.o(i.HAL_UART_IRQHandler)
    HAL_UART_Init                            0x08001c73   Thumb Code    94  stm32f1xx_hal_uart.o(i.HAL_UART_Init)
    HAL_UART_MspInit                         0x08001cd1   Thumb Code   146  stm32f1xx_hal_msp.o(i.HAL_UART_MspInit)
    HAL_UART_Receive_DMA                     0x08001d75   Thumb Code   122  stm32f1xx_hal_uart.o(i.HAL_UART_Receive_DMA)
    HAL_UART_RxCpltCallback                  0x08001dfd   Thumb Code    22  main.o(i.HAL_UART_RxCpltCallback)
    HAL_UART_RxHalfCpltCallback              0x08001e1d   Thumb Code     2  stm32f1xx_hal_uart.o(i.HAL_UART_RxHalfCpltCallback)
    HAL_UART_Transmit                        0x08001e21   Thumb Code   204  stm32f1xx_hal_uart.o(i.HAL_UART_Transmit)
    HAL_UART_TxCpltCallback                  0x08001eed   Thumb Code     2  stm32f1xx_hal_uart.o(i.HAL_UART_TxCpltCallback)
    HardFault_Handler                        0x08001eef   Thumb Code     2  stm32f1xx_it.o(i.HardFault_Handler)
    MemManage_Handler                        0x08001fd1   Thumb Code     2  stm32f1xx_it.o(i.MemManage_Handler)
    ModeControl_CheckAndSetAutoMode          0x08001fd5   Thumb Code    34  mode_set.o(i.ModeControl_CheckAndSetAutoMode)
    ModeControl_Init                         0x08001ffd   Thumb Code    26  mode_set.o(i.ModeControl_Init)
    NMI_Handler                              0x080020a5   Thumb Code     2  stm32f1xx_it.o(i.NMI_Handler)
    SPIx_Error                               0x08002165   Thumb Code    60  bsp.o(i.SPIx_Error)
    SPIx_Write                               0x080021a9   Thumb Code    26  bsp.o(i.SPIx_Write)
    StartDataOutTask                         0x080021cd   Thumb Code    42  main.o(i.StartDataOutTask)
    StartDataParseTask                       0x080021fd   Thumb Code   164  main.o(i.StartDataParseTask)
    StartDataProcessTask                     0x080022a5   Thumb Code    62  main.o(i.StartDataProcessTask)
    StartMainTask                            0x080022e9   Thumb Code    26  main.o(i.StartMainTask)
    SysTick_Handler                          0x08002319   Thumb Code     4  stm32f1xx_it.o(i.SysTick_Handler)
    SystemClock_Config                       0x0800231d   Thumb Code   102  main.o(i.SystemClock_Config)
    SystemInit                               0x08002385   Thumb Code    56  system_stm32f1xx.o(i.SystemInit)
    TIM1_UP_IRQHandler                       0x080023cd   Thumb Code     6  stm32f1xx_it.o(i.TIM1_UP_IRQHandler)
    TIM_Base_SetConfig                       0x080023d9   Thumb Code    86  stm32f1xx_hal_tim.o(i.TIM_Base_SetConfig)
    USART1_IRQHandler                        0x080027ad   Thumb Code     6  stm32f1xx_it.o(i.USART1_IRQHandler)
    UsageFault_Handler                       0x080027b9   Thumb Code     2  stm32f1xx_it.o(i.UsageFault_Handler)
    __0printf                                0x080027bd   Thumb Code    22  printfa.o(i.__0printf)
    __1printf                                0x080027bd   Thumb Code     0  printfa.o(i.__0printf)
    __2printf                                0x080027bd   Thumb Code     0  printfa.o(i.__0printf)
    __c89printf                              0x080027bd   Thumb Code     0  printfa.o(i.__0printf)
    printf                                   0x080027bd   Thumb Code     0  printfa.o(i.__0printf)
    __scatterload_copy                       0x080027dd   Thumb Code    14  handlers.o(i.__scatterload_copy)
    __scatterload_null                       0x080027eb   Thumb Code     2  handlers.o(i.__scatterload_null)
    __scatterload_zeroinit                   0x080027ed   Thumb Code    14  handlers.o(i.__scatterload_zeroinit)
    doSumCheck                               0x08003091   Thumb Code    30  uart_received_data_parse.o(i.doSumCheck)
    fputc                                    0x080030b1   Thumb Code    16  bsp.o(i.fputc)
    main                                     0x080030d1   Thumb Code   246  main.o(i.main)
    osDelay                                  0x080031e9   Thumb Code    14  cmsis_os.o(i.osDelay)
    osKernelStart                            0x080031f7   Thumb Code    10  cmsis_os.o(i.osKernelStart)
    osMailAlloc                              0x08003201   Thumb Code    12  cmsis_os.o(i.osMailAlloc)
    osMailCreate                             0x0800320d   Thumb Code    92  cmsis_os.o(i.osMailCreate)
    osMailFree                               0x08003269   Thumb Code    12  cmsis_os.o(i.osMailFree)
    osMailGet                                0x08003275   Thumb Code   134  cmsis_os.o(i.osMailGet)
    osMailPut                                0x08003301   Thumb Code    80  cmsis_os.o(i.osMailPut)
    osMessageCreate                          0x08003355   Thumb Code     8  cmsis_os.o(i.osMessageCreate)
    osMessageGet                             0x0800335d   Thumb Code   138  cmsis_os.o(i.osMessageGet)
    osMessagePut                             0x080033ed   Thumb Code    78  cmsis_os.o(i.osMessagePut)
    osPoolAlloc                              0x08003441   Thumb Code    96  cmsis_os.o(i.osPoolAlloc)
    osPoolCreate                             0x080034a1   Thumb Code    94  cmsis_os.o(i.osPoolCreate)
    osPoolFree                               0x080034ff   Thumb Code    48  cmsis_os.o(i.osPoolFree)
    osSystickHandler                         0x0800352f   Thumb Code    20  cmsis_os.o(i.osSystickHandler)
    osThreadCreate                           0x08003543   Thumb Code    56  cmsis_os.o(i.osThreadCreate)
    pvPortMalloc                             0x080037e5   Thumb Code   182  heap_4.o(i.pvPortMalloc)
    pvTaskIncrementMutexHeldCount            0x080038a1   Thumb Code    18  tasks.o(i.pvTaskIncrementMutexHeldCount)
    pxPortInitialiseStack                    0x080038b9   Thumb Code    28  port.o(i.pxPortInitialiseStack)
    uxListRemove                             0x080038d9   Thumb Code    36  list.o(i.uxListRemove)
    vListInitialise                          0x080038fd   Thumb Code    22  list.o(i.vListInitialise)
    vListInitialiseItem                      0x08003913   Thumb Code     6  list.o(i.vListInitialiseItem)
    vListInsert                              0x08003919   Thumb Code    48  list.o(i.vListInsert)
    vListInsertEnd                           0x08003949   Thumb Code    24  list.o(i.vListInsertEnd)
    vPortEnterCritical                       0x08003961   Thumb Code    46  port.o(i.vPortEnterCritical)
    vPortExitCritical                        0x08003999   Thumb Code    30  port.o(i.vPortExitCritical)
    vPortFree                                0x080039bd   Thumb Code    68  heap_4.o(i.vPortFree)
    vPortSetupTimerInterrupt                 0x08003a05   Thumb Code    26  port.o(i.vPortSetupTimerInterrupt)
    vPortValidateInterruptPriority           0x08003a25   Thumb Code    54  port.o(i.vPortValidateInterruptPriority)
    vPortYield                               0x08003a65   Thumb Code    18  port.o(i.vPortYield)
    vTaskDelay                               0x08003a7d   Thumb Code    76  tasks.o(i.vTaskDelay)
    vTaskMissedYield                         0x08003acd   Thumb Code     8  tasks.o(i.vTaskMissedYield)
    vTaskPlaceOnEventList                    0x08003ad9   Thumb Code    80  tasks.o(i.vTaskPlaceOnEventList)
    vTaskPriorityInherit                     0x08003b31   Thumb Code   124  tasks.o(i.vTaskPriorityInherit)
    vTaskSetTimeOutState                     0x08003bb5   Thumb Code    22  tasks.o(i.vTaskSetTimeOutState)
    vTaskStartScheduler                      0x08003bd1   Thumb Code    66  tasks.o(i.vTaskStartScheduler)
    vTaskSuspendAll                          0x08003c25   Thumb Code    10  tasks.o(i.vTaskSuspendAll)
    vTaskSwitchContext                       0x08003c35   Thumb Code    74  tasks.o(i.vTaskSwitchContext)
    xPortStartScheduler                      0x08003c89   Thumb Code   102  port.o(i.xPortStartScheduler)
    xPortSysTickHandler                      0x08003cfd   Thumb Code    30  port.o(i.xPortSysTickHandler)
    xQueueGenericCreate                      0x08003d21   Thumb Code    80  queue.o(i.xQueueGenericCreate)
    xQueueGenericReceive                     0x08003d71   Thumb Code   302  queue.o(i.xQueueGenericReceive)
    xQueueGenericReset                       0x08003e9f   Thumb Code   106  queue.o(i.xQueueGenericReset)
    xQueueGenericSend                        0x08003f09   Thumb Code   276  queue.o(i.xQueueGenericSend)
    xQueueGenericSendFromISR                 0x0800401d   Thumb Code   140  queue.o(i.xQueueGenericSendFromISR)
    xQueueReceiveFromISR                     0x080040a9   Thumb Code   118  queue.o(i.xQueueReceiveFromISR)
    xSerialGetChar                           0x0800411f   Thumb Code    30  main.o(i.xSerialGetChar)
    xTaskCheckForTimeOut                     0x0800413d   Thumb Code    82  tasks.o(i.xTaskCheckForTimeOut)
    xTaskGenericCreate                       0x08004195   Thumb Code   388  tasks.o(i.xTaskGenericCreate)
    xTaskGetSchedulerState                   0x08004321   Thumb Code    22  tasks.o(i.xTaskGetSchedulerState)
    xTaskIncrementTick                       0x0800433d   Thumb Code   184  tasks.o(i.xTaskIncrementTick)
    xTaskPriorityDisinherit                  0x080043fd   Thumb Code   124  tasks.o(i.xTaskPriorityDisinherit)
    xTaskRemoveFromEventList                 0x08004481   Thumb Code    98  tasks.o(i.xTaskRemoveFromEventList)
    xTaskResumeAll                           0x080044ed   Thumb Code   162  tasks.o(i.xTaskResumeAll)
    os_mailQ_def_gSenorDataMail              0x080045a0   Data          12  main.o(.constdata)
    AHBPrescTable                            0x0800460a   Data          16  system_stm32f1xx.o(.constdata)
    APBPrescTable                            0x0800461a   Data           8  system_stm32f1xx.o(.constdata)
    Region$$Table$$Base                      0x0800465c   Number         0  anon$$obj.o(Region$$Table)
    Region$$Table$$Limit                     0x0800467c   Number         0  anon$$obj.o(Region$$Table)
    uCRCErrorWorkaroundCheck                 0x20000004   Data           1  stm32f1xx_hal_spi_ex.o(.data)
    gUSART1_RX_TMP                           0x20000008   Data           1  main.o(.data)
    MainTaskHandle                           0x2000000c   Data           4  main.o(.data)
    DataParseTaskHandle                      0x20000010   Data           4  main.o(.data)
    DataProcessTaskHandle                    0x20000014   Data           4  main.o(.data)
    DataOutTaskHandle                        0x20000018   Data           4  main.o(.data)
    ReceiveDataQueueHandle                   0x2000001c   Data           4  main.o(.data)
    gSenorDataMail                           0x20000020   Data           4  main.o(.data)
    gControlDataMail                         0x20000024   Data           4  main.o(.data)
    os_mailQ_cb_gSenorDataMail               0x20000028   Data           4  main.o(.data)
    SpixTimeout                              0x2000002c   Data           4  bsp.o(.data)
    gCurrentControl_Mode                     0x20000030   Data           1  mode_set.o(.data)
    gLasControl_Mode                         0x20000031   Data           1  mode_set.o(.data)
    gCurrent_SelectPinstate                  0x20000032   Data           1  mode_set.o(.data)
    gLast_SelectPinstate                     0x20000033   Data           1  mode_set.o(.data)
    pxCurrentTCB                             0x20000034   Data           4  tasks.o(.data)
    SystemCoreClock                          0x20000090   Data           4  system_stm32f1xx.o(.data)
    __stdout                                 0x20000094   Data           4  stdout.o(.data)
    hspi1                                    0x20000098   Data          88  main.o(.bss)
    huart1                                   0x200000f0   Data          64  main.o(.bss)
    huart2                                   0x20000130   Data          64  main.o(.bss)
    htim1                                    0x20000170   Data          60  stm32f1xx_hal_timebase_tim.o(.bss)
    __initial_sp                             0x200026a0   Data           0  startup_stm32f103xb.o(STACK)



==============================================================================

Memory Map of the image

  Image Entry point : 0x080000ed

  Load Region LR_IROM1 (Base: 0x08000000, Size: 0x00004714, Max: 0x00020000, ABSOLUTE)

    Execution Region ER_IROM1 (Base: 0x08000000, Size: 0x0000467c, Max: 0x00020000, ABSOLUTE)

    Base Addr    Size         Type   Attr      Idx    E Section Name        Object

    0x08000000   0x000000ec   Data   RO         2943    RESET               startup_stm32f103xb.o
    0x080000ec   0x00000000   Code   RO         3998  * .ARM.Collect$$$$00000000  mc_w.l(entry.o)
    0x080000ec   0x00000004   Code   RO         4278    .ARM.Collect$$$$00000001  mc_w.l(entry2.o)
    0x080000f0   0x00000004   Code   RO         4281    .ARM.Collect$$$$00000004  mc_w.l(entry5.o)
    0x080000f4   0x00000000   Code   RO         4283    .ARM.Collect$$$$00000008  mc_w.l(entry7b.o)
    0x080000f4   0x00000000   Code   RO         4285    .ARM.Collect$$$$0000000A  mc_w.l(entry8b.o)
    0x080000f4   0x00000008   Code   RO         4286    .ARM.Collect$$$$0000000B  mc_w.l(entry9a.o)
    0x080000fc   0x00000000   Code   RO         4288    .ARM.Collect$$$$0000000D  mc_w.l(entry10a.o)
    0x080000fc   0x00000000   Code   RO         4290    .ARM.Collect$$$$0000000F  mc_w.l(entry11a.o)
    0x080000fc   0x00000004   Code   RO         4279    .ARM.Collect$$$$00002712  mc_w.l(entry2.o)
    0x08000100   0x000000a2   Code   RO         3306    .emb_text           port.o
    0x080001a2   0x00000002   PAD
    0x080001a4   0x00000024   Code   RO         2944    .text               startup_stm32f103xb.o
    0x080001c8   0x00000020   Code   RO         4001    .text               mc_w.l(llushr.o)
    0x080001e8   0x00000024   Code   RO         4003    .text               mc_w.l(memcpya.o)
    0x0800020c   0x00000024   Code   RO         4005    .text               mc_w.l(memseta.o)
    0x08000230   0x00000018   Code   RO         4270    .text               mf_w.l(fscalb.o)
    0x08000248   0x000000de   Code   RO         4272    .text               mf_w.l(ddiv.o)
    0x08000326   0x00000032   Code   RO         4274    .text               mf_w.l(dfixui.o)
    0x08000358   0x00000026   Code   RO         4276    .text               mf_w.l(f2d.o)
    0x0800037e   0x0000002c   Code   RO         4293    .text               mc_w.l(uidiv.o)
    0x080003aa   0x00000062   Code   RO         4295    .text               mc_w.l(uldiv.o)
    0x0800040c   0x00000000   Code   RO         4297    .text               mc_w.l(iusefp.o)
    0x0800040c   0x000000ba   Code   RO         4298    .text               mf_w.l(depilogue.o)
    0x080004c6   0x0000014e   Code   RO         4300    .text               mf_w.l(dadd.o)
    0x08000614   0x000000e4   Code   RO         4302    .text               mf_w.l(dmul.o)
    0x080006f8   0x00000030   Code   RO         4304    .text               mf_w.l(dfixul.o)
    0x08000728   0x00000030   Code   RO         4306    .text               mf_w.l(cdrcmple.o)
    0x08000758   0x00000024   Code   RO         4308    .text               mc_w.l(init.o)
    0x0800077c   0x0000001e   Code   RO         4310    .text               mc_w.l(llshl.o)
    0x0800079a   0x00000024   Code   RO         4312    .text               mc_w.l(llsshr.o)
    0x080007be   0x0000002c   Code   RO         2706    i.BSP_USART_SendData  bsp.o
    0x080007ea   0x00000002   Code   RO         2514    i.BusFault_Handler  stm32f1xx_it.o
    0x080007ec   0x00000028   Code   RO         2854    i.ControlOut_Init   data_out.o
    0x08000814   0x00000020   Code   RO         2855    i.ControlOut_PutControlData  data_out.o
    0x08000834   0x000000f4   Code   RO         2856    i.ControlOut_SetDACx_Voltage  data_out.o
    0x08000928   0x00000016   Code   RO         2857    i.ControlOut_WriteTlc5615  data_out.o
    0x0800093e   0x0000001e   Code   RO         2083    i.DMA_SetConfig     stm32f1xx_hal_dma.o
    0x0800095c   0x000000a4   Code   RO         2798    i.DataProcess_DoProcess  data_process.o
    0x08000a00   0x00000002   Code   RO         2515    i.DebugMon_Handler  stm32f1xx_it.o
    0x08000a02   0x00000058   Code   RO         2092    i.HAL_DMA_Start_IT  stm32f1xx_hal_dma.o
    0x08000a5a   0x00000016   Code   RO         1683    i.HAL_Delay         stm32f1xx_hal.o
    0x08000a70   0x000000e4   Code   RO         1029    i.HAL_GPIO_DeInit   stm32f1xx_hal_gpio.o
    0x08000b54   0x000001bc   Code   RO         1032    i.HAL_GPIO_Init     stm32f1xx_hal_gpio.o
    0x08000d10   0x0000000a   Code   RO         1034    i.HAL_GPIO_ReadPin  stm32f1xx_hal_gpio.o
    0x08000d1a   0x0000000a   Code   RO         1036    i.HAL_GPIO_WritePin  stm32f1xx_hal_gpio.o
    0x08000d24   0x0000000c   Code   RO         1687    i.HAL_GetTick       stm32f1xx_hal.o
    0x08000d30   0x00000010   Code   RO         1688    i.HAL_IncTick       stm32f1xx_hal.o
    0x08000d40   0x00000024   Code   RO         1689    i.HAL_Init          stm32f1xx_hal.o
    0x08000d64   0x00000074   Code   RO         2609    i.HAL_InitTick      stm32f1xx_hal_timebase_tim.o
    0x08000dd8   0x00000080   Code   RO         2655    i.HAL_MspInit       stm32f1xx_hal_msp.o
    0x08000e58   0x00000016   Code   RO          829    i.HAL_NVIC_EnableIRQ  stm32f1xx_hal_cortex.o
    0x08000e6e   0x00000002   PAD
    0x08000e70   0x00000040   Code   RO          835    i.HAL_NVIC_SetPriority  stm32f1xx_hal_cortex.o
    0x08000eb0   0x00000024   Code   RO          836    i.HAL_NVIC_SetPriorityGrouping  stm32f1xx_hal_cortex.o
    0x08000ed4   0x00000188   Code   RO          726    i.HAL_RCC_ClockConfig  stm32f1xx_hal_rcc.o
    0x0800105c   0x00000040   Code   RO          730    i.HAL_RCC_GetClockConfig  stm32f1xx_hal_rcc.o
    0x0800109c   0x0000000c   Code   RO          731    i.HAL_RCC_GetHCLKFreq  stm32f1xx_hal_rcc.o
    0x080010a8   0x00000030   Code   RO          733    i.HAL_RCC_GetPCLK1Freq  stm32f1xx_hal_rcc.o
    0x080010d8   0x00000030   Code   RO          734    i.HAL_RCC_GetPCLK2Freq  stm32f1xx_hal_rcc.o
    0x08001108   0x00000088   Code   RO          735    i.HAL_RCC_GetSysClockFreq  stm32f1xx_hal_rcc.o
    0x08001190   0x0000057e   Code   RO          738    i.HAL_RCC_OscConfig  stm32f1xx_hal_rcc.o
    0x0800170e   0x0000002e   Code   RO         1098    i.HAL_SPI_DeInit    stm32f1xx_hal_spi.o
    0x0800173c   0x00000088   Code   RO         2321    i.HAL_SPI_Init      stm32f1xx_hal_spi_ex.o
    0x080017c4   0x00000028   Code   RO         2656    i.HAL_SPI_MspDeInit  stm32f1xx_hal_msp.o
    0x080017ec   0x00000058   Code   RO         2657    i.HAL_SPI_MspInit   stm32f1xx_hal_msp.o
    0x08001844   0x00000146   Code   RO         1111    i.HAL_SPI_Transmit  stm32f1xx_hal_spi.o
    0x0800198a   0x00000018   Code   RO          838    i.HAL_SYSTICK_CLKSourceConfig  stm32f1xx_hal_cortex.o
    0x080019a2   0x00000028   Code   RO          840    i.HAL_SYSTICK_Config  stm32f1xx_hal_cortex.o
    0x080019ca   0x00000002   Code   RO         1443    i.HAL_TIMEx_BreakCallback  stm32f1xx_hal_tim_ex.o
    0x080019cc   0x00000002   Code   RO         1444    i.HAL_TIMEx_CommutationCallback  stm32f1xx_hal_tim_ex.o
    0x080019ce   0x00000036   Code   RO            6    i.HAL_TIM_Base_Init  stm32f1xx_hal_tim.o
    0x08001a04   0x00000002   Code   RO            8    i.HAL_TIM_Base_MspInit  stm32f1xx_hal_tim.o
    0x08001a06   0x00000018   Code   RO           11    i.HAL_TIM_Base_Start_IT  stm32f1xx_hal_tim.o
    0x08001a1e   0x00000002   Code   RO           35    i.HAL_TIM_IC_CaptureCallback  stm32f1xx_hal_tim.o
    0x08001a20   0x00000166   Code   RO           48    i.HAL_TIM_IRQHandler  stm32f1xx_hal_tim.o
    0x08001b86   0x00000002   Code   RO           51    i.HAL_TIM_OC_DelayElapsedCallback  stm32f1xx_hal_tim.o
    0x08001b88   0x00000002   Code   RO           78    i.HAL_TIM_PWM_PulseFinishedCallback  stm32f1xx_hal_tim.o
    0x08001b8a   0x00000004   Code   RO         2612    i.HAL_TIM_PeriodElapsedCallback  stm32f1xx_hal_timebase_tim.o
    0x08001b8e   0x00000002   Code   RO           89    i.HAL_TIM_TriggerCallback  stm32f1xx_hal_tim.o
    0x08001b90   0x00000002   Code   RO         1822    i.HAL_UART_ErrorCallback  stm32f1xx_hal_uart.o
    0x08001b92   0x00000006   Code   RO         1824    i.HAL_UART_GetState  stm32f1xx_hal_uart.o
    0x08001b98   0x000000da   Code   RO         1825    i.HAL_UART_IRQHandler  stm32f1xx_hal_uart.o
    0x08001c72   0x0000005e   Code   RO         1826    i.HAL_UART_Init     stm32f1xx_hal_uart.o
    0x08001cd0   0x000000a4   Code   RO         2659    i.HAL_UART_MspInit  stm32f1xx_hal_msp.o
    0x08001d74   0x00000088   Code   RO         1830    i.HAL_UART_Receive_DMA  stm32f1xx_hal_uart.o
    0x08001dfc   0x00000020   Code   RO         2355    i.HAL_UART_RxCpltCallback  main.o
    0x08001e1c   0x00000002   Code   RO         1833    i.HAL_UART_RxHalfCpltCallback  stm32f1xx_hal_uart.o
    0x08001e1e   0x00000002   PAD
    0x08001e20   0x000000cc   Code   RO         1834    i.HAL_UART_Transmit  stm32f1xx_hal_uart.o
    0x08001eec   0x00000002   Code   RO         1837    i.HAL_UART_TxCpltCallback  stm32f1xx_hal_uart.o
    0x08001eee   0x00000002   Code   RO         2516    i.HardFault_Handler  stm32f1xx_it.o
    0x08001ef0   0x000000a0   Code   RO         2356    i.MX_GPIO_Init      main.o
    0x08001f90   0x00000040   Code   RO         2357    i.MX_SPI1_Init      main.o
    0x08001fd0   0x00000002   Code   RO         2517    i.MemManage_Handler  stm32f1xx_it.o
    0x08001fd2   0x00000002   PAD
    0x08001fd4   0x00000028   Code   RO         2901    i.ModeControl_CheckAndSetAutoMode  mode_set.o
    0x08001ffc   0x00000020   Code   RO         2902    i.ModeControl_Init  mode_set.o
    0x0800201c   0x00000010   Code   RO         2903    i.ModeControl_ReadModePinState  mode_set.o
    0x0800202c   0x00000078   Code   RO         2904    i.ModeControl_SelectMode  mode_set.o
    0x080020a4   0x00000002   Code   RO         2518    i.NMI_Handler       stm32f1xx_it.o
    0x080020a6   0x00000020   Code   RO          842    i.NVIC_SetPriority  stm32f1xx_hal_cortex.o
    0x080020c6   0x0000009e   Code   RO         1134    i.SPI_WaitOnFlagUntilTimeout  stm32f1xx_hal_spi.o
    0x08002164   0x00000044   Code   RO         2707    i.SPIx_Error        bsp.o
    0x080021a8   0x00000024   Code   RO         2709    i.SPIx_Write        bsp.o
    0x080021cc   0x00000030   Code   RO         2358    i.StartDataOutTask  main.o
    0x080021fc   0x000000a8   Code   RO         2359    i.StartDataParseTask  main.o
    0x080022a4   0x00000044   Code   RO         2360    i.StartDataProcessTask  main.o
    0x080022e8   0x00000030   Code   RO         2361    i.StartMainTask     main.o
    0x08002318   0x00000004   Code   RO         2519    i.SysTick_Handler   stm32f1xx_it.o
    0x0800231c   0x00000066   Code   RO         2362    i.SystemClock_Config  main.o
    0x08002382   0x00000002   PAD
    0x08002384   0x00000048   Code   RO         3964    i.SystemInit        system_stm32f1xx.o
    0x080023cc   0x0000000c   Code   RO         2520    i.TIM1_UP_IRQHandler  stm32f1xx_it.o
    0x080023d8   0x00000064   Code   RO           90    i.TIM_Base_SetConfig  stm32f1xx_hal_tim.o
    0x0800243c   0x0000001e   Code   RO         1839    i.UART_DMAError     stm32f1xx_hal_uart.o
    0x0800245a   0x00000002   PAD
    0x0800245c   0x00000036   Code   RO         1840    i.UART_DMAReceiveCplt  stm32f1xx_hal_uart.o
    0x08002492   0x0000000a   Code   RO         1841    i.UART_DMARxHalfCplt  stm32f1xx_hal_uart.o
    0x0800249c   0x000000a8   Code   RO         1844    i.UART_Receive_IT   stm32f1xx_hal_uart.o
    0x08002544   0x00000170   Code   RO         1845    i.UART_SetConfig    stm32f1xx_hal_uart.o
    0x080026b4   0x00000066   Code   RO         1846    i.UART_Transmit_IT  stm32f1xx_hal_uart.o
    0x0800271a   0x00000092   Code   RO         1847    i.UART_WaitOnFlagUntilTimeout  stm32f1xx_hal_uart.o
    0x080027ac   0x0000000c   Code   RO         2521    i.USART1_IRQHandler  stm32f1xx_it.o
    0x080027b8   0x00000002   Code   RO         2522    i.UsageFault_Handler  stm32f1xx_it.o
    0x080027ba   0x00000002   PAD
    0x080027bc   0x00000020   Code   RO         4242    i.__0printf         mc_w.l(printfa.o)
    0x080027dc   0x0000000e   Code   RO         4316    i.__scatterload_copy  mc_w.l(handlers.o)
    0x080027ea   0x00000002   Code   RO         4317    i.__scatterload_null  mc_w.l(handlers.o)
    0x080027ec   0x0000000e   Code   RO         4318    i.__scatterload_zeroinit  mc_w.l(handlers.o)
    0x080027fa   0x00000002   PAD
    0x080027fc   0x00000164   Code   RO         4249    i._fp_digits        mc_w.l(printfa.o)
    0x08002960   0x000006dc   Code   RO         4250    i._printf_core      mc_w.l(printfa.o)
    0x0800303c   0x00000024   Code   RO         4251    i._printf_post_padding  mc_w.l(printfa.o)
    0x08003060   0x0000002e   Code   RO         4252    i._printf_pre_padding  mc_w.l(printfa.o)
    0x0800308e   0x00000002   PAD
    0x08003090   0x0000001e   Code   RO         2826    i.doSumCheck        uart_received_data_parse.o
    0x080030ae   0x00000002   PAD
    0x080030b0   0x00000014   Code   RO         2710    i.fputc             bsp.o
    0x080030c4   0x0000000c   Code   RO         3379    i.inHandlerMode     cmsis_os.o
    0x080030d0   0x0000010c   Code   RO         2363    i.main              main.o
    0x080031dc   0x0000000c   Code   RO         3381    i.makeFreeRtosPriority  cmsis_os.o
    0x080031e8   0x0000000e   Code   RO         3382    i.osDelay           cmsis_os.o
    0x080031f6   0x0000000a   Code   RO         3385    i.osKernelStart     cmsis_os.o
    0x08003200   0x0000000c   Code   RO         3387    i.osMailAlloc       cmsis_os.o
    0x0800320c   0x0000005c   Code   RO         3389    i.osMailCreate      cmsis_os.o
    0x08003268   0x0000000c   Code   RO         3390    i.osMailFree        cmsis_os.o
    0x08003274   0x0000008c   Code   RO         3391    i.osMailGet         cmsis_os.o
    0x08003300   0x00000054   Code   RO         3392    i.osMailPut         cmsis_os.o
    0x08003354   0x00000008   Code   RO         3393    i.osMessageCreate   cmsis_os.o
    0x0800335c   0x00000090   Code   RO         3394    i.osMessageGet      cmsis_os.o
    0x080033ec   0x00000054   Code   RO         3396    i.osMessagePut      cmsis_os.o
    0x08003440   0x00000060   Code   RO         3401    i.osPoolAlloc       cmsis_os.o
    0x080034a0   0x0000005e   Code   RO         3403    i.osPoolCreate      cmsis_os.o
    0x080034fe   0x00000030   Code   RO         3404    i.osPoolFree        cmsis_os.o
    0x0800352e   0x00000014   Code   RO         3414    i.osSystickHandler  cmsis_os.o
    0x08003542   0x00000038   Code   RO         3415    i.osThreadCreate    cmsis_os.o
    0x0800357a   0x00000002   PAD
    0x0800357c   0x00000034   Code   RO         2948    i.prvAddCurrentTaskToDelayedList  tasks.o
    0x080035b0   0x00000054   Code   RO         2949    i.prvCheckTasksWaitingTermination  tasks.o
    0x08003604   0x00000026   Code   RO         3816    i.prvCopyDataFromQueue  queue.o
    0x0800362a   0x0000006e   Code   RO         3817    i.prvCopyDataToQueue  queue.o
    0x08003698   0x0000004c   Code   RO         3251    i.prvHeapInit       heap_4.o
    0x080036e4   0x00000018   Code   RO         2950    i.prvIdleTask       tasks.o
    0x080036fc   0x0000004c   Code   RO         3252    i.prvInsertBlockIntoFreeList  heap_4.o
    0x08003748   0x00000020   Code   RO         2952    i.prvResetNextTaskUnblockTime  tasks.o
    0x08003768   0x00000018   Code   RO         3307    i.prvTaskExitError  port.o
    0x08003780   0x00000064   Code   RO         3818    i.prvUnlockQueue    queue.o
    0x080037e4   0x000000bc   Code   RO         3253    i.pvPortMalloc      heap_4.o
    0x080038a0   0x00000018   Code   RO         2954    i.pvTaskIncrementMutexHeldCount  tasks.o
    0x080038b8   0x00000020   Code   RO         3308    i.pxPortInitialiseStack  port.o
    0x080038d8   0x00000024   Code   RO         3709    i.uxListRemove      list.o
    0x080038fc   0x00000016   Code   RO         3710    i.vListInitialise   list.o
    0x08003912   0x00000006   Code   RO         3711    i.vListInitialiseItem  list.o
    0x08003918   0x00000030   Code   RO         3712    i.vListInsert       list.o
    0x08003948   0x00000018   Code   RO         3713    i.vListInsertEnd    list.o
    0x08003960   0x00000038   Code   RO         3310    i.vPortEnterCritical  port.o
    0x08003998   0x00000024   Code   RO         3311    i.vPortExitCritical  port.o
    0x080039bc   0x00000048   Code   RO         3254    i.vPortFree         heap_4.o
    0x08003a04   0x00000020   Code   RO         3312    i.vPortSetupTimerInterrupt  port.o
    0x08003a24   0x00000040   Code   RO         3313    i.vPortValidateInterruptPriority  port.o
    0x08003a64   0x00000018   Code   RO         3314    i.vPortYield        port.o
    0x08003a7c   0x00000050   Code   RO         2962    i.vTaskDelay        tasks.o
    0x08003acc   0x0000000c   Code   RO         2965    i.vTaskMissedYield  tasks.o
    0x08003ad8   0x00000058   Code   RO         2967    i.vTaskPlaceOnEventList  tasks.o
    0x08003b30   0x00000084   Code   RO         2969    i.vTaskPriorityInherit  tasks.o
    0x08003bb4   0x0000001c   Code   RO         2973    i.vTaskSetTimeOutState  tasks.o
    0x08003bd0   0x00000054   Code   RO         2974    i.vTaskStartScheduler  tasks.o
    0x08003c24   0x00000010   Code   RO         2976    i.vTaskSuspendAll   tasks.o
    0x08003c34   0x00000054   Code   RO         2977    i.vTaskSwitchContext  tasks.o
    0x08003c88   0x00000074   Code   RO         3315    i.xPortStartScheduler  port.o
    0x08003cfc   0x00000024   Code   RO         3316    i.xPortSysTickHandler  port.o
    0x08003d20   0x00000050   Code   RO         3829    i.xQueueGenericCreate  queue.o
    0x08003d70   0x0000012e   Code   RO         3830    i.xQueueGenericReceive  queue.o
    0x08003e9e   0x0000006a   Code   RO         3831    i.xQueueGenericReset  queue.o
    0x08003f08   0x00000114   Code   RO         3832    i.xQueueGenericSend  queue.o
    0x0800401c   0x0000008c   Code   RO         3833    i.xQueueGenericSendFromISR  queue.o
    0x080040a8   0x00000076   Code   RO         3838    i.xQueueReceiveFromISR  queue.o
    0x0800411e   0x0000001e   Code   RO         2364    i.xSerialGetChar    main.o
    0x0800413c   0x00000058   Code   RO         2978    i.xTaskCheckForTimeOut  tasks.o
    0x08004194   0x0000018c   Code   RO         2979    i.xTaskGenericCreate  tasks.o
    0x08004320   0x0000001c   Code   RO         2983    i.xTaskGetSchedulerState  tasks.o
    0x0800433c   0x000000c0   Code   RO         2986    i.xTaskIncrementTick  tasks.o
    0x080043fc   0x00000084   Code   RO         2989    i.xTaskPriorityDisinherit  tasks.o
    0x08004480   0x0000006c   Code   RO         2990    i.xTaskRemoveFromEventList  tasks.o
    0x080044ec   0x000000ac   Code   RO         2992    i.xTaskResumeAll    tasks.o
    0x08004598   0x00000072   Data   RO         2367    .constdata          main.o
    0x0800460a   0x00000010   Data   RO         3965    .constdata          system_stm32f1xx.o
    0x0800461a   0x00000008   Data   RO         3966    .constdata          system_stm32f1xx.o
    0x08004622   0x00000002   PAD
    0x08004624   0x00000038   Data   RO         2369    .conststring        main.o
    0x0800465c   0x00000020   Data   RO         4314    Region$$Table       anon$$obj.o


    Execution Region RW_IRAM1 (Base: 0x20000000, Size: 0x000026a0, Max: 0x00005000, ABSOLUTE)

    Base Addr    Size         Type   Attr      Idx    E Section Name        Object

    0x20000000   0x00000004   Data   RW         1695    .data               stm32f1xx_hal.o
    0x20000004   0x00000001   Data   RW         2323    .data               stm32f1xx_hal_spi_ex.o
    0x20000005   0x00000003   PAD
    0x20000008   0x00000020   Data   RW         2370    .data               main.o
    0x20000028   0x00000004   Data   RW         2372    .data               main.o
    0x2000002c   0x00000004   Data   RW         2712    .data               bsp.o
    0x20000030   0x00000004   Data   RW         2905    .data               mode_set.o
    0x20000034   0x00000038   Data   RW         2995    .data               tasks.o
    0x2000006c   0x00000018   Data   RW         3259    .data               heap_4.o
    0x20000084   0x0000000c   Data   RW         3317    .data               port.o
    0x20000090   0x00000004   Data   RW         3967    .data               system_stm32f1xx.o
    0x20000094   0x00000004   Data   RW         4292    .data               mc_w.l(stdout.o)
    0x20000098   0x000000d8   Zero   RW         2366    .bss                main.o
    0x20000170   0x0000003c   Zero   RW         2613    .bss                stm32f1xx_hal_timebase_tim.o
    0x200001ac   0x000000f0   Zero   RW         2994    .bss                tasks.o
    0x2000029c   0x00002000   Zero   RW         3258    .bss                heap_4.o
    0x2000229c   0x00000004   PAD
    0x200022a0   0x00000400   Zero   RW         2941    STACK               startup_stm32f103xb.o


==============================================================================

Image component sizes


      Code (inc. data)   RO Data    RW Data    ZI Data      Debug   Object Name

       168         22          0          4          0       4857   bsp.o
       938         22          0          0          0      19742   cmsis_os.o
       338         22          0          0          0       3102   data_out.o
       164         88          0          0          0       1152   data_process.o
       412         24          0         24       8192       4663   heap_4.o
       136          0          0          0          0       3826   list.o
       988         92        170         36        216      33060   main.o
       208         28          0          4          0       4390   mode_set.o
       582         78          0         12          0       9418   port.o
      1270          0          0          0          0      11416   queue.o
        36          8        236          0       1024        836   startup_stm32f103xb.o
        86         16          0          4          0       3439   stm32f1xx_hal.o
       218         14          0          0          0      26861   stm32f1xx_hal_cortex.o
       118          0          0          0          0       2155   stm32f1xx_hal_dma.o
       692         60          0          0          0       4997   stm32f1xx_hal_gpio.o
       420         54          0          0          0       3111   stm32f1xx_hal_msp.o
      2106        108          0          0          0       7025   stm32f1xx_hal_rcc.o
       530          0          0          0          0       3536   stm32f1xx_hal_spi.o
       136          4          0          1          0       1570   stm32f1xx_hal_spi_ex.o
       546         14          0          0          0     465394   stm32f1xx_hal_tim.o
         4          0          0          0          0       1774   stm32f1xx_hal_tim_ex.o
       120         18          0          0         60       2224   stm32f1xx_hal_timebase_tim.o
      1542         18          0          0          0      12206   stm32f1xx_hal_uart.o
        40         12          0          0          0       4444   stm32f1xx_it.o
        72         16         24          4          0       1599   system_stm32f1xx.o
      1856        148          0         56        240      21600   tasks.o
        30          0          0          0          0       1165   uart_received_data_parse.o

    ----------------------------------------------------------------------
     13774        866        464        148       9736     659562   Object Totals
         0          0         32          0          0          0   (incl. Generated)
        18          0          2          3          4          0   (incl. Padding)

    ----------------------------------------------------------------------

      Code (inc. data)   RO Data    RW Data    ZI Data      Debug   Library Member Name

         0          0          0          0          0          0   entry.o
         0          0          0          0          0          0   entry10a.o
         0          0          0          0          0          0   entry11a.o
         8          4          0          0          0          0   entry2.o
         4          0          0          0          0          0   entry5.o
         0          0          0          0          0          0   entry7b.o
         0          0          0          0          0          0   entry8b.o
         8          4          0          0          0          0   entry9a.o
        30          0          0          0          0          0   handlers.o
        36          8          0          0          0         68   init.o
         0          0          0          0          0          0   iusefp.o
        30          0          0          0          0         68   llshl.o
        36          0          0          0          0         68   llsshr.o
        32          0          0          0          0         68   llushr.o
        36          0          0          0          0         68   memcpya.o
        36          0          0          0          0        108   memseta.o
      2226         90          0          0          0        444   printfa.o
         0          0          0          4          0          0   stdout.o
        44          0          0          0          0         80   uidiv.o
        98          0          0          0          0         92   uldiv.o
        48          0          0          0          0         68   cdrcmple.o
       334          0          0          0          0        148   dadd.o
       222          0          0          0          0        100   ddiv.o
       186          0          0          0          0        176   depilogue.o
        50          0          0          0          0         76   dfixui.o
        48          0          0          0          0         68   dfixul.o
       228          0          0          0          0         96   dmul.o
        38          0          0          0          0         68   f2d.o
        24          0          0          0          0         68   fscalb.o

    ----------------------------------------------------------------------
      3806        106          0          4          0       1932   Library Totals
         4          0          0          0          0          0   (incl. Padding)

    ----------------------------------------------------------------------

      Code (inc. data)   RO Data    RW Data    ZI Data      Debug   Library Name

      2624        106          0          4          0       1064   mc_w.l
      1178          0          0          0          0        868   mf_w.l

    ----------------------------------------------------------------------
      3806        106          0          4          0       1932   Library Totals

    ----------------------------------------------------------------------

==============================================================================


      Code (inc. data)   RO Data    RW Data    ZI Data      Debug   

     17580        972        464        152       9736     652598   Grand Totals
     17580        972        464        152       9736     652598   ELF Image Totals
     17580        972        464        152          0          0   ROM Totals

==============================================================================

    Total RO  Size (Code + RO Data)                18044 (  17.62kB)
    Total RW  Size (RW Data + ZI Data)              9888 (   9.66kB)
    Total ROM Size (Code + RO Data + RW Data)      18196 (  17.77kB)

==============================================================================

