<html>
<body>
<pre>
<h1>礦ision Build Log</h1>
<h2>Tool Versions:</h2>
IDE-Version: μVision V5.17.0.0
Copyright (C) 2015 ARM Ltd and ARM Germany GmbH. All rights reserved.
License Information: Chongde Zi, ChongDe, LIC=ATTTG-VM306-45QT5-G2PSV-3ITF2-HB5L7
 
Tool Versions:
Toolchain:       MDK-ARM Standard  Version: 5.17
Toolchain Path:  F:\DevelopTool\Keil\ARM\ARMCC\Bin
C Compiler:      Armcc.exe V5.06 update 1 (build 61)
Assembler:       Armasm.exe V5.06 update 1 (build 61)
Linker/Locator:  ArmLink.exe V5.06 update 1 (build 61)
Library Manager: ArmAr.exe V5.06 update 1 (build 61)
Hex Converter:   FromElf.exe V5.06 update 1 (build 61)
CPU DLL:         SARMCM3.DLL V5.17
Dialog DLL:      DCM.DLL V1.13.4.0
Target DLL:      STLink\ST-LINKIII-KEIL_SWO.dll V2.0.18.0
Dialog DLL:      TCM.DLL V1.14.6.0
 
<h2>Project:</h2>
H:\我的文档\GitHub\VehicleAutoLanding\VehicleAutoLandingControl_useRC\VehicleAutoLandingControl_useRC\FOR_STM32F103CBTx\MDK-ARM\FOR_STM32F103CBTx.uvprojx
Project File Date:  06/27/2016

<h2>Output:</h2>
*** Using Compiler 'V5.06 update 1 (build 61)', folder: 'F:\DevelopTool\Keil\ARM\ARMCC\Bin'
Build target 'FOR_STM32F103CBTx'
compiling stm32f1xx_hal_rcc.c...
compiling stm32f1xx_hal_cortex.c...
compiling stm32f1xx_hal_tim.c...
compiling stm32f1xx_hal_flash_ex.c...
compiling stm32f1xx_hal_gpio.c...
compiling stm32f1xx_hal_spi.c...
compiling stm32f1xx_hal_flash.c...
compiling stm32f1xx_hal_tim_ex.c...
compiling stm32f1xx_hal.c...
compiling stm32f1xx_hal_gpio_ex.c...
compiling stm32f1xx_hal_uart.c...
compiling stm32f1xx_hal_dma.c...
compiling stm32f1xx_hal_pwr.c...
compiling stm32f1xx_hal_spi_ex.c...
compiling stm32f1xx_hal_rcc_ex.c...
compiling main.c...
compiling stm32f1xx_it.c...
compiling freertos.c...
compiling stm32f1xx_hal_timebase_TIM.c...
compiling stm32f1xx_hal_msp.c...
compiling bsp.c...
compiling data_process.c...
compiling uart_received_data_parse.c...
compiling data_out.c...
compiling mode_set.c...
assembling startup_stm32f103xb.s...
compiling tasks.c...
compiling croutine.c...
compiling heap_4.c...
compiling timers.c...
compiling cmsis_os.c...
compiling port.c...
compiling list.c...
compiling event_groups.c...
compiling queue.c...
compiling system_stm32f1xx.c...
linking...
Program Size: Code=19884 RO-data=588 RW-data=160 ZI-data=17016  
FromELF: creating hex file...
"FOR_STM32F103CBTx\FOR_STM32F103CBTx.axf" - 0 Error(s), 0 Warning(s).

<h2>Software Packages used:</h2>

Package Vendor: ARM
                http://www.keil.com/pack/ARM.CMSIS.4.5.0.pack
                ARM::CMSIS:CORE:4.3.0
                CMSIS (Cortex Microcontroller Software Interface Standard)
   * Component: CORE Version: 4.3.0

<h2>Collection of Component include folders:</h2>
  H:\我的文档\GitHub\VehicleAutoLanding\VehicleAutoLandingControl_useRC\VehicleAutoLandingControl_useRC\FOR_STM32F103CBTx\MDK-ARM\RTE
  F:\DevelopTool\Keil\ARM\PACK\ARM\CMSIS\4.5.0\CMSIS\Include
  F:\DevelopTool\Keil\ARM\PACK\Keil\STM32F1xx_DFP\2.0.0\Device\Include

<h2>Collection of Component Files used:</h2>

   * Component: ARM::CMSIS:CORE:4.3.0
Build Time Elapsed:  00:02:21
</pre>
</body>
</html>
