Component: ARM Compiler 5.06 update 1 (build 61) Tool: armlink [4d35a8]

==============================================================================

Section Cross References

    stm32f1xx_hal_tim.o(i.HAL_TIM_Base_DeInit) refers to main.o(i.assert_failed) for assert_failed
    stm32f1xx_hal_tim.o(i.HAL_TIM_Base_DeInit) refers to stm32f1xx_hal_tim.o(i.HAL_TIM_Base_MspDeInit) for HAL_TIM_Base_MspDeInit
    stm32f1xx_hal_tim.o(i.HAL_TIM_Base_Init) refers to main.o(i.assert_failed) for assert_failed
    stm32f1xx_hal_tim.o(i.HAL_TIM_Base_Init) refers to stm32f1xx_hal_tim.o(i.HAL_TIM_Base_MspInit) for HAL_TIM_Base_MspInit
    stm32f1xx_hal_tim.o(i.HAL_TIM_Base_Init) refers to stm32f1xx_hal_tim.o(i.TIM_Base_SetConfig) for TIM_Base_SetConfig
    stm32f1xx_hal_tim.o(i.HAL_TIM_Base_Start) refers to main.o(i.assert_failed) for assert_failed
    stm32f1xx_hal_tim.o(i.HAL_TIM_Base_Start_DMA) refers to main.o(i.assert_failed) for assert_failed
    stm32f1xx_hal_tim.o(i.HAL_TIM_Base_Start_DMA) refers to stm32f1xx_hal_dma.o(i.HAL_DMA_Start_IT) for HAL_DMA_Start_IT
    stm32f1xx_hal_tim.o(i.HAL_TIM_Base_Start_DMA) refers to stm32f1xx_hal_tim.o(i.TIM_DMAPeriodElapsedCplt) for TIM_DMAPeriodElapsedCplt
    stm32f1xx_hal_tim.o(i.HAL_TIM_Base_Start_DMA) refers to stm32f1xx_hal_tim.o(i.TIM_DMAError) for TIM_DMAError
    stm32f1xx_hal_tim.o(i.HAL_TIM_Base_Start_IT) refers to main.o(i.assert_failed) for assert_failed
    stm32f1xx_hal_tim.o(i.HAL_TIM_Base_Stop) refers to main.o(i.assert_failed) for assert_failed
    stm32f1xx_hal_tim.o(i.HAL_TIM_Base_Stop_DMA) refers to main.o(i.assert_failed) for assert_failed
    stm32f1xx_hal_tim.o(i.HAL_TIM_Base_Stop_IT) refers to main.o(i.assert_failed) for assert_failed
    stm32f1xx_hal_tim.o(i.HAL_TIM_ConfigClockSource) refers to main.o(i.assert_failed) for assert_failed
    stm32f1xx_hal_tim.o(i.HAL_TIM_ConfigClockSource) refers to stm32f1xx_hal_tim.o(i.TIM_ETR_SetConfig) for TIM_ETR_SetConfig
    stm32f1xx_hal_tim.o(i.HAL_TIM_ConfigClockSource) refers to stm32f1xx_hal_tim.o(i.TIM_TI1_ConfigInputStage) for TIM_TI1_ConfigInputStage
    stm32f1xx_hal_tim.o(i.HAL_TIM_ConfigClockSource) refers to stm32f1xx_hal_tim.o(i.TIM_TI2_ConfigInputStage) for TIM_TI2_ConfigInputStage
    stm32f1xx_hal_tim.o(i.HAL_TIM_ConfigClockSource) refers to stm32f1xx_hal_tim.o(i.TIM_ITRx_SetConfig) for TIM_ITRx_SetConfig
    stm32f1xx_hal_tim.o(i.HAL_TIM_ConfigOCrefClear) refers to main.o(i.assert_failed) for assert_failed
    stm32f1xx_hal_tim.o(i.HAL_TIM_ConfigOCrefClear) refers to stm32f1xx_hal_tim.o(i.TIM_ETR_SetConfig) for TIM_ETR_SetConfig
    stm32f1xx_hal_tim.o(i.HAL_TIM_ConfigTI1Input) refers to main.o(i.assert_failed) for assert_failed
    stm32f1xx_hal_tim.o(i.HAL_TIM_DMABurst_ReadStart) refers to main.o(i.assert_failed) for assert_failed
    stm32f1xx_hal_tim.o(i.HAL_TIM_DMABurst_ReadStart) refers to stm32f1xx_hal_dma.o(i.HAL_DMA_Start_IT) for HAL_DMA_Start_IT
    stm32f1xx_hal_tim.o(i.HAL_TIM_DMABurst_ReadStart) refers to stm32f1xx_hal_tim.o(i.TIM_DMAError) for TIM_DMAError
    stm32f1xx_hal_tim.o(i.HAL_TIM_DMABurst_ReadStart) refers to stm32f1xx_hal_tim.o(i.TIM_DMACaptureCplt) for TIM_DMACaptureCplt
    stm32f1xx_hal_tim.o(i.HAL_TIM_DMABurst_ReadStart) refers to stm32f1xx_hal_tim.o(i.TIM_DMAPeriodElapsedCplt) for TIM_DMAPeriodElapsedCplt
    stm32f1xx_hal_tim.o(i.HAL_TIM_DMABurst_ReadStart) refers to stm32f1xx_hal_tim_ex.o(i.TIMEx_DMACommutationCplt) for TIMEx_DMACommutationCplt
    stm32f1xx_hal_tim.o(i.HAL_TIM_DMABurst_ReadStart) refers to stm32f1xx_hal_tim.o(i.TIM_DMATriggerCplt) for TIM_DMATriggerCplt
    stm32f1xx_hal_tim.o(i.HAL_TIM_DMABurst_ReadStop) refers to main.o(i.assert_failed) for assert_failed
    stm32f1xx_hal_tim.o(i.HAL_TIM_DMABurst_ReadStop) refers to stm32f1xx_hal_dma.o(i.HAL_DMA_Abort) for HAL_DMA_Abort
    stm32f1xx_hal_tim.o(i.HAL_TIM_DMABurst_WriteStart) refers to main.o(i.assert_failed) for assert_failed
    stm32f1xx_hal_tim.o(i.HAL_TIM_DMABurst_WriteStart) refers to stm32f1xx_hal_dma.o(i.HAL_DMA_Start_IT) for HAL_DMA_Start_IT
    stm32f1xx_hal_tim.o(i.HAL_TIM_DMABurst_WriteStart) refers to stm32f1xx_hal_tim.o(i.TIM_DMAError) for TIM_DMAError
    stm32f1xx_hal_tim.o(i.HAL_TIM_DMABurst_WriteStart) refers to stm32f1xx_hal_tim.o(i.TIM_DMADelayPulseCplt) for TIM_DMADelayPulseCplt
    stm32f1xx_hal_tim.o(i.HAL_TIM_DMABurst_WriteStart) refers to stm32f1xx_hal_tim.o(i.TIM_DMAPeriodElapsedCplt) for TIM_DMAPeriodElapsedCplt
    stm32f1xx_hal_tim.o(i.HAL_TIM_DMABurst_WriteStart) refers to stm32f1xx_hal_tim_ex.o(i.TIMEx_DMACommutationCplt) for TIMEx_DMACommutationCplt
    stm32f1xx_hal_tim.o(i.HAL_TIM_DMABurst_WriteStart) refers to stm32f1xx_hal_tim.o(i.TIM_DMATriggerCplt) for TIM_DMATriggerCplt
    stm32f1xx_hal_tim.o(i.HAL_TIM_DMABurst_WriteStop) refers to main.o(i.assert_failed) for assert_failed
    stm32f1xx_hal_tim.o(i.HAL_TIM_DMABurst_WriteStop) refers to stm32f1xx_hal_dma.o(i.HAL_DMA_Abort) for HAL_DMA_Abort
[...]
    .text                                    0x080006da   Section        0  llshl.o(.text)
    .text                                    0x080006f8   Section        0  llsshr.o(.text)
    .text                                    0x0800071c   Section        0  fepilogue.o(.text)
    .text                                    0x0800071c   Section        0  iusefp.o(.text)
    .text                                    0x0800078a   Section        0  depilogue.o(.text)
    .text                                    0x08000844   Section       36  init.o(.text)
    .text                                    0x08000868   Section        0  dscalb.o(.text)
    .text                                    0x08000896   Section        0  dflti.o(.text)
    .text                                    0x080008b8   Section        0  dfltui.o(.text)
    .text                                    0x080008d2   Section        0  dfixi.o(.text)
    i.BSP_USART_SendData                     0x08000910   Section        0  bsp.o(i.BSP_USART_SendData)
    i.BusFault_Handler                       0x0800093c   Section        0  stm32f1xx_it.o(i.BusFault_Handler)
    i.ControlOut_Init                        0x08000940   Section        0  data_out.o(i.ControlOut_Init)
    i.ControlOut_PutControlData              0x0800096c   Section        0  data_out.o(i.ControlOut_PutControlData)
    i.ControlOut_ReleaseControl              0x0800098c   Section        0  data_out.o(i.ControlOut_ReleaseControl)
    i.ControlOut_SetDACx_Voltage             0x080009b8   Section        0  data_out.o(i.ControlOut_SetDACx_Voltage)
    ControlOut_SetDACx_Voltage               0x080009b9   Thumb Code   220  data_out.o(i.ControlOut_SetDACx_Voltage)
    i.ControlOut_WriteTlc5615                0x08000ab8   Section        0  data_out.o(i.ControlOut_WriteTlc5615)
    ControlOut_WriteTlc5615                  0x08000ab9   Thumb Code    26  data_out.o(i.ControlOut_WriteTlc5615)
    i.DMA1_Channel5_IRQHandler               0x08000ad4   Section        0  stm32f1xx_it.o(i.DMA1_Channel5_IRQHandler)
    i.DMA1_Channel7_IRQHandler               0x08000ae0   Section        0  stm32f1xx_it.o(i.DMA1_Channel7_IRQHandler)
    i.DMA_SetConfig                          0x08000aec   Section        0  stm32f1xx_hal_dma.o(i.DMA_SetConfig)
    DMA_SetConfig                            0x08000aed   Thumb Code    30  stm32f1xx_hal_dma.o(i.DMA_SetConfig)
    i.DataProcess_CalcPControlValue          0x08000b0c   Section        0  data_process.o(i.DataProcess_CalcPControlValue)
    DataProcess_CalcPControlValue            0x08000b0d   Thumb Code    36  data_process.o(i.DataProcess_CalcPControlValue)
    i.DataProcess_CheackProcessTime          0x08000b48   Section        0  data_process.o(i.DataProcess_CheackProcessTime)
    i.DataProcess_DoProcess                  0x08000b68   Section        0  data_process.o(i.DataProcess_DoProcess)
    i.DataProcess_Init                       0x08000db4   Section        0  data_process.o(i.DataProcess_Init)
    i.DataProcess_InitPControlParam          0x08000e0c   Section        0  data_process.o(i.DataProcess_InitPControlParam)
    DataProcess_InitPControlParam            0x08000e0d   Thumb Code    42  data_process.o(i.DataProcess_InitPControlParam)
    i.DataProcess_SetDataForRelease          0x08000e50   Section        0  data_process.o(i.DataProcess_SetDataForRelease)
    i.DebugMon_Handler                       0x08000e90   Section        0  stm32f1xx_it.o(i.DebugMon_Handler)
    i.Error_Handler                          0x08000e92   Section        0  main.o(i.Error_Handler)
    i.HAL_DMA_IRQHandler                     0x08000e94   Section        0  stm32f1xx_hal_dma.o(i.HAL_DMA_IRQHandler)
    i.HAL_DMA_Init                           0x08001100   Section        0  stm32f1xx_hal_dma.o(i.HAL_DMA_Init)
    i.HAL_DMA_Start_IT                       0x08001264   Section        0  stm32f1xx_hal_dma.o(i.HAL_DMA_Start_IT)
    i.HAL_Delay                              0x08001318   Section        0  stm32f1xx_hal.o(i.HAL_Delay)
    i.HAL_GPIO_DeInit                        0x08001330   Section        0  stm32f1xx_hal_gpio.o(i.HAL_GPIO_DeInit)
    i.HAL_GPIO_Init                          0x0800149c   Section        0  stm32f1xx_hal_gpio.o(i.HAL_GPIO_Init)
    i.HAL_GPIO_ReadPin                       0x080017b4   Section        0  stm32f1xx_hal_gpio.o(i.HAL_GPIO_ReadPin)
    i.HAL_GPIO_WritePin                      0x0800180c   Section        0  stm32f1xx_hal_gpio.o(i.HAL_GPIO_WritePin)
    i.HAL_GetTick                            0x08001878   Section        0  stm32f1xx_hal.o(i.HAL_GetTick)
    i.HAL_IncTick                            0x08001884   Section        0  stm32f1xx_hal.o(i.HAL_IncTick)
    i.HAL_Init                               0x08001894   Section        0  stm32f1xx_hal.o(i.HAL_Init)
    i.HAL_InitTick                           0x080018b8   Section        0  stm32f1xx_hal_timebase_tim.o(i.HAL_InitTick)
    i.HAL_MspInit                            0x0800192c   Section        0  stm32f1xx_hal_msp.o(i.HAL_MspInit)
    i.HAL_NVIC_EnableIRQ                     0x080019ac   Section        0  stm32f1xx_hal_cortex.o(i.HAL_NVIC_EnableIRQ)
    i.HAL_NVIC_SetPriority                   0x08001a0c   Section        0  stm32f1xx_hal_cortex.o(i.HAL_NVIC_SetPriority)
    i.HAL_NVIC_SetPriorityGrouping           0x08001aac   Section        0  stm32f1xx_hal_cortex.o(i.HAL_NVIC_SetPriorityGrouping)
    i.HAL_RCC_ClockConfig                    0x08001b2c   Section        0  stm32f1xx_hal_rcc.o(i.HAL_RCC_ClockConfig)
    i.HAL_RCC_GetClockConfig                 0x08001db8   Section        0  stm32f1xx_hal_rcc.o(i.HAL_RCC_GetClockConfig)
    i.HAL_RCC_GetHCLKFreq                    0x08001e4c   Section        0  stm32f1xx_hal_rcc.o(i.HAL_RCC_GetHCLKFreq)
    i.HAL_RCC_GetPCLK1Freq                   0x08001e58   Section        0  stm32f1xx_hal_rcc.o(i.HAL_RCC_GetPCLK1Freq)
    i.HAL_RCC_GetPCLK2Freq                   0x08001e88   Section        0  stm32f1xx_hal_rcc.o(i.HAL_RCC_GetPCLK2Freq)
    i.HAL_RCC_GetSysClockFreq                0x08001eb8   Section        0  stm32f1xx_hal_rcc.o(i.HAL_RCC_GetSysClockFreq)
    i.HAL_RCC_OscConfig                      0x08001f40   Section        0  stm32f1xx_hal_rcc.o(i.HAL_RCC_OscConfig)
    i.HAL_SPI_DeInit                         0x08002640   Section        0  stm32f1xx_hal_spi.o(i.HAL_SPI_DeInit)
    i.HAL_SPI_Init                           0x08002670   Section        0  stm32f1xx_hal_spi_ex.o(i.HAL_SPI_Init)
    i.HAL_SPI_MspDeInit                      0x08002834   Section        0  stm32f1xx_hal_msp.o(i.HAL_SPI_MspDeInit)
    i.HAL_SPI_MspInit                        0x0800285c   Section        0  stm32f1xx_hal_msp.o(i.HAL_SPI_MspInit)
    i.HAL_SPI_Transmit                       0x080028b4   Section        0  stm32f1xx_hal_spi.o(i.HAL_SPI_Transmit)
    i.HAL_SYSTICK_CLKSourceConfig            0x08002a50   Section        0  stm32f1xx_hal_cortex.o(i.HAL_SYSTICK_CLKSourceConfig)
    i.HAL_SYSTICK_Config                     0x08002ab4   Section        0  stm32f1xx_hal_cortex.o(i.HAL_SYSTICK_Config)
    i.HAL_TIMEx_BreakCallback                0x08002adc   Section        0  stm32f1xx_hal_tim_ex.o(i.HAL_TIMEx_BreakCallback)
    i.HAL_TIMEx_CommutationCallback          0x08002ade   Section        0  stm32f1xx_hal_tim_ex.o(i.HAL_TIMEx_CommutationCallback)
    i.HAL_TIM_Base_Init                      0x08002ae0   Section        0  stm32f1xx_hal_tim.o(i.HAL_TIM_Base_Init)
    i.HAL_TIM_Base_MspInit                   0x08002bb0   Section        0  stm32f1xx_hal_tim.o(i.HAL_TIM_Base_MspInit)
    i.HAL_TIM_Base_Start_IT                  0x08002bb4   Section        0  stm32f1xx_hal_tim.o(i.HAL_TIM_Base_Start_IT)
    i.HAL_TIM_IC_CaptureCallback             0x08002c38   Section        0  stm32f1xx_hal_tim.o(i.HAL_TIM_IC_CaptureCallback)
    i.HAL_TIM_IRQHandler                     0x08002c3a   Section        0  stm32f1xx_hal_tim.o(i.HAL_TIM_IRQHandler)
    i.HAL_TIM_OC_DelayElapsedCallback        0x08002da0   Section        0  stm32f1xx_hal_tim.o(i.HAL_TIM_OC_DelayElapsedCallback)
    i.HAL_TIM_PWM_PulseFinishedCallback      0x08002da2   Section        0  stm32f1xx_hal_tim.o(i.HAL_TIM_PWM_PulseFinishedCallback)
    i.HAL_TIM_PeriodElapsedCallback          0x08002da4   Section        0  stm32f1xx_hal_timebase_tim.o(i.HAL_TIM_PeriodElapsedCallback)
    i.HAL_TIM_TriggerCallback                0x08002da8   Section        0  stm32f1xx_hal_tim.o(i.HAL_TIM_TriggerCallback)
    i.HAL_UART_ErrorCallback                 0x08002daa   Section        0  stm32f1xx_hal_uart.o(i.HAL_UART_ErrorCallback)
    i.HAL_UART_GetState                      0x08002dac   Section        0  stm32f1xx_hal_uart.o(i.HAL_UART_GetState)
    i.HAL_UART_IRQHandler                    0x08002db4   Section        0  stm32f1xx_hal_uart.o(i.HAL_UART_IRQHandler)
    i.HAL_UART_Init                          0x08002e90   Section        0  stm32f1xx_hal_uart.o(i.HAL_UART_Init)
    i.HAL_UART_MspInit                       0x08002fb0   Section        0  stm32f1xx_hal_msp.o(i.HAL_UART_MspInit)
    i.HAL_UART_Receive_DMA                   0x080030b0   Section        0  stm32f1xx_hal_uart.o(i.HAL_UART_Receive_DMA)
    i.HAL_UART_RxCpltCallback                0x08003138   Section        0  main.o(i.HAL_UART_RxCpltCallback)
    i.HAL_UART_RxHalfCpltCallback            0x08003158   Section        0  stm32f1xx_hal_uart.o(i.HAL_UART_RxHalfCpltCallback)
    i.HAL_UART_Transmit                      0x0800315c   Section        0  stm32f1xx_hal_uart.o(i.HAL_UART_Transmit)
    i.HAL_UART_TxCpltCallback                0x08003228   Section        0  stm32f1xx_hal_uart.o(i.HAL_UART_TxCpltCallback)
    i.HardFault_Handler                      0x0800322a   Section        0  stm32f1xx_it.o(i.HardFault_Handler)
    i.MX_GPIO_Init                           0x0800322c   Section        0  main.o(i.MX_GPIO_Init)
    MX_GPIO_Init                             0x0800322d   Thumb Code   146  main.o(i.MX_GPIO_Init)
    i.MX_SPI1_Init                           0x080032cc   Section        0  main.o(i.MX_SPI1_Init)
    MX_SPI1_Init                             0x080032cd   Thumb Code    56  main.o(i.MX_SPI1_Init)
    i.MemManage_Handler                      0x0800330c   Section        0  stm32f1xx_it.o(i.MemManage_Handler)
    i.ModeControl_CheckAndSetAutoMode        0x08003310   Section        0  mode_set.o(i.ModeControl_CheckAndSetAutoMode)
    i.ModeControl_Init                       0x0800333c   Section        0  mode_set.o(i.ModeControl_Init)
    i.ModeControl_ReadModePinState           0x0800335c   Section        0  mode_set.o(i.ModeControl_ReadModePinState)
    ModeControl_ReadModePinState             0x0800335d   Thumb Code    10  mode_set.o(i.ModeControl_ReadModePinState)
    i.ModeControl_SelectMode                 0x0800336c   Section        0  mode_set.o(i.ModeControl_SelectMode)
    ModeControl_SelectMode                   0x0800336d   Thumb Code   110  mode_set.o(i.ModeControl_SelectMode)
    i.NMI_Handler                            0x080033e4   Section        0  stm32f1xx_it.o(i.NMI_Handler)
    i.NVIC_SetPriority                       0x080033e6   Section        0  stm32f1xx_hal_cortex.o(i.NVIC_SetPriority)
    NVIC_SetPriority                         0x080033e7   Thumb Code    32  stm32f1xx_hal_cortex.o(i.NVIC_SetPriority)
    i.SPI_WaitOnFlagUntilTimeout             0x08003406   Section        0  stm32f1xx_hal_spi.o(i.SPI_WaitOnFlagUntilTimeout)
    SPI_WaitOnFlagUntilTimeout               0x08003407   Thumb Code   158  stm32f1xx_hal_spi.o(i.SPI_WaitOnFlagUntilTimeout)
    i.SPIx_Error                             0x080034a4   Section        0  bsp.o(i.SPIx_Error)
    i.SPIx_Write                             0x080034e8   Section        0  bsp.o(i.SPIx_Write)
    i.StartDataOutTask                       0x0800350c   Section        0  main.o(i.StartDataOutTask)
    i.StartDataParseTask                     0x0800353c   Section        0  main.o(i.StartDataParseTask)
    i.StartDataProcessTask                   0x080035e8   Section        0  main.o(i.StartDataProcessTask)
    i.StartMainTask                          0x08003624   Section        0  main.o(i.StartMainTask)
    i.StartPrintTask                         0x08003638   Section        0  main.o(i.StartPrintTask)
    i.SysTick_Handler                        0x08003664   Section        0  stm32f1xx_it.o(i.SysTick_Handler)
    i.SystemClock_Config                     0x08003668   Section        0  main.o(i.SystemClock_Config)
    i.SystemInit                             0x080036d0   Section        0  system_stm32f1xx.o(i.SystemInit)
    i.TIM1_UP_IRQHandler                     0x08003718   Section        0  stm32f1xx_it.o(i.TIM1_UP_IRQHandler)
    i.TIM_Base_SetConfig                     0x08003724   Section        0  stm32f1xx_hal_tim.o(i.TIM_Base_SetConfig)
    i.UART_DMAError                          0x08003788   Section        0  stm32f1xx_hal_uart.o(i.UART_DMAError)
    UART_DMAError                            0x08003789   Thumb Code    30  stm32f1xx_hal_uart.o(i.UART_DMAError)
    i.UART_DMAReceiveCplt                    0x080037a8   Section        0  stm32f1xx_hal_uart.o(i.UART_DMAReceiveCplt)
    UART_DMAReceiveCplt                      0x080037a9   Thumb Code    54  stm32f1xx_hal_uart.o(i.UART_DMAReceiveCplt)
    i.UART_DMARxHalfCplt                     0x080037de   Section        0  stm32f1xx_hal_uart.o(i.UART_DMARxHalfCplt)
    UART_DMARxHalfCplt                       0x080037df   Thumb Code    10  stm32f1xx_hal_uart.o(i.UART_DMARxHalfCplt)
    i.UART_Receive_IT                        0x080037e8   Section        0  stm32f1xx_hal_uart.o(i.UART_Receive_IT)
    UART_Receive_IT                          0x080037e9   Thumb Code   168  stm32f1xx_hal_uart.o(i.UART_Receive_IT)
    i.UART_SetConfig                         0x08003890   Section        0  stm32f1xx_hal_uart.o(i.UART_SetConfig)
    UART_SetConfig                           0x08003891   Thumb Code   448  stm32f1xx_hal_uart.o(i.UART_SetConfig)
    i.UART_Transmit_IT                       0x08003a94   Section        0  stm32f1xx_hal_uart.o(i.UART_Transmit_IT)
    UART_Transmit_IT                         0x08003a95   Thumb Code   102  stm32f1xx_hal_uart.o(i.UART_Transmit_IT)
    i.UART_WaitOnFlagUntilTimeout            0x08003afa   Section        0  stm32f1xx_hal_uart.o(i.UART_WaitOnFlagUntilTimeout)
    UART_WaitOnFlagUntilTimeout              0x08003afb   Thumb Code   146  stm32f1xx_hal_uart.o(i.UART_WaitOnFlagUntilTimeout)
    i.USART1_IRQHandler                      0x08003b8c   Section        0  stm32f1xx_it.o(i.USART1_IRQHandler)
    i.USART_printf                           0x08003b98   Section        0  bsp.o(i.USART_printf)
    i.UsageFault_Handler                     0x08003c72   Section        0  stm32f1xx_it.o(i.UsageFault_Handler)
    i.__ARM_fpclassify                       0x08003c74   Section        0  fpclassify.o(i.__ARM_fpclassify)
    i.__ieee754_rem_pio2                     0x08003c9c   Section        0  rred.o(i.__ieee754_rem_pio2)
    i.__kernel_cos                           0x08004024   Section        0  cos_i.o(i.__kernel_cos)
    i.__kernel_poly                          0x08004120   Section        0  poly.o(i.__kernel_poly)
    i.__kernel_sin                           0x080041cc   Section        0  sin_i.o(i.__kernel_sin)
    i.__mathlib_dbl_infnan                   0x080042b8   Section        0  dunder.o(i.__mathlib_dbl_infnan)
    i.__mathlib_dbl_invalid                  0x080042be   Section        0  dunder.o(i.__mathlib_dbl_invalid)
    i.__mathlib_dbl_underflow                0x080042cc   Section        0  dunder.o(i.__mathlib_dbl_underflow)
    i.__scatterload_copy                     0x080042dc   Section       14  handlers.o(i.__scatterload_copy)
    i.__scatterload_null                     0x080042ea   Section        2  handlers.o(i.__scatterload_null)
    i.__scatterload_zeroinit                 0x080042ec   Section       14  handlers.o(i.__scatterload_zeroinit)
    i.__set_errno                            0x080042fc   Section        0  errno.o(i.__set_errno)
    i.assert_failed                          0x08004308   Section        0  main.o(i.assert_failed)
    i.cos                                    0x08004348   Section        0  cos.o(i.cos)
    i.doSumCheck                             0x080043e4   Section        0  uart_received_data_parse.o(i.doSumCheck)
    i.inHandlerMode                          0x08004402   Section        0  cmsis_os.o(i.inHandlerMode)
    inHandlerMode                            0x08004403   Thumb Code    12  cmsis_os.o(i.inHandlerMode)
    i.main                                   0x08004410   Section        0  main.o(i.main)
    i.makeFreeRtosPriority                   0x08004578   Section        0  cmsis_os.o(i.makeFreeRtosPriority)
    makeFreeRtosPriority                     0x08004579   Thumb Code    12  cmsis_os.o(i.makeFreeRtosPriority)
    i.osDelay                                0x08004584   Section        0  cmsis_os.o(i.osDelay)
    i.osKernelStart                          0x08004592   Section        0  cmsis_os.o(i.osKernelStart)
    i.osKernelSysTick                        0x0800459c   Section        0  cmsis_os.o(i.osKernelSysTick)
    i.osMailAlloc                            0x080045b4   Section        0  cmsis_os.o(i.osMailAlloc)
    i.osMailCreate                           0x080045c0   Section        0  cmsis_os.o(i.osMailCreate)
    i.osMailFree                             0x0800461c   Section        0  cmsis_os.o(i.osMailFree)
    i.osMailGet                              0x08004628   Section        0  cmsis_os.o(i.osMailGet)
    i.osMailPut                              0x080046b4   Section        0  cmsis_os.o(i.osMailPut)
    i.osMessageCreate                        0x08004708   Section        0  cmsis_os.o(i.osMessageCreate)
    i.osMessageGet                           0x08004710   Section        0  cmsis_os.o(i.osMessageGet)
    i.osMessagePut                           0x080047a0   Section        0  cmsis_os.o(i.osMessagePut)
    i.osPoolAlloc                            0x080047f4   Section        0  cmsis_os.o(i.osPoolAlloc)
    i.osPoolCreate                           0x08004854   Section        0  cmsis_os.o(i.osPoolCreate)
    i.osPoolFree                             0x080048b2   Section        0  cmsis_os.o(i.osPoolFree)
    i.osSystickHandler                       0x080048e2   Section        0  cmsis_os.o(i.osSystickHandler)
    i.osThreadCreate                         0x080048f6   Section        0  cmsis_os.o(i.osThreadCreate)
    i.prvAddCurrentTaskToDelayedList         0x08004930   Section        0  tasks.o(i.prvAddCurrentTaskToDelayedList)
    prvAddCurrentTaskToDelayedList           0x08004931   Thumb Code    48  tasks.o(i.prvAddCurrentTaskToDelayedList)
    i.prvCheckTasksWaitingTermination        0x08004964   Section        0  tasks.o(i.prvCheckTasksWaitingTermination)
    prvCheckTasksWaitingTermination          0x08004965   Thumb Code    76  tasks.o(i.prvCheckTasksWaitingTermination)
    i.prvCopyDataFromQueue                   0x080049b8   Section        0  queue.o(i.prvCopyDataFromQueue)
    prvCopyDataFromQueue                     0x080049b9   Thumb Code    38  queue.o(i.prvCopyDataFromQueue)
    i.prvCopyDataToQueue                     0x080049de   Section        0  queue.o(i.prvCopyDataToQueue)
    prvCopyDataToQueue                       0x080049df   Thumb Code   110  queue.o(i.prvCopyDataToQueue)
    i.prvHeapInit                            0x08004a4c   Section        0  heap_4.o(i.prvHeapInit)
    prvHeapInit                              0x08004a4d   Thumb Code    66  heap_4.o(i.prvHeapInit)
    i.prvIdleTask                            0x08004a98   Section        0  tasks.o(i.prvIdleTask)
    prvIdleTask                              0x08004a99   Thumb Code    24  tasks.o(i.prvIdleTask)
    i.prvInsertBlockIntoFreeList             0x08004ab4   Section        0  heap_4.o(i.prvInsertBlockIntoFreeList)
    prvInsertBlockIntoFreeList               0x08004ab5   Thumb Code    72  heap_4.o(i.prvInsertBlockIntoFreeList)
    i.prvResetNextTaskUnblockTime            0x08004b00   Section        0  tasks.o(i.prvResetNextTaskUnblockTime)
    prvResetNextTaskUnblockTime              0x08004b01   Thumb Code    26  tasks.o(i.prvResetNextTaskUnblockTime)
    i.prvTaskExitError                       0x08004b20   Section        0  port.o(i.prvTaskExitError)
    prvTaskExitError                         0x08004b21   Thumb Code    20  port.o(i.prvTaskExitError)
    i.prvUnlockQueue                         0x08004b38   Section        0  queue.o(i.prvUnlockQueue)
    prvUnlockQueue                           0x08004b39   Thumb Code   100  queue.o(i.prvUnlockQueue)
    i.pvPortMalloc                           0x08004b9c   Section        0  heap_4.o(i.pvPortMalloc)
    i.pvTaskIncrementMutexHeldCount          0x08004c58   Section        0  tasks.o(i.pvTaskIncrementMutexHeldCount)
    i.pxPortInitialiseStack                  0x08004c70   Section        0  port.o(i.pxPortInitialiseStack)
    i.sin                                    0x08004c90   Section        0  sin.o(i.sin)
    i.uxListRemove                           0x08004d30   Section        0  list.o(i.uxListRemove)
    i.vApplicationIdleHook                   0x08004d54   Section        0  freertos.o(i.vApplicationIdleHook)
    i.vApplicationStackOverflowHook          0x08004d58   Section        0  freertos.o(i.vApplicationStackOverflowHook)
    i.vListInitialise                        0x08004d84   Section        0  list.o(i.vListInitialise)
    i.vListInitialiseItem                    0x08004d9a   Section        0  list.o(i.vListInitialiseItem)
    i.vListInsert                            0x08004da0   Section        0  list.o(i.vListInsert)
    i.vListInsertEnd                         0x08004dd0   Section        0  list.o(i.vListInsertEnd)
    i.vPortEnterCritical                     0x08004de8   Section        0  port.o(i.vPortEnterCritical)
    i.vPortExitCritical                      0x08004e20   Section        0  port.o(i.vPortExitCritical)
    i.vPortFree                              0x08004e44   Section        0  heap_4.o(i.vPortFree)
    i.vPortSetupTimerInterrupt               0x08004e8c   Section        0  port.o(i.vPortSetupTimerInterrupt)
    i.vPortValidateInterruptPriority         0x08004eac   Section        0  port.o(i.vPortValidateInterruptPriority)
    i.vPortYield                             0x08004eec   Section        0  port.o(i.vPortYield)
    i.vTaskDelay                             0x08004f04   Section        0  tasks.o(i.vTaskDelay)
    i.vTaskMissedYield                       0x08004f54   Section        0  tasks.o(i.vTaskMissedYield)
    i.vTaskPlaceOnEventList                  0x08004f60   Section        0  tasks.o(i.vTaskPlaceOnEventList)
    i.vTaskPriorityInherit                   0x08004fb8   Section        0  tasks.o(i.vTaskPriorityInherit)
    i.vTaskSetTimeOutState                   0x0800503c   Section        0  tasks.o(i.vTaskSetTimeOutState)
    i.vTaskStartScheduler                    0x08005058   Section        0  tasks.o(i.vTaskStartScheduler)
    i.vTaskSuspendAll                        0x080050ac   Section        0  tasks.o(i.vTaskSuspendAll)
    i.vTaskSwitchContext                     0x080050bc   Section        0  tasks.o(i.vTaskSwitchContext)
    i.xPortStartScheduler                    0x08005138   Section        0  port.o(i.xPortStartScheduler)
    i.xPortSysTickHandler                    0x080051ac   Section        0  port.o(i.xPortSysTickHandler)
    i.xQueueGenericCreate                    0x080051d0   Section        0  queue.o(i.xQueueGenericCreate)
    i.xQueueGenericReceive                   0x08005220   Section        0  queue.o(i.xQueueGenericReceive)
    i.xQueueGenericReset                     0x0800534e   Section        0  queue.o(i.xQueueGenericReset)
    i.xQueueGenericSend                      0x080053b8   Section        0  queue.o(i.xQueueGenericSend)
    i.xQueueGenericSendFromISR               0x080054cc   Section        0  queue.o(i.xQueueGenericSendFromISR)
    i.xQueueReceiveFromISR                   0x08005558   Section        0  queue.o(i.xQueueReceiveFromISR)
    i.xSerialGetChar                         0x080055ce   Section        0  bsp.o(i.xSerialGetChar)
    i.xTaskCheckForTimeOut                   0x080055ec   Section        0  tasks.o(i.xTaskCheckForTimeOut)
    i.xTaskGenericCreate                     0x08005644   Section        0  tasks.o(i.xTaskGenericCreate)
    i.xTaskGetSchedulerState                 0x080057d0   Section        0  tasks.o(i.xTaskGetSchedulerState)
    i.xTaskGetTickCount                      0x080057ec   Section        0  tasks.o(i.xTaskGetTickCount)
    i.xTaskGetTickCountFromISR               0x080057f8   Section        0  tasks.o(i.xTaskGetTickCountFromISR)
    i.xTaskIncrementTick                     0x08005808   Section        0  tasks.o(i.xTaskIncrementTick)
    i.xTaskPriorityDisinherit                0x080058c8   Section        0  tasks.o(i.xTaskPriorityDisinherit)
    i.xTaskRemoveFromEventList               0x0800594c   Section        0  tasks.o(i.xTaskRemoveFromEventList)
    i.xTaskResumeAll                         0x080059b8   Section        0  tasks.o(i.xTaskResumeAll)
    .constdata                               0x08005a64   Section      128  main.o(.constdata)
    .constdata                               0x08005ae4   Section       16  system_stm32f1xx.o(.constdata)
    .constdata                               0x08005af4   Section        8  system_stm32f1xx.o(.constdata)
    .constdata                               0x08005b00   Section       48  cos_i.o(.constdata)
    C                                        0x08005b00   Data          48  cos_i.o(.constdata)
    .constdata                               0x08005b30   Section      200  rred.o(.constdata)
    pio2s                                    0x08005b30   Data          48  rred.o(.constdata)
    twooverpi                                0x08005b60   Data         152  rred.o(.constdata)
    .constdata                               0x08005bf8   Section       40  sin_i.o(.constdata)
    S                                        0x08005bf8   Data          40  sin_i.o(.constdata)
    .conststring                             0x08005c20   Section       68  main.o(.conststring)
    .data                                    0x20000000   Section        4  stm32f1xx_hal.o(.data)
    uwTick                                   0x20000000   Data           4  stm32f1xx_hal.o(.data)
    .data                                    0x20000004   Section        1  stm32f1xx_hal_spi_ex.o(.data)
    .data                                    0x20000008   Section       40  main.o(.data)
    .data                                    0x20000030   Section        4  main.o(.data)
    .data                                    0x20000034   Section        4  bsp.o(.data)
    .data                                    0x20000038   Section       16  data_process.o(.data)
    P_ControlParam_X                         0x20000038   Data           4  data_process.o(.data)
    P_ControlParam_Y                         0x2000003c   Data           4  data_process.o(.data)
    P_ControlParam_Z                         0x20000040   Data           4  data_process.o(.data)
    gLast_Processtime                        0x20000044   Data           4  data_process.o(.data)
    .data                                    0x20000048   Section        4  mode_set.o(.data)
    .data                                    0x2000004c   Section       56  tasks.o(.data)
    uxTasksDeleted                           0x20000050   Data           4  tasks.o(.data)
    uxCurrentNumberOfTasks                   0x20000054   Data           4  tasks.o(.data)
    xTickCount                               0x20000058   Data           4  tasks.o(.data)
    uxTopReadyPriority                       0x2000005c   Data           4  tasks.o(.data)
    xSchedulerRunning                        0x20000060   Data           4  tasks.o(.data)
    uxPendedTicks                            0x20000064   Data           4  tasks.o(.data)
    xYieldPending                            0x20000068   Data           4  tasks.o(.data)
    xNumOfOverflows                          0x2000006c   Data           4  tasks.o(.data)
    uxTaskNumber                             0x20000070   Data           4  tasks.o(.data)
    xNextTaskUnblockTime                     0x20000074   Data           4  tasks.o(.data)
    uxSchedulerSuspended                     0x20000078   Data           4  tasks.o(.data)
    pxDelayedTaskList                        0x2000007c   Data           4  tasks.o(.data)
    pxOverflowDelayedTaskList                0x20000080   Data           4  tasks.o(.data)
    .data                                    0x20000084   Section       24  heap_4.o(.data)
    pxEnd                                    0x20000084   Data           4  heap_4.o(.data)
    xFreeBytesRemaining                      0x20000088   Data           4  heap_4.o(.data)
    xMinimumEverFreeBytesRemaining           0x2000008c   Data           4  heap_4.o(.data)
    xBlockAllocatedBit                       0x20000090   Data           4  heap_4.o(.data)
    xStart                                   0x20000094   Data           8  heap_4.o(.data)
    .data                                    0x2000009c   Section       12  port.o(.data)
    ucMaxSysCallPriority                     0x2000009c   Data           1  port.o(.data)
    uxCriticalNesting                        0x200000a0   Data           4  port.o(.data)
    ulMaxPRIGROUPValue                       0x200000a4   Data           4  port.o(.data)
    .data                                    0x200000a8   Section        4  system_stm32f1xx.o(.data)
    .data                                    0x200000ac   Section        4  errno.o(.data)
    _errno                                   0x200000ac   Data           4  errno.o(.data)
    .bss                                     0x200000b0   Section      216  main.o(.bss)
    .bss                                     0x20000188   Section       56  main.o(.bss)
    .bss                                     0x200001c0   Section       56  main.o(.bss)
    .bss                                     0x200001f8   Section       60  stm32f1xx_hal_timebase_tim.o(.bss)
    .bss                                     0x20000234   Section      240  tasks.o(.bss)
    pxReadyTasksLists                        0x20000234   Data         140  tasks.o(.bss)
    xDelayedTaskList1                        0x200002c0   Data          20  tasks.o(.bss)
    xDelayedTaskList2                        0x200002d4   Data          20  tasks.o(.bss)
    xPendingReadyList                        0x200002e8   Data          20  tasks.o(.bss)
    xTasksWaitingTermination                 0x200002fc   Data          20  tasks.o(.bss)
    xSuspendedTaskList                       0x20000310   Data          20  tasks.o(.bss)
    .bss                                     0x20000324   Section    15360  heap_4.o(.bss)
    ucHeap                                   0x20000324   Data       15360  heap_4.o(.bss)
    STACK                                    0x20003f28   Section     1024  startup_stm32f103xb.o(STACK)

    Global Symbols

    Symbol Name                              Value     Ov Type        Size  Object(Section)

    BuildAttributes$$THM_ISAv4$P$D$K$B$S$PE$A:L22UL41UL21$X:L11$S22US41US21$IEEE1$IW$USESV6$~STKCKD$USESV7$~SHL$OTIME$ROPI$IEEEX$EBA8$MICROLIB$REQ8$PRES8$EABIv2 0x00000000   Number         0  anon$$obj.o ABSOLUTE
    __ARM_use_no_argv                        0x00000000   Number         0  main.o ABSOLUTE
    __cpp_initialize__aeabi_                  - Undefined Weak Reference
    __cxa_finalize                            - Undefined Weak Reference
    __decompress                              - Undefined Weak Reference
    _clock_init                               - Undefined Weak Reference
    _microlib_exit                            - Undefined Weak Reference
    __Vectors_Size                           0x000000ec   Number         0  startup_stm32f103xb.o ABSOLUTE
    __Vectors                                0x08000000   Data           4  startup_stm32f103xb.o(RESET)
    __Vectors_End                            0x080000ec   Data           0  startup_stm32f103xb.o(RESET)
    __main                                   0x080000ed   Thumb Code     0  entry.o(.ARM.Collect$$$$00000000)
    _main_stk                                0x080000ed   Thumb Code     0  entry2.o(.ARM.Collect$$$$00000001)
    _main_scatterload                        0x080000f1   Thumb Code     0  entry5.o(.ARM.Collect$$$$00000004)
    __main_after_scatterload                 0x080000f5   Thumb Code     0  entry5.o(.ARM.Collect$$$$00000004)
    _main_clock                              0x080000f5   Thumb Code     0  entry7b.o(.ARM.Collect$$$$00000008)
    _main_cpp_init                           0x080000f5   Thumb Code     0  entry8b.o(.ARM.Collect$$$$0000000A)
    _main_init                               0x080000f5   Thumb Code     0  entry9a.o(.ARM.Collect$$$$0000000B)
    __rt_final_cpp                           0x080000fd   Thumb Code     0  entry10a.o(.ARM.Collect$$$$0000000D)
    __rt_final_exit                          0x080000fd   Thumb Code     0  entry11a.o(.ARM.Collect$$$$0000000F)
    SVC_Handler                              0x08000101   Thumb Code    32  port.o(.emb_text)
    __asm___6_port_c_39a90d8d__prvStartFirstTask 0x08000125   Thumb Code    28  port.o(.emb_text)
    PendSV_Handler                           0x08000145   Thumb Code    64  port.o(.emb_text)
    ulPortSetInterruptMask                   0x08000189   Thumb Code    14  port.o(.emb_text)
    vPortClearInterruptMask                  0x08000197   Thumb Code     6  port.o(.emb_text)
    vPortGetIPSR                             0x0800019d   Thumb Code     6  port.o(.emb_text)
    Reset_Handler                            0x080001a5   Thumb Code     8  startup_stm32f103xb.o(.text)
    ADC1_2_IRQHandler                        0x080001bf   Thumb Code     0  startup_stm32f103xb.o(.text)
    CAN1_RX1_IRQHandler                      0x080001bf   Thumb Code     0  startup_stm32f103xb.o(.text)
    CAN1_SCE_IRQHandler                      0x080001bf   Thumb Code     0  startup_stm32f103xb.o(.text)
    DMA1_Channel1_IRQHandler                 0x080001bf   Thumb Code     0  startup_stm32f103xb.o(.text)
    DMA1_Channel2_IRQHandler                 0x080001bf   Thumb Code     0  startup_stm32f103xb.o(.text)
    DMA1_Channel3_IRQHandler                 0x080001bf   Thumb Code     0  startup_stm32f103xb.o(.text)
    DMA1_Channel4_IRQHandler                 0x080001bf   Thumb Code     0  startup_stm32f103xb.o(.text)
    DMA1_Channel6_IRQHandler                 0x080001bf   Thumb Code     0  startup_stm32f103xb.o(.text)
    EXTI0_IRQHandler                         0x080001bf   Thumb Code     0  startup_stm32f103xb.o(.text)
    EXTI15_10_IRQHandler                     0x080001bf   Thumb Code     0  startup_stm32f103xb.o(.text)
    EXTI1_IRQHandler                         0x080001bf   Thumb Code     0  startup_stm32f103xb.o(.text)
    EXTI2_IRQHandler                         0x080001bf   Thumb Code     0  startup_stm32f103xb.o(.text)
    EXTI3_IRQHandler                         0x080001bf   Thumb Code     0  startup_stm32f103xb.o(.text)
    EXTI4_IRQHandler                         0x080001bf   Thumb Code     0  startup_stm32f103xb.o(.text)
    EXTI9_5_IRQHandler                       0x080001bf   Thumb Code     0  startup_stm32f103xb.o(.text)
    FLASH_IRQHandler                         0x080001bf   Thumb Code     0  startup_stm32f103xb.o(.text)
    I2C1_ER_IRQHandler                       0x080001bf   Thumb Code     0  startup_stm32f103xb.o(.text)
    I2C1_EV_IRQHandler                       0x080001bf   Thumb Code     0  startup_stm32f103xb.o(.text)
    I2C2_ER_IRQHandler                       0x080001bf   Thumb Code     0  startup_stm32f103xb.o(.text)
    I2C2_EV_IRQHandler                       0x080001bf   Thumb Code     0  startup_stm32f103xb.o(.text)
    PVD_IRQHandler                           0x080001bf   Thumb Code     0  startup_stm32f103xb.o(.text)
    RCC_IRQHandler                           0x080001bf   Thumb Code     0  startup_stm32f103xb.o(.text)
    RTC_Alarm_IRQHandler                     0x080001bf   Thumb Code     0  startup_stm32f103xb.o(.text)
    RTC_IRQHandler                           0x080001bf   Thumb Code     0  startup_stm32f103xb.o(.text)
    SPI1_IRQHandler                          0x080001bf   Thumb Code     0  startup_stm32f103xb.o(.text)
    SPI2_IRQHandler                          0x080001bf   Thumb Code     0  startup_stm32f103xb.o(.text)
    TAMPER_IRQHandler                        0x080001bf   Thumb Code     0  startup_stm32f103xb.o(.text)
    TIM1_BRK_IRQHandler                      0x080001bf   Thumb Code     0  startup_stm32f103xb.o(.text)
    TIM1_CC_IRQHandler                       0x080001bf   Thumb Code     0  startup_stm32f103xb.o(.text)
    TIM1_TRG_COM_IRQHandler                  0x080001bf   Thumb Code     0  startup_stm32f103xb.o(.text)
    TIM2_IRQHandler                          0x080001bf   Thumb Code     0  startup_stm32f103xb.o(.text)
    TIM3_IRQHandler                          0x080001bf   Thumb Code     0  startup_stm32f103xb.o(.text)
    TIM4_IRQHandler                          0x080001bf   Thumb Code     0  startup_stm32f103xb.o(.text)
    USART2_IRQHandler                        0x080001bf   Thumb Code     0  startup_stm32f103xb.o(.text)
    USART3_IRQHandler                        0x080001bf   Thumb Code     0  startup_stm32f103xb.o(.text)
    USBWakeUp_IRQHandler                     0x080001bf   Thumb Code     0  startup_stm32f103xb.o(.text)
    USB_HP_CAN1_TX_IRQHandler                0x080001bf   Thumb Code     0  startup_stm32f103xb.o(.text)
    USB_LP_CAN1_RX0_IRQHandler               0x080001bf   Thumb Code     0  startup_stm32f103xb.o(.text)
    WWDG_IRQHandler                          0x080001bf   Thumb Code     0  startup_stm32f103xb.o(.text)
    __aeabi_llsr                             0x080001c9   Thumb Code    32  llushr.o(.text)
    _ll_ushift_r                             0x080001c9   Thumb Code     0  llushr.o(.text)
    __aeabi_memcpy                           0x080001e9   Thumb Code    36  memcpya.o(.text)
    __aeabi_memcpy4                          0x080001e9   Thumb Code     0  memcpya.o(.text)
    __aeabi_memcpy8                          0x080001e9   Thumb Code     0  memcpya.o(.text)
    __aeabi_memset                           0x0800020d   Thumb Code    14  memseta.o(.text)
    __aeabi_memset4                          0x0800020d   Thumb Code     0  memseta.o(.text)
    __aeabi_memset8                          0x0800020d   Thumb Code     0  memseta.o(.text)
    __aeabi_memclr                           0x0800021b   Thumb Code     4  memseta.o(.text)
    __aeabi_memclr4                          0x0800021b   Thumb Code     0  memseta.o(.text)
    __aeabi_memclr8                          0x0800021b   Thumb Code     0  memseta.o(.text)
    _memset$wrapper                          0x0800021f   Thumb Code    18  memseta.o(.text)
    __aeabi_fmul                             0x08000231   Thumb Code   100  fmul.o(.text)
    __aeabi_fdiv                             0x08000295   Thumb Code   124  fdiv.o(.text)
    __ARM_scalbnf                            0x08000311   Thumb Code    24  fscalb.o(.text)
    scalbnf                                  0x08000311   Thumb Code     0  fscalb.o(.text)
    __aeabi_dadd                             0x08000329   Thumb Code   322  dadd.o(.text)
    __aeabi_dsub                             0x0800046b   Thumb Code     6  dadd.o(.text)
    __aeabi_drsub                            0x08000471   Thumb Code     6  dadd.o(.text)
    __aeabi_dmul                             0x08000477   Thumb Code   228  dmul.o(.text)
    __aeabi_ddiv                             0x0800055b   Thumb Code   222  ddiv.o(.text)
    __aeabi_i2f                              0x08000639   Thumb Code    18  fflti.o(.text)
    __aeabi_d2uiz                            0x0800064b   Thumb Code    50  dfixui.o(.text)
    __aeabi_f2d                              0x0800067d   Thumb Code    38  f2d.o(.text)
    __aeabi_d2f                              0x080006a3   Thumb Code    56  d2f.o(.text)
    __aeabi_llsl                             0x080006db   Thumb Code    30  llshl.o(.text)
    _ll_shift_l                              0x080006db   Thumb Code     0  llshl.o(.text)
    __aeabi_lasr                             0x080006f9   Thumb Code    36  llsshr.o(.text)
    _ll_sshift_r                             0x080006f9   Thumb Code     0  llsshr.o(.text)
    __I$use$fp                               0x0800071d   Thumb Code     0  iusefp.o(.text)
    _float_round                             0x0800071d   Thumb Code    18  fepilogue.o(.text)
    _float_epilogue                          0x0800072f   Thumb Code    92  fepilogue.o(.text)
    _double_round                            0x0800078b   Thumb Code    30  depilogue.o(.text)
    _double_epilogue                         0x080007a9   Thumb Code   156  depilogue.o(.text)
    __scatterload                            0x08000845   Thumb Code    28  init.o(.text)
    __scatterload_rt2                        0x08000845   Thumb Code     0  init.o(.text)
    __ARM_scalbn                             0x08000869   Thumb Code    46  dscalb.o(.text)
    scalbn                                   0x08000869   Thumb Code     0  dscalb.o(.text)
    __aeabi_i2d                              0x08000897   Thumb Code    34  dflti.o(.text)
    __aeabi_ui2d                             0x080008b9   Thumb Code    26  dfltui.o(.text)
    __aeabi_d2iz                             0x080008d3   Thumb Code    62  dfixi.o(.text)
    BSP_USART_SendData                       0x08000911   Thumb Code    44  bsp.o(i.BSP_USART_SendData)
    BusFault_Handler                         0x0800093d   Thumb Code     2  stm32f1xx_it.o(i.BusFault_Handler)
    ControlOut_Init                          0x08000941   Thumb Code    30  data_out.o(i.ControlOut_Init)
    ControlOut_PutControlData                0x0800096d   Thumb Code    32  data_out.o(i.ControlOut_PutControlData)
    ControlOut_ReleaseControl                0x0800098d   Thumb Code    30  data_out.o(i.ControlOut_ReleaseControl)
    DMA1_Channel5_IRQHandler                 0x08000ad5   Thumb Code     6  stm32f1xx_it.o(i.DMA1_Channel5_IRQHandler)
    DMA1_Channel7_IRQHandler                 0x08000ae1   Thumb Code     6  stm32f1xx_it.o(i.DMA1_Channel7_IRQHandler)
    DataProcess_CheackProcessTime            0x08000b49   Thumb Code    28  data_process.o(i.DataProcess_CheackProcessTime)
    DataProcess_DoProcess                    0x08000b69   Thumb Code   490  data_process.o(i.DataProcess_DoProcess)
    DataProcess_Init                         0x08000db5   Thumb Code    70  data_process.o(i.DataProcess_Init)
    DataProcess_SetDataForRelease            0x08000e51   Thumb Code    28  data_process.o(i.DataProcess_SetDataForRelease)
    DebugMon_Handler                         0x08000e91   Thumb Code     2  stm32f1xx_it.o(i.DebugMon_Handler)
    Error_Handler                            0x08000e93   Thumb Code     2  main.o(i.Error_Handler)
    HAL_DMA_IRQHandler                       0x08000e95   Thumb Code   616  stm32f1xx_hal_dma.o(i.HAL_DMA_IRQHandler)
    HAL_DMA_Init                             0x08001101   Thumb Code   294  stm32f1xx_hal_dma.o(i.HAL_DMA_Init)
    HAL_DMA_Start_IT                         0x08001265   Thumb Code   124  stm32f1xx_hal_dma.o(i.HAL_DMA_Start_IT)
    HAL_Delay                                0x08001319   Thumb Code    22  stm32f1xx_hal.o(i.HAL_Delay)
    HAL_GPIO_DeInit                          0x08001331   Thumb Code   274  stm32f1xx_hal_gpio.o(i.HAL_GPIO_DeInit)
    HAL_GPIO_Init                            0x0800149d   Thumb Code   664  stm32f1xx_hal_gpio.o(i.HAL_GPIO_Init)
    HAL_GPIO_ReadPin                         0x080017b5   Thumb Code    28  stm32f1xx_hal_gpio.o(i.HAL_GPIO_ReadPin)
    HAL_GPIO_WritePin                        0x0800180d   Thumb Code    46  stm32f1xx_hal_gpio.o(i.HAL_GPIO_WritePin)
    HAL_GetTick                              0x08001879   Thumb Code     6  stm32f1xx_hal.o(i.HAL_GetTick)
    HAL_IncTick                              0x08001885   Thumb Code    10  stm32f1xx_hal.o(i.HAL_IncTick)
    HAL_Init                                 0x08001895   Thumb Code    32  stm32f1xx_hal.o(i.HAL_Init)
    HAL_InitTick                             0x080018b9   Thumb Code    98  stm32f1xx_hal_timebase_tim.o(i.HAL_InitTick)
    HAL_MspInit                              0x0800192d   Thumb Code   118  stm32f1xx_hal_msp.o(i.HAL_MspInit)
    HAL_NVIC_EnableIRQ                       0x080019ad   Thumb Code    36  stm32f1xx_hal_cortex.o(i.HAL_NVIC_EnableIRQ)
    HAL_NVIC_SetPriority                     0x08001a0d   Thumb Code    94  stm32f1xx_hal_cortex.o(i.HAL_NVIC_SetPriority)
    HAL_NVIC_SetPriorityGrouping             0x08001aad   Thumb Code    58  stm32f1xx_hal_cortex.o(i.HAL_NVIC_SetPriorityGrouping)
    HAL_RCC_ClockConfig                      0x08001b2d   Thumb Code   578  stm32f1xx_hal_rcc.o(i.HAL_RCC_ClockConfig)
    HAL_RCC_GetClockConfig                   0x08001db9   Thumb Code    84  stm32f1xx_hal_rcc.o(i.HAL_RCC_GetClockConfig)
    HAL_RCC_GetHCLKFreq                      0x08001e4d   Thumb Code     6  stm32f1xx_hal_rcc.o(i.HAL_RCC_GetHCLKFreq)
    HAL_RCC_GetPCLK1Freq                     0x08001e59   Thumb Code    34  stm32f1xx_hal_rcc.o(i.HAL_RCC_GetPCLK1Freq)
    HAL_RCC_GetPCLK2Freq                     0x08001e89   Thumb Code    34  stm32f1xx_hal_rcc.o(i.HAL_RCC_GetPCLK2Freq)
    HAL_RCC_GetSysClockFreq                  0x08001eb9   Thumb Code   102  stm32f1xx_hal_rcc.o(i.HAL_RCC_GetSysClockFreq)
    HAL_RCC_OscConfig                        0x08001f41   Thumb Code  1786  stm32f1xx_hal_rcc.o(i.HAL_RCC_OscConfig)
    HAL_SPI_DeInit                           0x08002641   Thumb Code    46  stm32f1xx_hal_spi.o(i.HAL_SPI_DeInit)
    HAL_SPI_Init                             0x08002671   Thumb Code   378  stm32f1xx_hal_spi_ex.o(i.HAL_SPI_Init)
    HAL_SPI_MspDeInit                        0x08002835   Thumb Code    28  stm32f1xx_hal_msp.o(i.HAL_SPI_MspDeInit)
    HAL_SPI_MspInit                          0x0800285d   Thumb Code    74  stm32f1xx_hal_msp.o(i.HAL_SPI_MspInit)
    HAL_SPI_Transmit                         0x080028b5   Thumb Code   356  stm32f1xx_hal_spi.o(i.HAL_SPI_Transmit)
    HAL_SYSTICK_CLKSourceConfig              0x08002a51   Thumb Code    40  stm32f1xx_hal_cortex.o(i.HAL_SYSTICK_CLKSourceConfig)
    HAL_SYSTICK_Config                       0x08002ab5   Thumb Code    40  stm32f1xx_hal_cortex.o(i.HAL_SYSTICK_Config)
    HAL_TIMEx_BreakCallback                  0x08002add   Thumb Code     2  stm32f1xx_hal_tim_ex.o(i.HAL_TIMEx_BreakCallback)
    HAL_TIMEx_CommutationCallback            0x08002adf   Thumb Code     2  stm32f1xx_hal_tim_ex.o(i.HAL_TIMEx_CommutationCallback)
    HAL_TIM_Base_Init                        0x08002ae1   Thumb Code   140  stm32f1xx_hal_tim.o(i.HAL_TIM_Base_Init)
    HAL_TIM_Base_MspInit                     0x08002bb1   Thumb Code     2  stm32f1xx_hal_tim.o(i.HAL_TIM_Base_MspInit)
    HAL_TIM_Base_Start_IT                    0x08002bb5   Thumb Code    64  stm32f1xx_hal_tim.o(i.HAL_TIM_Base_Start_IT)
    HAL_TIM_IC_CaptureCallback               0x08002c39   Thumb Code     2  stm32f1xx_hal_tim.o(i.HAL_TIM_IC_CaptureCallback)
    HAL_TIM_IRQHandler                       0x08002c3b   Thumb Code   358  stm32f1xx_hal_tim.o(i.HAL_TIM_IRQHandler)
    HAL_TIM_OC_DelayElapsedCallback          0x08002da1   Thumb Code     2  stm32f1xx_hal_tim.o(i.HAL_TIM_OC_DelayElapsedCallback)
    HAL_TIM_PWM_PulseFinishedCallback        0x08002da3   Thumb Code     2  stm32f1xx_hal_tim.o(i.HAL_TIM_PWM_PulseFinishedCallback)
    HAL_TIM_PeriodElapsedCallback            0x08002da5   Thumb Code     4  stm32f1xx_hal_timebase_tim.o(i.HAL_TIM_PeriodElapsedCallback)
    HAL_TIM_TriggerCallback                  0x08002da9   Thumb Code     2  stm32f1xx_hal_tim.o(i.HAL_TIM_TriggerCallback)
    HAL_UART_ErrorCallback                   0x08002dab   Thumb Code     2  stm32f1xx_hal_uart.o(i.HAL_UART_ErrorCallback)
    HAL_UART_GetState                        0x08002dad   Thumb Code     6  stm32f1xx_hal_uart.o(i.HAL_UART_GetState)
    HAL_UART_IRQHandler                      0x08002db5   Thumb Code   218  stm32f1xx_hal_uart.o(i.HAL_UART_IRQHandler)
    HAL_UART_Init                            0x08002e91   Thumb Code   214  stm32f1xx_hal_uart.o(i.HAL_UART_Init)
    HAL_UART_MspInit                         0x08002fb1   Thumb Code   228  stm32f1xx_hal_msp.o(i.HAL_UART_MspInit)
    HAL_UART_Receive_DMA                     0x080030b1   Thumb Code   122  stm32f1xx_hal_uart.o(i.HAL_UART_Receive_DMA)
    HAL_UART_RxCpltCallback                  0x08003139   Thumb Code    22  main.o(i.HAL_UART_RxCpltCallback)
    HAL_UART_RxHalfCpltCallback              0x08003159   Thumb Code     2  stm32f1xx_hal_uart.o(i.HAL_UART_RxHalfCpltCallback)
    HAL_UART_Transmit                        0x0800315d   Thumb Code   204  stm32f1xx_hal_uart.o(i.HAL_UART_Transmit)
    HAL_UART_TxCpltCallback                  0x08003229   Thumb Code     2  stm32f1xx_hal_uart.o(i.HAL_UART_TxCpltCallback)
    HardFault_Handler                        0x0800322b   Thumb Code     2  stm32f1xx_it.o(i.HardFault_Handler)
    MemManage_Handler                        0x0800330d   Thumb Code     2  stm32f1xx_it.o(i.MemManage_Handler)
    ModeControl_CheckAndSetAutoMode          0x08003311   Thumb Code    40  mode_set.o(i.ModeControl_CheckAndSetAutoMode)
    ModeControl_Init                         0x0800333d   Thumb Code    26  mode_set.o(i.ModeControl_Init)
    NMI_Handler                              0x080033e5   Thumb Code     2  stm32f1xx_it.o(i.NMI_Handler)
    SPIx_Error                               0x080034a5   Thumb Code    60  bsp.o(i.SPIx_Error)
    SPIx_Write                               0x080034e9   Thumb Code    26  bsp.o(i.SPIx_Write)
    StartDataOutTask                         0x0800350d   Thumb Code    42  main.o(i.StartDataOutTask)
    StartDataParseTask                       0x0800353d   Thumb Code   168  main.o(i.StartDataParseTask)
    StartDataProcessTask                     0x080035e9   Thumb Code    56  main.o(i.StartDataProcessTask)
    StartMainTask                            0x08003625   Thumb Code    18  main.o(i.StartMainTask)
    StartPrintTask                           0x08003639   Thumb Code    36  main.o(i.StartPrintTask)
    SysTick_Handler                          0x08003665   Thumb Code     4  stm32f1xx_it.o(i.SysTick_Handler)
    SystemClock_Config                       0x08003669   Thumb Code   102  main.o(i.SystemClock_Config)
    SystemInit                               0x080036d1   Thumb Code    56  system_stm32f1xx.o(i.SystemInit)
    TIM1_UP_IRQHandler                       0x08003719   Thumb Code     6  stm32f1xx_it.o(i.TIM1_UP_IRQHandler)
    TIM_Base_SetConfig                       0x08003725   Thumb Code    86  stm32f1xx_hal_tim.o(i.TIM_Base_SetConfig)
    USART1_IRQHandler                        0x08003b8d   Thumb Code     6  stm32f1xx_it.o(i.USART1_IRQHandler)
    USART_printf                             0x08003b99   Thumb Code   218  bsp.o(i.USART_printf)
    UsageFault_Handler                       0x08003c73   Thumb Code     2  stm32f1xx_it.o(i.UsageFault_Handler)
    __ARM_fpclassify                         0x08003c75   Thumb Code    40  fpclassify.o(i.__ARM_fpclassify)
    __ieee754_rem_pio2                       0x08003c9d   Thumb Code   828  rred.o(i.__ieee754_rem_pio2)
    __kernel_cos                             0x08004025   Thumb Code   230  cos_i.o(i.__kernel_cos)
    __kernel_poly                            0x08004121   Thumb Code   170  poly.o(i.__kernel_poly)
    __kernel_sin                             0x080041cd   Thumb Code   224  sin_i.o(i.__kernel_sin)
    __mathlib_dbl_infnan                     0x080042b9   Thumb Code     6  dunder.o(i.__mathlib_dbl_infnan)
    __mathlib_dbl_invalid                    0x080042bf   Thumb Code    12  dunder.o(i.__mathlib_dbl_invalid)
    __mathlib_dbl_underflow                  0x080042cd   Thumb Code    10  dunder.o(i.__mathlib_dbl_underflow)
    __scatterload_copy                       0x080042dd   Thumb Code    14  handlers.o(i.__scatterload_copy)
    __scatterload_null                       0x080042eb   Thumb Code     2  handlers.o(i.__scatterload_null)
    __scatterload_zeroinit                   0x080042ed   Thumb Code    14  handlers.o(i.__scatterload_zeroinit)
    __set_errno                              0x080042fd   Thumb Code     6  errno.o(i.__set_errno)
    assert_failed                            0x08004309   Thumb Code    12  main.o(i.assert_failed)
    cos                                      0x08004349   Thumb Code   148  cos.o(i.cos)
    doSumCheck                               0x080043e5   Thumb Code    30  uart_received_data_parse.o(i.doSumCheck)
    main                                     0x08004411   Thumb Code   336  main.o(i.main)
    osDelay                                  0x08004585   Thumb Code    14  cmsis_os.o(i.osDelay)
    osKernelStart                            0x08004593   Thumb Code    10  cmsis_os.o(i.osKernelStart)
    osKernelSysTick                          0x0800459d   Thumb Code    24  cmsis_os.o(i.osKernelSysTick)
    osMailAlloc                              0x080045b5   Thumb Code    12  cmsis_os.o(i.osMailAlloc)
    osMailCreate                             0x080045c1   Thumb Code    92  cmsis_os.o(i.osMailCreate)
    osMailFree                               0x0800461d   Thumb Code    12  cmsis_os.o(i.osMailFree)
    osMailGet                                0x08004629   Thumb Code   134  cmsis_os.o(i.osMailGet)
    osMailPut                                0x080046b5   Thumb Code    80  cmsis_os.o(i.osMailPut)
    osMessageCreate                          0x08004709   Thumb Code     8  cmsis_os.o(i.osMessageCreate)
    osMessageGet                             0x08004711   Thumb Code   138  cmsis_os.o(i.osMessageGet)
    osMessagePut                             0x080047a1   Thumb Code    78  cmsis_os.o(i.osMessagePut)
    osPoolAlloc                              0x080047f5   Thumb Code    96  cmsis_os.o(i.osPoolAlloc)
    osPoolCreate                             0x08004855   Thumb Code    94  cmsis_os.o(i.osPoolCreate)
    osPoolFree                               0x080048b3   Thumb Code    48  cmsis_os.o(i.osPoolFree)
    osSystickHandler                         0x080048e3   Thumb Code    20  cmsis_os.o(i.osSystickHandler)
    osThreadCreate                           0x080048f7   Thumb Code    56  cmsis_os.o(i.osThreadCreate)
    pvPortMalloc                             0x08004b9d   Thumb Code   182  heap_4.o(i.pvPortMalloc)
    pvTaskIncrementMutexHeldCount            0x08004c59   Thumb Code    18  tasks.o(i.pvTaskIncrementMutexHeldCount)
    pxPortInitialiseStack                    0x08004c71   Thumb Code    28  port.o(i.pxPortInitialiseStack)
    sin                                      0x08004c91   Thumb Code   150  sin.o(i.sin)
    uxListRemove                             0x08004d31   Thumb Code    36  list.o(i.uxListRemove)
    vApplicationIdleHook                     0x08004d55   Thumb Code     2  freertos.o(i.vApplicationIdleHook)
    vApplicationStackOverflowHook            0x08004d59   Thumb Code     8  freertos.o(i.vApplicationStackOverflowHook)
    vListInitialise                          0x08004d85   Thumb Code    22  list.o(i.vListInitialise)
    vListInitialiseItem                      0x08004d9b   Thumb Code     6  list.o(i.vListInitialiseItem)
    vListInsert                              0x08004da1   Thumb Code    48  list.o(i.vListInsert)
    vListInsertEnd                           0x08004dd1   Thumb Code    24  list.o(i.vListInsertEnd)
    vPortEnterCritical                       0x08004de9   Thumb Code    46  port.o(i.vPortEnterCritical)
    vPortExitCritical                        0x08004e21   Thumb Code    30  port.o(i.vPortExitCritical)
    vPortFree                                0x08004e45   Thumb Code    68  heap_4.o(i.vPortFree)
    vPortSetupTimerInterrupt                 0x08004e8d   Thumb Code    26  port.o(i.vPortSetupTimerInterrupt)
    vPortValidateInterruptPriority           0x08004ead   Thumb Code    54  port.o(i.vPortValidateInterruptPriority)
    vPortYield                               0x08004eed   Thumb Code    18  port.o(i.vPortYield)
    vTaskDelay                               0x08004f05   Thumb Code    76  tasks.o(i.vTaskDelay)
    vTaskMissedYield                         0x08004f55   Thumb Code     8  tasks.o(i.vTaskMissedYield)
    vTaskPlaceOnEventList                    0x08004f61   Thumb Code    80  tasks.o(i.vTaskPlaceOnEventList)
    vTaskPriorityInherit                     0x08004fb9   Thumb Code   124  tasks.o(i.vTaskPriorityInherit)
    vTaskSetTimeOutState                     0x0800503d   Thumb Code    22  tasks.o(i.vTaskSetTimeOutState)
    vTaskStartScheduler                      0x08005059   Thumb Code    66  tasks.o(i.vTaskStartScheduler)
    vTaskSuspendAll                          0x080050ad   Thumb Code    10  tasks.o(i.vTaskSuspendAll)
    vTaskSwitchContext                       0x080050bd   Thumb Code   116  tasks.o(i.vTaskSwitchContext)
    xPortStartScheduler                      0x08005139   Thumb Code   102  port.o(i.xPortStartScheduler)
    xPortSysTickHandler                      0x080051ad   Thumb Code    30  port.o(i.xPortSysTickHandler)
    xQueueGenericCreate                      0x080051d1   Thumb Code    80  queue.o(i.xQueueGenericCreate)
    xQueueGenericReceive                     0x08005221   Thumb Code   302  queue.o(i.xQueueGenericReceive)
    xQueueGenericReset                       0x0800534f   Thumb Code   106  queue.o(i.xQueueGenericReset)
    xQueueGenericSend                        0x080053b9   Thumb Code   276  queue.o(i.xQueueGenericSend)
    xQueueGenericSendFromISR                 0x080054cd   Thumb Code   140  queue.o(i.xQueueGenericSendFromISR)
    xQueueReceiveFromISR                     0x08005559   Thumb Code   118  queue.o(i.xQueueReceiveFromISR)
    xSerialGetChar                           0x080055cf   Thumb Code    30  bsp.o(i.xSerialGetChar)
    xTaskCheckForTimeOut                     0x080055ed   Thumb Code    82  tasks.o(i.xTaskCheckForTimeOut)
    xTaskGenericCreate                       0x08005645   Thumb Code   388  tasks.o(i.xTaskGenericCreate)
    xTaskGetSchedulerState                   0x080057d1   Thumb Code    22  tasks.o(i.xTaskGetSchedulerState)
    xTaskGetTickCount                        0x080057ed   Thumb Code     6  tasks.o(i.xTaskGetTickCount)
    xTaskGetTickCountFromISR                 0x080057f9   Thumb Code    12  tasks.o(i.xTaskGetTickCountFromISR)
    xTaskIncrementTick                       0x08005809   Thumb Code   184  tasks.o(i.xTaskIncrementTick)
    xTaskPriorityDisinherit                  0x080058c9   Thumb Code   124  tasks.o(i.xTaskPriorityDisinherit)
    xTaskRemoveFromEventList                 0x0800594d   Thumb Code    98  tasks.o(i.xTaskRemoveFromEventList)
    xTaskResumeAll                           0x080059b9   Thumb Code   162  tasks.o(i.xTaskResumeAll)
    os_mailQ_def_gSenorDataMail              0x08005a74   Data          12  main.o(.constdata)
    AHBPrescTable                            0x08005ae4   Data          16  system_stm32f1xx.o(.constdata)
    APBPrescTable                            0x08005af4   Data           8  system_stm32f1xx.o(.constdata)
    Region$$Table$$Base                      0x08005c64   Number         0  anon$$obj.o(Region$$Table)
    Region$$Table$$Limit                     0x08005c84   Number         0  anon$$obj.o(Region$$Table)
    uCRCErrorWorkaroundCheck                 0x20000004   Data           1  stm32f1xx_hal_spi_ex.o(.data)
    gUSART1_RX_TMP                           0x20000008   Data           1  main.o(.data)
    MainTaskHandle                           0x2000000c   Data           4  main.o(.data)
    DataParseTaskHandle                      0x20000010   Data           4  main.o(.data)
    DataProcessTaskHandle                    0x20000014   Data           4  main.o(.data)
    DataOutTaskHandle                        0x20000018   Data           4  main.o(.data)
    PrintTaskHandle                          0x2000001c   Data           4  main.o(.data)
    ReceiveDataQueueHandle                   0x20000020   Data           4  main.o(.data)
    PrintQueuesHandle                        0x20000024   Data           4  main.o(.data)
    gSenorDataMail                           0x20000028   Data           4  main.o(.data)
    gControlDataMail                         0x2000002c   Data           4  main.o(.data)
    os_mailQ_cb_gSenorDataMail               0x20000030   Data           4  main.o(.data)
    SpixTimeout                              0x20000034   Data           4  bsp.o(.data)
    gCurrentControl_Mode                     0x20000048   Data           1  mode_set.o(.data)
    gLasControl_Mode                         0x20000049   Data           1  mode_set.o(.data)
    gCurrent_SelectPinstate                  0x2000004a   Data           1  mode_set.o(.data)
    gLast_SelectPinstate                     0x2000004b   Data           1  mode_set.o(.data)
    pxCurrentTCB                             0x2000004c   Data           4  tasks.o(.data)
    SystemCoreClock                          0x200000a8   Data           4  system_stm32f1xx.o(.data)
    hspi1                                    0x200000b0   Data          88  main.o(.bss)
    huart1                                   0x20000108   Data          64  main.o(.bss)
    huart2                                   0x20000148   Data          64  main.o(.bss)
    hdma_usart1_rx                           0x20000188   Data          56  main.o(.bss)
    hdma_usart2_tx                           0x200001c0   Data          56  main.o(.bss)
    htim1                                    0x200001f8   Data          60  stm32f1xx_hal_timebase_tim.o(.bss)
    __initial_sp                             0x20004328   Data           0  startup_stm32f103xb.o(STACK)



==============================================================================

Memory Map of the image

  Image Entry point : 0x080000ed

  Load Region LR_IROM1 (Base: 0x08000000, Size: 0x00005d34, Max: 0x00020000, ABSOLUTE)

    Execution Region ER_IROM1 (Base: 0x08000000, Size: 0x00005c84, Max: 0x00020000, ABSOLUTE)

    Base Addr    Size         Type   Attr      Idx    E Section Name        Object

    0x08000000   0x000000ec   Data   RO         3098    RESET               startup_stm32f103xb.o
    0x080000ec   0x00000000   Code   RO         4171  * .ARM.Collect$$$$00000000  mc_w.l(entry.o)
    0x080000ec   0x00000004   Code   RO         4230    .ARM.Collect$$$$00000001  mc_w.l(entry2.o)
    0x080000f0   0x00000004   Code   RO         4233    .ARM.Collect$$$$00000004  mc_w.l(entry5.o)
    0x080000f4   0x00000000   Code   RO         4235    .ARM.Collect$$$$00000008  mc_w.l(entry7b.o)
    0x080000f4   0x00000000   Code   RO         4237    .ARM.Collect$$$$0000000A  mc_w.l(entry8b.o)
    0x080000f4   0x00000008   Code   RO         4238    .ARM.Collect$$$$0000000B  mc_w.l(entry9a.o)
    0x080000fc   0x00000000   Code   RO         4240    .ARM.Collect$$$$0000000D  mc_w.l(entry10a.o)
    0x080000fc   0x00000000   Code   RO         4242    .ARM.Collect$$$$0000000F  mc_w.l(entry11a.o)
    0x080000fc   0x00000004   Code   RO         4231    .ARM.Collect$$$$00002712  mc_w.l(entry2.o)
    0x08000100   0x000000a2   Code   RO         3472    .emb_text           port.o
    0x080001a2   0x00000002   PAD
    0x080001a4   0x00000024   Code   RO         3099    .text               startup_stm32f103xb.o
    0x080001c8   0x00000020   Code   RO         4174    .text               mc_w.l(llushr.o)
    0x080001e8   0x00000024   Code   RO         4176    .text               mc_w.l(memcpya.o)
    0x0800020c   0x00000024   Code   RO         4178    .text               mc_w.l(memseta.o)
    0x08000230   0x00000064   Code   RO         4182    .text               mf_w.l(fmul.o)
    0x08000294   0x0000007c   Code   RO         4184    .text               mf_w.l(fdiv.o)
    0x08000310   0x00000018   Code   RO         4186    .text               mf_w.l(fscalb.o)
    0x08000328   0x0000014e   Code   RO         4188    .text               mf_w.l(dadd.o)
    0x08000476   0x000000e4   Code   RO         4190    .text               mf_w.l(dmul.o)
    0x0800055a   0x000000de   Code   RO         4192    .text               mf_w.l(ddiv.o)
    0x08000638   0x00000012   Code   RO         4194    .text               mf_w.l(fflti.o)
    0x0800064a   0x00000032   Code   RO         4196    .text               mf_w.l(dfixui.o)
    0x0800067c   0x00000026   Code   RO         4198    .text               mf_w.l(f2d.o)
    0x080006a2   0x00000038   Code   RO         4200    .text               mf_w.l(d2f.o)
    0x080006da   0x0000001e   Code   RO         4244    .text               mc_w.l(llshl.o)
    0x080006f8   0x00000024   Code   RO         4246    .text               mc_w.l(llsshr.o)
    0x0800071c   0x00000000   Code   RO         4255    .text               mc_w.l(iusefp.o)
    0x0800071c   0x0000006e   Code   RO         4256    .text               mf_w.l(fepilogue.o)
    0x0800078a   0x000000ba   Code   RO         4258    .text               mf_w.l(depilogue.o)
    0x08000844   0x00000024   Code   RO         4264    .text               mc_w.l(init.o)
    0x08000868   0x0000002e   Code   RO         4266    .text               mf_w.l(dscalb.o)
    0x08000896   0x00000022   Code   RO         4268    .text               mf_w.l(dflti.o)
    0x080008b8   0x0000001a   Code   RO         4270    .text               mf_w.l(dfltui.o)
    0x080008d2   0x0000003e   Code   RO         4272    .text               mf_w.l(dfixi.o)
    0x08000910   0x0000002c   Code   RO         2780    i.BSP_USART_SendData  bsp.o
    0x0800093c   0x00000002   Code   RO         2539    i.BusFault_Handler  stm32f1xx_it.o
    0x0800093e   0x00000002   PAD
    0x08000940   0x0000002c   Code   RO         3014    i.ControlOut_Init   data_out.o
    0x0800096c   0x00000020   Code   RO         3015    i.ControlOut_PutControlData  data_out.o
    0x0800098c   0x0000002c   Code   RO         3016    i.ControlOut_ReleaseControl  data_out.o
    0x080009b8   0x00000100   Code   RO         3017    i.ControlOut_SetDACx_Voltage  data_out.o
    0x08000ab8   0x0000001a   Code   RO         3018    i.ControlOut_WriteTlc5615  data_out.o
    0x08000ad2   0x00000002   PAD
    0x08000ad4   0x0000000c   Code   RO         2540    i.DMA1_Channel5_IRQHandler  stm32f1xx_it.o
    0x08000ae0   0x0000000c   Code   RO         2541    i.DMA1_Channel7_IRQHandler  stm32f1xx_it.o
    0x08000aec   0x0000001e   Code   RO         2093    i.DMA_SetConfig     stm32f1xx_hal_dma.o
    0x08000b0a   0x00000002   PAD
    0x08000b0c   0x0000003c   Code   RO         2889    i.DataProcess_CalcPControlValue  data_process.o
    0x08000b48   0x00000020   Code   RO         2890    i.DataProcess_CheackProcessTime  data_process.o
    0x08000b68   0x0000024c   Code   RO         2891    i.DataProcess_DoProcess  data_process.o
    0x08000db4   0x00000058   Code   RO         2892    i.DataProcess_Init  data_process.o
    0x08000e0c   0x00000044   Code   RO         2893    i.DataProcess_InitPControlParam  data_process.o
    0x08000e50   0x00000040   Code   RO         2894    i.DataProcess_SetDataForRelease  data_process.o
    0x08000e90   0x00000002   Code   RO         2542    i.DebugMon_Handler  stm32f1xx_it.o
    0x08000e92   0x00000002   Code   RO         2364    i.Error_Handler     main.o
    0x08000e94   0x0000026c   Code   RO         2098    i.HAL_DMA_IRQHandler  stm32f1xx_hal_dma.o
    0x08001100   0x00000164   Code   RO         2099    i.HAL_DMA_Init      stm32f1xx_hal_dma.o
    0x08001264   0x000000b4   Code   RO         2102    i.HAL_DMA_Start_IT  stm32f1xx_hal_dma.o
    0x08001318   0x00000016   Code   RO         1693    i.HAL_Delay         stm32f1xx_hal.o
    0x0800132e   0x00000002   PAD
    0x08001330   0x0000016c   Code   RO         1039    i.HAL_GPIO_DeInit   stm32f1xx_hal_gpio.o
    0x0800149c   0x00000318   Code   RO         1042    i.HAL_GPIO_Init     stm32f1xx_hal_gpio.o
    0x080017b4   0x00000058   Code   RO         1044    i.HAL_GPIO_ReadPin  stm32f1xx_hal_gpio.o
    0x0800180c   0x0000006c   Code   RO         1046    i.HAL_GPIO_WritePin  stm32f1xx_hal_gpio.o
    0x08001878   0x0000000c   Code   RO         1697    i.HAL_GetTick       stm32f1xx_hal.o
    0x08001884   0x00000010   Code   RO         1698    i.HAL_IncTick       stm32f1xx_hal.o
    0x08001894   0x00000024   Code   RO         1699    i.HAL_Init          stm32f1xx_hal.o
    0x080018b8   0x00000074   Code   RO         2682    i.HAL_InitTick      stm32f1xx_hal_timebase_tim.o
    0x0800192c   0x00000080   Code   RO         2728    i.HAL_MspInit       stm32f1xx_hal_msp.o
    0x080019ac   0x00000060   Code   RO          829    i.HAL_NVIC_EnableIRQ  stm32f1xx_hal_cortex.o
    0x08001a0c   0x000000a0   Code   RO          835    i.HAL_NVIC_SetPriority  stm32f1xx_hal_cortex.o
    0x08001aac   0x00000080   Code   RO          836    i.HAL_NVIC_SetPriorityGrouping  stm32f1xx_hal_cortex.o
    0x08001b2c   0x0000028c   Code   RO          726    i.HAL_RCC_ClockConfig  stm32f1xx_hal_rcc.o
    0x08001db8   0x00000094   Code   RO          730    i.HAL_RCC_GetClockConfig  stm32f1xx_hal_rcc.o
    0x08001e4c   0x0000000c   Code   RO          731    i.HAL_RCC_GetHCLKFreq  stm32f1xx_hal_rcc.o
    0x08001e58   0x00000030   Code   RO          733    i.HAL_RCC_GetPCLK1Freq  stm32f1xx_hal_rcc.o
    0x08001e88   0x00000030   Code   RO          734    i.HAL_RCC_GetPCLK2Freq  stm32f1xx_hal_rcc.o
    0x08001eb8   0x00000088   Code   RO          735    i.HAL_RCC_GetSysClockFreq  stm32f1xx_hal_rcc.o
    0x08001f40   0x00000700   Code   RO          738    i.HAL_RCC_OscConfig  stm32f1xx_hal_rcc.o
    0x08002640   0x0000002e   Code   RO         1108    i.HAL_SPI_DeInit    stm32f1xx_hal_spi.o
    0x0800266e   0x00000002   PAD
    0x08002670   0x000001c4   Code   RO         2331    i.HAL_SPI_Init      stm32f1xx_hal_spi_ex.o
    0x08002834   0x00000028   Code   RO         2729    i.HAL_SPI_MspDeInit  stm32f1xx_hal_msp.o
    0x0800285c   0x00000058   Code   RO         2730    i.HAL_SPI_MspInit   stm32f1xx_hal_msp.o
    0x080028b4   0x0000019c   Code   RO         1121    i.HAL_SPI_Transmit  stm32f1xx_hal_spi.o
    0x08002a50   0x00000064   Code   RO          838    i.HAL_SYSTICK_CLKSourceConfig  stm32f1xx_hal_cortex.o
    0x08002ab4   0x00000028   Code   RO          840    i.HAL_SYSTICK_Config  stm32f1xx_hal_cortex.o
    0x08002adc   0x00000002   Code   RO         1453    i.HAL_TIMEx_BreakCallback  stm32f1xx_hal_tim_ex.o
    0x08002ade   0x00000002   Code   RO         1454    i.HAL_TIMEx_CommutationCallback  stm32f1xx_hal_tim_ex.o
    0x08002ae0   0x000000d0   Code   RO            6    i.HAL_TIM_Base_Init  stm32f1xx_hal_tim.o
    0x08002bb0   0x00000002   Code   RO            8    i.HAL_TIM_Base_MspInit  stm32f1xx_hal_tim.o
    0x08002bb2   0x00000002   PAD
    0x08002bb4   0x00000084   Code   RO           11    i.HAL_TIM_Base_Start_IT  stm32f1xx_hal_tim.o
    0x08002c38   0x00000002   Code   RO           35    i.HAL_TIM_IC_CaptureCallback  stm32f1xx_hal_tim.o
    0x08002c3a   0x00000166   Code   RO           48    i.HAL_TIM_IRQHandler  stm32f1xx_hal_tim.o
    0x08002da0   0x00000002   Code   RO           51    i.HAL_TIM_OC_DelayElapsedCallback  stm32f1xx_hal_tim.o
    0x08002da2   0x00000002   Code   RO           78    i.HAL_TIM_PWM_PulseFinishedCallback  stm32f1xx_hal_tim.o
    0x08002da4   0x00000004   Code   RO         2685    i.HAL_TIM_PeriodElapsedCallback  stm32f1xx_hal_timebase_tim.o
    0x08002da8   0x00000002   Code   RO           89    i.HAL_TIM_TriggerCallback  stm32f1xx_hal_tim.o
    0x08002daa   0x00000002   Code   RO         1832    i.HAL_UART_ErrorCallback  stm32f1xx_hal_uart.o
    0x08002dac   0x00000006   Code   RO         1834    i.HAL_UART_GetState  stm32f1xx_hal_uart.o
    0x08002db2   0x00000002   PAD
    0x08002db4   0x000000da   Code   RO         1835    i.HAL_UART_IRQHandler  stm32f1xx_hal_uart.o
    0x08002e8e   0x00000002   PAD
    0x08002e90   0x00000120   Code   RO         1836    i.HAL_UART_Init     stm32f1xx_hal_uart.o
    0x08002fb0   0x00000100   Code   RO         2732    i.HAL_UART_MspInit  stm32f1xx_hal_msp.o
    0x080030b0   0x00000088   Code   RO         1840    i.HAL_UART_Receive_DMA  stm32f1xx_hal_uart.o
    0x08003138   0x00000020   Code   RO         2365    i.HAL_UART_RxCpltCallback  main.o
    0x08003158   0x00000002   Code   RO         1843    i.HAL_UART_RxHalfCpltCallback  stm32f1xx_hal_uart.o
    0x0800315a   0x00000002   PAD
    0x0800315c   0x000000cc   Code   RO         1844    i.HAL_UART_Transmit  stm32f1xx_hal_uart.o
    0x08003228   0x00000002   Code   RO         1847    i.HAL_UART_TxCpltCallback  stm32f1xx_hal_uart.o
    0x0800322a   0x00000002   Code   RO         2543    i.HardFault_Handler  stm32f1xx_it.o
    0x0800322c   0x000000a0   Code   RO         2366    i.MX_GPIO_Init      main.o
    0x080032cc   0x00000040   Code   RO         2367    i.MX_SPI1_Init      main.o
    0x0800330c   0x00000002   Code   RO         2544    i.MemManage_Handler  stm32f1xx_it.o
    0x0800330e   0x00000002   PAD
    0x08003310   0x0000002c   Code   RO         3059    i.ModeControl_CheckAndSetAutoMode  mode_set.o
    0x0800333c   0x00000020   Code   RO         3060    i.ModeControl_Init  mode_set.o
    0x0800335c   0x00000010   Code   RO         3061    i.ModeControl_ReadModePinState  mode_set.o
    0x0800336c   0x00000078   Code   RO         3062    i.ModeControl_SelectMode  mode_set.o
    0x080033e4   0x00000002   Code   RO         2545    i.NMI_Handler       stm32f1xx_it.o
    0x080033e6   0x00000020   Code   RO          842    i.NVIC_SetPriority  stm32f1xx_hal_cortex.o
    0x08003406   0x0000009e   Code   RO         1144    i.SPI_WaitOnFlagUntilTimeout  stm32f1xx_hal_spi.o
    0x080034a4   0x00000044   Code   RO         2781    i.SPIx_Error        bsp.o
    0x080034e8   0x00000024   Code   RO         2783    i.SPIx_Write        bsp.o
    0x0800350c   0x00000030   Code   RO         2369    i.StartDataOutTask  main.o
    0x0800353c   0x000000ac   Code   RO         2370    i.StartDataParseTask  main.o
    0x080035e8   0x0000003c   Code   RO         2371    i.StartDataProcessTask  main.o
    0x08003624   0x00000012   Code   RO         2372    i.StartMainTask     main.o
    0x08003636   0x00000002   PAD
    0x08003638   0x0000002c   Code   RO         2373    i.StartPrintTask    main.o
    0x08003664   0x00000004   Code   RO         2546    i.SysTick_Handler   stm32f1xx_it.o
    0x08003668   0x00000066   Code   RO         2374    i.SystemClock_Config  main.o
    0x080036ce   0x00000002   PAD
    0x080036d0   0x00000048   Code   RO         4121    i.SystemInit        system_stm32f1xx.o
    0x08003718   0x0000000c   Code   RO         2547    i.TIM1_UP_IRQHandler  stm32f1xx_it.o
    0x08003724   0x00000064   Code   RO           90    i.TIM_Base_SetConfig  stm32f1xx_hal_tim.o
    0x08003788   0x0000001e   Code   RO         1849    i.UART_DMAError     stm32f1xx_hal_uart.o
    0x080037a6   0x00000002   PAD
    0x080037a8   0x00000036   Code   RO         1850    i.UART_DMAReceiveCplt  stm32f1xx_hal_uart.o
    0x080037de   0x0000000a   Code   RO         1851    i.UART_DMARxHalfCplt  stm32f1xx_hal_uart.o
    0x080037e8   0x000000a8   Code   RO         1854    i.UART_Receive_IT   stm32f1xx_hal_uart.o
    0x08003890   0x00000204   Code   RO         1855    i.UART_SetConfig    stm32f1xx_hal_uart.o
    0x08003a94   0x00000066   Code   RO         1856    i.UART_Transmit_IT  stm32f1xx_hal_uart.o
    0x08003afa   0x00000092   Code   RO         1857    i.UART_WaitOnFlagUntilTimeout  stm32f1xx_hal_uart.o
    0x08003b8c   0x0000000c   Code   RO         2548    i.USART1_IRQHandler  stm32f1xx_it.o
    0x08003b98   0x000000da   Code   RO         2784    i.USART_printf      bsp.o
    0x08003c72   0x00000002   Code   RO         2549    i.UsageFault_Handler  stm32f1xx_it.o
    0x08003c74   0x00000028   Code   RO         4260    i.__ARM_fpclassify  m_ws.l(fpclassify.o)
    0x08003c9c   0x00000388   Code   RO         4219    i.__ieee754_rem_pio2  m_ws.l(rred.o)
    0x08004024   0x000000fc   Code   RO         4202    i.__kernel_cos      m_ws.l(cos_i.o)
    0x08004120   0x000000aa   Code   RO         4262    i.__kernel_poly     m_ws.l(poly.o)
    0x080041ca   0x00000002   PAD
    0x080041cc   0x000000ec   Code   RO         4224    i.__kernel_sin      m_ws.l(sin_i.o)
    0x080042b8   0x00000006   Code   RO         4206    i.__mathlib_dbl_infnan  m_ws.l(dunder.o)
    0x080042be   0x0000000c   Code   RO         4208    i.__mathlib_dbl_invalid  m_ws.l(dunder.o)
    0x080042ca   0x00000002   PAD
    0x080042cc   0x00000010   Code   RO         4211    i.__mathlib_dbl_underflow  m_ws.l(dunder.o)
    0x080042dc   0x0000000e   Code   RO         4276    i.__scatterload_copy  mc_w.l(handlers.o)
    0x080042ea   0x00000002   Code   RO         4277    i.__scatterload_null  mc_w.l(handlers.o)
    0x080042ec   0x0000000e   Code   RO         4278    i.__scatterload_zeroinit  mc_w.l(handlers.o)
    0x080042fa   0x00000002   PAD
    0x080042fc   0x0000000c   Code   RO         4250    i.__set_errno       mc_w.l(errno.o)
    0x08004308   0x00000040   Code   RO         2375    i.assert_failed     main.o
    0x08004348   0x0000009c   Code   RO         4156    i.cos               m_ws.l(cos.o)
    0x080043e4   0x0000001e   Code   RO         2961    i.doSumCheck        uart_received_data_parse.o
    0x08004402   0x0000000c   Code   RO         3545    i.inHandlerMode     cmsis_os.o
    0x0800440e   0x00000002   PAD
    0x08004410   0x00000168   Code   RO         2376    i.main              main.o
    0x08004578   0x0000000c   Code   RO         3547    i.makeFreeRtosPriority  cmsis_os.o
    0x08004584   0x0000000e   Code   RO         3548    i.osDelay           cmsis_os.o
    0x08004592   0x0000000a   Code   RO         3551    i.osKernelStart     cmsis_os.o
    0x0800459c   0x00000018   Code   RO         3552    i.osKernelSysTick   cmsis_os.o
    0x080045b4   0x0000000c   Code   RO         3553    i.osMailAlloc       cmsis_os.o
    0x080045c0   0x0000005c   Code   RO         3555    i.osMailCreate      cmsis_os.o
    0x0800461c   0x0000000c   Code   RO         3556    i.osMailFree        cmsis_os.o
    0x08004628   0x0000008c   Code   RO         3557    i.osMailGet         cmsis_os.o
    0x080046b4   0x00000054   Code   RO         3558    i.osMailPut         cmsis_os.o
    0x08004708   0x00000008   Code   RO         3559    i.osMessageCreate   cmsis_os.o
    0x08004710   0x00000090   Code   RO         3560    i.osMessageGet      cmsis_os.o
    0x080047a0   0x00000054   Code   RO         3562    i.osMessagePut      cmsis_os.o
    0x080047f4   0x00000060   Code   RO         3567    i.osPoolAlloc       cmsis_os.o
    0x08004854   0x0000005e   Code   RO         3569    i.osPoolCreate      cmsis_os.o
    0x080048b2   0x00000030   Code   RO         3570    i.osPoolFree        cmsis_os.o
    0x080048e2   0x00000014   Code   RO         3580    i.osSystickHandler  cmsis_os.o
    0x080048f6   0x00000038   Code   RO         3581    i.osThreadCreate    cmsis_os.o
    0x0800492e   0x00000002   PAD
    0x08004930   0x00000034   Code   RO         3103    i.prvAddCurrentTaskToDelayedList  tasks.o
    0x08004964   0x00000054   Code   RO         3104    i.prvCheckTasksWaitingTermination  tasks.o
    0x080049b8   0x00000026   Code   RO         3973    i.prvCopyDataFromQueue  queue.o
    0x080049de   0x0000006e   Code   RO         3974    i.prvCopyDataToQueue  queue.o
    0x08004a4c   0x0000004c   Code   RO         3417    i.prvHeapInit       heap_4.o
    0x08004a98   0x0000001c   Code   RO         3105    i.prvIdleTask       tasks.o
    0x08004ab4   0x0000004c   Code   RO         3418    i.prvInsertBlockIntoFreeList  heap_4.o
    0x08004b00   0x00000020   Code   RO         3107    i.prvResetNextTaskUnblockTime  tasks.o
    0x08004b20   0x00000018   Code   RO         3473    i.prvTaskExitError  port.o
    0x08004b38   0x00000064   Code   RO         3975    i.prvUnlockQueue    queue.o
    0x08004b9c   0x000000bc   Code   RO         3419    i.pvPortMalloc      heap_4.o
    0x08004c58   0x00000018   Code   RO         3110    i.pvTaskIncrementMutexHeldCount  tasks.o
    0x08004c70   0x00000020   Code   RO         3474    i.pxPortInitialiseStack  port.o
    0x08004c90   0x000000a0   Code   RO         4164    i.sin               m_ws.l(sin.o)
    0x08004d30   0x00000024   Code   RO         3866    i.uxListRemove      list.o
    0x08004d54   0x00000002   Code   RO         2630    i.vApplicationIdleHook  freertos.o
    0x08004d56   0x00000002   PAD
    0x08004d58   0x0000002c   Code   RO         2631    i.vApplicationStackOverflowHook  freertos.o
    0x08004d84   0x00000016   Code   RO         3867    i.vListInitialise   list.o
    0x08004d9a   0x00000006   Code   RO         3868    i.vListInitialiseItem  list.o
    0x08004da0   0x00000030   Code   RO         3869    i.vListInsert       list.o
    0x08004dd0   0x00000018   Code   RO         3870    i.vListInsertEnd    list.o
    0x08004de8   0x00000038   Code   RO         3476    i.vPortEnterCritical  port.o
    0x08004e20   0x00000024   Code   RO         3477    i.vPortExitCritical  port.o
    0x08004e44   0x00000048   Code   RO         3420    i.vPortFree         heap_4.o
    0x08004e8c   0x00000020   Code   RO         3478    i.vPortSetupTimerInterrupt  port.o
    0x08004eac   0x00000040   Code   RO         3479    i.vPortValidateInterruptPriority  port.o
    0x08004eec   0x00000018   Code   RO         3480    i.vPortYield        port.o
    0x08004f04   0x00000050   Code   RO         3119    i.vTaskDelay        tasks.o
    0x08004f54   0x0000000c   Code   RO         3122    i.vTaskMissedYield  tasks.o
    0x08004f60   0x00000058   Code   RO         3124    i.vTaskPlaceOnEventList  tasks.o
    0x08004fb8   0x00000084   Code   RO         3126    i.vTaskPriorityInherit  tasks.o
    0x0800503c   0x0000001c   Code   RO         3130    i.vTaskSetTimeOutState  tasks.o
    0x08005058   0x00000054   Code   RO         3131    i.vTaskStartScheduler  tasks.o
    0x080050ac   0x00000010   Code   RO         3133    i.vTaskSuspendAll   tasks.o
    0x080050bc   0x0000007c   Code   RO         3134    i.vTaskSwitchContext  tasks.o
    0x08005138   0x00000074   Code   RO         3481    i.xPortStartScheduler  port.o
    0x080051ac   0x00000024   Code   RO         3482    i.xPortSysTickHandler  port.o
    0x080051d0   0x00000050   Code   RO         3986    i.xQueueGenericCreate  queue.o
    0x08005220   0x0000012e   Code   RO         3987    i.xQueueGenericReceive  queue.o
    0x0800534e   0x0000006a   Code   RO         3988    i.xQueueGenericReset  queue.o
    0x080053b8   0x00000114   Code   RO         3989    i.xQueueGenericSend  queue.o
    0x080054cc   0x0000008c   Code   RO         3990    i.xQueueGenericSendFromISR  queue.o
    0x08005558   0x00000076   Code   RO         3995    i.xQueueReceiveFromISR  queue.o
    0x080055ce   0x0000001e   Code   RO         2787    i.xSerialGetChar    bsp.o
    0x080055ec   0x00000058   Code   RO         3135    i.xTaskCheckForTimeOut  tasks.o
    0x08005644   0x0000018c   Code   RO         3136    i.xTaskGenericCreate  tasks.o
    0x080057d0   0x0000001c   Code   RO         3140    i.xTaskGetSchedulerState  tasks.o
    0x080057ec   0x0000000c   Code   RO         3141    i.xTaskGetTickCount  tasks.o
    0x080057f8   0x00000010   Code   RO         3142    i.xTaskGetTickCountFromISR  tasks.o
    0x08005808   0x000000c0   Code   RO         3143    i.xTaskIncrementTick  tasks.o
    0x080058c8   0x00000084   Code   RO         3146    i.xTaskPriorityDisinherit  tasks.o
    0x0800594c   0x0000006c   Code   RO         3147    i.xTaskRemoveFromEventList  tasks.o
    0x080059b8   0x000000ac   Code   RO         3149    i.xTaskResumeAll    tasks.o
    0x08005a64   0x00000080   Data   RO         2380    .constdata          main.o
    0x08005ae4   0x00000010   Data   RO         4122    .constdata          system_stm32f1xx.o
    0x08005af4   0x00000008   Data   RO         4123    .constdata          system_stm32f1xx.o
    0x08005afc   0x00000004   PAD
    0x08005b00   0x00000030   Data   RO         4203    .constdata          m_ws.l(cos_i.o)
    0x08005b30   0x000000c8   Data   RO         4221    .constdata          m_ws.l(rred.o)
    0x08005bf8   0x00000028   Data   RO         4225    .constdata          m_ws.l(sin_i.o)
    0x08005c20   0x00000044   Data   RO         2388    .conststring        main.o
    0x08005c64   0x00000020   Data   RO         4274    Region$$Table       anon$$obj.o


    Execution Region RW_IRAM1 (Base: 0x20000000, Size: 0x00004328, Max: 0x00005000, ABSOLUTE)

    Base Addr    Size         Type   Attr      Idx    E Section Name        Object

    0x20000000   0x00000004   Data   RW         1705    .data               stm32f1xx_hal.o
    0x20000004   0x00000001   Data   RW         2333    .data               stm32f1xx_hal_spi_ex.o
    0x20000005   0x00000003   PAD
    0x20000008   0x00000028   Data   RW         2389    .data               main.o
    0x20000030   0x00000004   Data   RW         2391    .data               main.o
    0x20000034   0x00000004   Data   RW         2789    .data               bsp.o
    0x20000038   0x00000010   Data   RW         2897    .data               data_process.o
    0x20000048   0x00000004   Data   RW         3063    .data               mode_set.o
    0x2000004c   0x00000038   Data   RW         3152    .data               tasks.o
    0x20000084   0x00000018   Data   RW         3425    .data               heap_4.o
    0x2000009c   0x0000000c   Data   RW         3483    .data               port.o
    0x200000a8   0x00000004   Data   RW         4124    .data               system_stm32f1xx.o
    0x200000ac   0x00000004   Data   RW         4251    .data               mc_w.l(errno.o)
    0x200000b0   0x000000d8   Zero   RW         2377    .bss                main.o
    0x20000188   0x00000038   Zero   RW         2378    .bss                main.o
    0x200001c0   0x00000038   Zero   RW         2379    .bss                main.o
    0x200001f8   0x0000003c   Zero   RW         2686    .bss                stm32f1xx_hal_timebase_tim.o
    0x20000234   0x000000f0   Zero   RW         3151    .bss                tasks.o
    0x20000324   0x00003c00   Zero   RW         3424    .bss                heap_4.o
    0x20003f24   0x00000004   PAD
    0x20003f28   0x00000400   Zero   RW         3096    STACK               startup_stm32f103xb.o


==============================================================================

Image component sizes


      Code (inc. data)   RO Data    RW Data    ZI Data      Debug   Object Name

       396         18          0          4          0       9052   bsp.o
       962         22          0          0          0      20424   cmsis_os.o
       402         64          0          0          0       3674   data_out.o
       900        206          0         16          0       6339   data_process.o
        46         36          0          0          0       1051   freertos.o
       412         24          0         24      15360       4663   heap_4.o
       136          0          0          0          0       3826   list.o
      1126        130        196         44        328      34514   main.o
       212         26          0          4          0       4434   mode_set.o
       582         78          0         12          0       9418   port.o
      1270          0          0          0          0      11416   queue.o
        36          8        236          0       1024        836   startup_stm32f103xb.o
        86         16          0          4          0       3439   stm32f1xx_hal.o
       556        256          0          0          0      27041   stm32f1xx_hal_cortex.o
      1186        122          0          0          0       4119   stm32f1xx_hal_dma.o
      1352        340          0          0          0       5325   stm32f1xx_hal_gpio.o
       512         64          0          0          0       3295   stm32f1xx_hal_msp.o
      2836        280          0          0          0       7257   stm32f1xx_hal_rcc.o
       616         56          0          0          0       3580   stm32f1xx_hal_spi.o
       452         74          0          1          0       1666   stm32f1xx_hal_spi_ex.o
       808        150          0          0          0     465354   stm32f1xx_hal_tim.o
         4          0          0          0          0       1774   stm32f1xx_hal_tim_ex.o
       120         18          0          0         60       2224   stm32f1xx_hal_timebase_tim.o
      1884        156          0          0          0      12310   stm32f1xx_hal_uart.o
        64         24          0          0          0       5470   stm32f1xx_it.o
        72         16         24          4          0       1599   system_stm32f1xx.o
      1928        156          0         56        240      22991   tasks.o
        30          0          0          0          0       1317   uart_received_data_parse.o

    ----------------------------------------------------------------------
     19020       2340        492        172      17016     678408   Object Totals
         0          0         32          0          0          0   (incl. Generated)
        34          0          4          3          4          0   (incl. Padding)

    ----------------------------------------------------------------------

      Code (inc. data)   RO Data    RW Data    ZI Data      Debug   Library Member Name

       156          8          0          0          0        104   cos.o
       252         22         48          0          0        124   cos_i.o
        34          6          0          0          0        204   dunder.o
        40          0          0          0          0         68   fpclassify.o
       170          0          0          0          0         96   poly.o
       904         76        200          0          0        140   rred.o
       160         10          0          0          0        108   sin.o
       236         12         40          0          0        128   sin_i.o
         0          0          0          0          0          0   entry.o
         0          0          0          0          0          0   entry10a.o
         0          0          0          0          0          0   entry11a.o
         8          4          0          0          0          0   entry2.o
         4          0          0          0          0          0   entry5.o
         0          0          0          0          0          0   entry7b.o
         0          0          0          0          0          0   entry8b.o
         8          4          0          0          0          0   entry9a.o
        12          6          0          4          0         68   errno.o
        30          0          0          0          0          0   handlers.o
        36          8          0          0          0         68   init.o
         0          0          0          0          0          0   iusefp.o
        30          0          0          0          0         68   llshl.o
        36          0          0          0          0         68   llsshr.o
        32          0          0          0          0         68   llushr.o
        36          0          0          0          0         68   memcpya.o
        36          0          0          0          0        108   memseta.o
        56          0          0          0          0         88   d2f.o
       334          0          0          0          0        148   dadd.o
       222          0          0          0          0        100   ddiv.o
       186          0          0          0          0        176   depilogue.o
        62          0          0          0          0         80   dfixi.o
        50          0          0          0          0         76   dfixui.o
        34          0          0          0          0         76   dflti.o
        26          0          0          0          0         76   dfltui.o
       228          0          0          0          0         96   dmul.o
        46          0          0          0          0         80   dscalb.o
        38          0          0          0          0         68   f2d.o
       124          0          0          0          0         88   fdiv.o
       110          0          0          0          0        168   fepilogue.o
        18          0          0          0          0         68   fflti.o
       100          0          0          0          0         76   fmul.o
        24          0          0          0          0         68   fscalb.o

    ----------------------------------------------------------------------
      3884        156        288          4          0       3020   Library Totals
         6          0          0          0          0          0   (incl. Padding)

    ----------------------------------------------------------------------

      Code (inc. data)   RO Data    RW Data    ZI Data      Debug   Library Name

      1952        134        288          0          0        972   m_ws.l
       268         22          0          4          0        516   mc_w.l
      1658          0          0          0          0       1532   mf_w.l

    ----------------------------------------------------------------------
      3884        156        288          4          0       3020   Library Totals

    ----------------------------------------------------------------------

==============================================================================


      Code (inc. data)   RO Data    RW Data    ZI Data      Debug   

     22904       2496        780        176      17016     670972   Grand Totals
     22904       2496        780        176      17016     670972   ELF Image Totals
     22904       2496        780        176          0          0   ROM Totals

==============================================================================

    Total RO  Size (Code + RO Data)                23684 (  23.13kB)
    Total RW  Size (RW Data + ZI Data)             17192 (  16.79kB)
    Total ROM Size (Code + RO Data + RW Data)      23860 (  23.30kB)

==============================================================================

