<html>
<body>
<pre>
<h1>礦ision Build Log</h1>
<h2>Tool Versions:</h2>
IDE-Version: μVision V5.17.0.0
Copyright (C) 2015 ARM Ltd and ARM Germany GmbH. All rights reserved.
License Information: Chongde Zi, ChongDe, LIC=ATTTG-VM306-45QT5-G2PSV-3ITF2-HB5L7
 
Tool Versions:
Toolchain:       MDK-ARM Standard  Version: 5.17
Toolchain Path:  F:\DevelopTool\Keil\ARM\ARMCC\Bin
C Compiler:      Armcc.exe V5.06 update 1 (build 61)
Assembler:       Armasm.exe V5.06 update 1 (build 61)
Linker/Locator:  ArmLink.exe V5.06 update 1 (build 61)
Library Manager: ArmAr.exe V5.06 update 1 (build 61)
Hex Converter:   FromElf.exe V5.06 update 1 (build 61)
CPU DLL:         SARMCM3.DLL V5.17
Dialog DLL:      DCM.DLL V1.13.4.0
Target DLL:      Segger\JL2CM3.dll V2.99.16.0
Dialog DLL:      TCM.DLL V1.14.6.0
 
<h2>Project:</h2>
H:\我的文档\GitHub\VehicleAutoLanding\VehicleAutoLandingControl_useRC\VehicleAutoLandingControl_useRC\FOR_STM32F103CBTx\MDK-ARM\FOR_STM32F103CBTx.uvprojx
Project File Date:  07/01/2016

<h2>Output:</h2>
*** Using Compiler 'V5.06 update 1 (build 61)', folder: 'F:\DevelopTool\Keil\ARM\ARMCC\Bin'
Build target 'FOR_STM32F103CBTx'
compiling freertos.c...
compiling bsp.c...
compiling main.c...
compiling data_process.c...
compiling uart_received_data_parse.c...
compiling data_out.c...
compiling mode_set.c...
linking...
Program Size: Code=22904 RO-data=780 RW-data=176 ZI-data=17016  
FromELF: creating hex file...
"FOR_STM32F103CBTx\FOR_STM32F103CBTx.axf" - 0 Error(s), 0 Warning(s).

<h2>Software Packages used:</h2>

Package Vendor: ARM
                http://www.keil.com/pack/ARM.CMSIS.4.5.0.pack
                ARM::CMSIS:CORE:4.3.0
                CMSIS (Cortex Microcontroller Software Interface Standard)
   * Component: CORE Version: 4.3.0

<h2>Collection of Component include folders:</h2>
  H:\我的文档\GitHub\VehicleAutoLanding\VehicleAutoLandingControl_useRC\VehicleAutoLandingControl_useRC\FOR_STM32F103CBTx\MDK-ARM\RTE
  F:\DevelopTool\Keil\ARM\PACK\ARM\CMSIS\4.5.0\CMSIS\Include
  F:\DevelopTool\Keil\ARM\PACK\Keil\STM32F1xx_DFP\2.0.0\Device\Include

<h2>Collection of Component Files used:</h2>

   * Component: ARM::CMSIS:CORE:4.3.0
Build Time Elapsed:  00:00:54
</pre>
</body>
</html>
