Component: ARM Compiler 5.06 update 1 (build 61) Tool: armlink [4d35a8]

==============================================================================

Section Cross References

    stm32f1xx_hal_tim.o(i.HAL_TIM_Base_DeInit) refers to main.o(i.assert_failed) for assert_failed
    stm32f1xx_hal_tim.o(i.HAL_TIM_Base_DeInit) refers to stm32f1xx_hal_tim.o(i.HAL_TIM_Base_MspDeInit) for HAL_TIM_Base_MspDeInit
    stm32f1xx_hal_tim.o(i.HAL_TIM_Base_Init) refers to main.o(i.assert_failed) for assert_failed
    stm32f1xx_hal_tim.o(i.HAL_TIM_Base_Init) refers to stm32f1xx_hal_tim.o(i.HAL_TIM_Base_MspInit) for HAL_TIM_Base_MspInit
    stm32f1xx_hal_tim.o(i.HAL_TIM_Base_Init) refers to stm32f1xx_hal_tim.o(i.TIM_Base_SetConfig) for TIM_Base_SetConfig
    stm32f1xx_hal_tim.o(i.HAL_TIM_Base_Start) refers to main.o(i.assert_failed) for assert_failed
    stm32f1xx_hal_tim.o(i.HAL_TIM_Base_Start_DMA) refers to main.o(i.assert_failed) for assert_failed
    stm32f1xx_hal_tim.o(i.HAL_TIM_Base_Start_DMA) refers to stm32f1xx_hal_dma.o(i.HAL_DMA_Start_IT) for HAL_DMA_Start_IT
    stm32f1xx_hal_tim.o(i.HAL_TIM_Base_Start_DMA) refers to stm32f1xx_hal_tim.o(i.TIM_DMAPeriodElapsedCplt) for TIM_DMAPeriodElapsedCplt
    stm32f1xx_hal_tim.o(i.HAL_TIM_Base_Start_DMA) refers to stm32f1xx_hal_tim.o(i.TIM_DMAError) for TIM_DMAError
    stm32f1xx_hal_tim.o(i.HAL_TIM_Base_Start_IT) refers to main.o(i.assert_failed) for assert_failed
    stm32f1xx_hal_tim.o(i.HAL_TIM_Base_Stop) refers to main.o(i.assert_failed) for assert_failed
    stm32f1xx_hal_tim.o(i.HAL_TIM_Base_Stop_DMA) refers to main.o(i.assert_failed) for assert_failed
    stm32f1xx_hal_tim.o(i.HAL_TIM_Base_Stop_IT) refers to main.o(i.assert_failed) for assert_failed
    stm32f1xx_hal_tim.o(i.HAL_TIM_ConfigClockSource) refers to main.o(i.assert_failed) for assert_failed
    stm32f1xx_hal_tim.o(i.HAL_TIM_ConfigClockSource) refers to stm32f1xx_hal_tim.o(i.TIM_ETR_SetConfig) for TIM_ETR_SetConfig
    stm32f1xx_hal_tim.o(i.HAL_TIM_ConfigClockSource) refers to stm32f1xx_hal_tim.o(i.TIM_TI1_ConfigInputStage) for TIM_TI1_ConfigInputStage
    stm32f1xx_hal_tim.o(i.HAL_TIM_ConfigClockSource) refers to stm32f1xx_hal_tim.o(i.TIM_TI2_ConfigInputStage) for TIM_TI2_ConfigInputStage
    stm32f1xx_hal_tim.o(i.HAL_TIM_ConfigClockSource) refers to stm32f1xx_hal_tim.o(i.TIM_ITRx_SetConfig) for TIM_ITRx_SetConfig
    stm32f1xx_hal_tim.o(i.HAL_TIM_ConfigOCrefClear) refers to main.o(i.assert_failed) for assert_failed
    stm32f1xx_hal_tim.o(i.HAL_TIM_ConfigOCrefClear) refers to stm32f1xx_hal_tim.o(i.TIM_ETR_SetConfig) for TIM_ETR_SetConfig
    stm32f1xx_hal_tim.o(i.HAL_TIM_ConfigTI1Input) refers to main.o(i.assert_failed) for assert_failed
    stm32f1xx_hal_tim.o(i.HAL_TIM_DMABurst_ReadStart) refers to main.o(i.assert_failed) for assert_failed
    stm32f1xx_hal_tim.o(i.HAL_TIM_DMABurst_ReadStart) refers to stm32f1xx_hal_dma.o(i.HAL_DMA_Start_IT) for HAL_DMA_Start_IT
    stm32f1xx_hal_tim.o(i.HAL_TIM_DMABurst_ReadStart) refers to stm32f1xx_hal_tim.o(i.TIM_DMAError) for TIM_DMAError
    stm32f1xx_hal_tim.o(i.HAL_TIM_DMABurst_ReadStart) refers to stm32f1xx_hal_tim.o(i.TIM_DMACaptureCplt) for TIM_DMACaptureCplt
    stm32f1xx_hal_tim.o(i.HAL_TIM_DMABurst_ReadStart) refers to stm32f1xx_hal_tim.o(i.TIM_DMAPeriodElapsedCplt) for TIM_DMAPeriodElapsedCplt
    stm32f1xx_hal_tim.o(i.HAL_TIM_DMABurst_ReadStart) refers to stm32f1xx_hal_tim_ex.o(i.TIMEx_DMACommutationCplt) for TIMEx_DMACommutationCplt
    stm32f1xx_hal_tim.o(i.HAL_TIM_DMABurst_ReadStart) refers to stm32f1xx_hal_tim.o(i.TIM_DMATriggerCplt) for TIM_DMATriggerCplt
    stm32f1xx_hal_tim.o(i.HAL_TIM_DMABurst_ReadStop) refers to main.o(i.assert_failed) for assert_failed
    stm32f1xx_hal_tim.o(i.HAL_TIM_DMABurst_ReadStop) refers to stm32f1xx_hal_dma.o(i.HAL_DMA_Abort) for HAL_DMA_Abort
    stm32f1xx_hal_tim.o(i.HAL_TIM_DMABurst_WriteStart) refers to main.o(i.assert_failed) for assert_failed
    stm32f1xx_hal_tim.o(i.HAL_TIM_DMABurst_WriteStart) refers to stm32f1xx_hal_dma.o(i.HAL_DMA_Start_IT) for HAL_DMA_Start_IT
    stm32f1xx_hal_tim.o(i.HAL_TIM_DMABurst_WriteStart) refers to stm32f1xx_hal_tim.o(i.TIM_DMAError) for TIM_DMAError
    stm32f1xx_hal_tim.o(i.HAL_TIM_DMABurst_WriteStart) refers to stm32f1xx_hal_tim.o(i.TIM_DMADelayPulseCplt) for TIM_DMADelayPulseCplt
    stm32f1xx_hal_tim.o(i.HAL_TIM_DMABurst_WriteStart) refers to stm32f1xx_hal_tim.o(i.TIM_DMAPeriodElapsedCplt) for TIM_DMAPeriodElapsedCplt
    stm32f1xx_hal_tim.o(i.HAL_TIM_DMABurst_WriteStart) refers to stm32f1xx_hal_tim_ex.o(i.TIMEx_DMACommutationCplt) for TIMEx_DMACommutationCplt
    stm32f1xx_hal_tim.o(i.HAL_TIM_DMABurst_WriteStart) refers to stm32f1xx_hal_tim.o(i.TIM_DMATriggerCplt) for TIM_DMATriggerCplt
    stm32f1xx_hal_tim.o(i.HAL_TIM_DMABurst_WriteStop) refers to main.o(i.assert_failed) for assert_failed
    stm32f1xx_hal_tim.o(i.HAL_TIM_DMABurst_WriteStop) refers to stm32f1xx_hal_dma.o(i.HAL_DMA_Abort) for HAL_DMA_Abort
[...]
    ..\Drivers\STM32F1xx_HAL_Driver\Src\stm32f1xx_hal_dma.c 0x00000000   Number         0  stm32f1xx_hal_dma.o ABSOLUTE
    ..\Drivers\STM32F1xx_HAL_Driver\Src\stm32f1xx_hal_flash.c 0x00000000   Number         0  stm32f1xx_hal_flash.o ABSOLUTE
    ..\Drivers\STM32F1xx_HAL_Driver\Src\stm32f1xx_hal_flash_ex.c 0x00000000   Number         0  stm32f1xx_hal_flash_ex.o ABSOLUTE
    ..\Drivers\STM32F1xx_HAL_Driver\Src\stm32f1xx_hal_gpio.c 0x00000000   Number         0  stm32f1xx_hal_gpio.o ABSOLUTE
    ..\Drivers\STM32F1xx_HAL_Driver\Src\stm32f1xx_hal_gpio_ex.c 0x00000000   Number         0  stm32f1xx_hal_gpio_ex.o ABSOLUTE
    ..\Drivers\STM32F1xx_HAL_Driver\Src\stm32f1xx_hal_pwr.c 0x00000000   Number         0  stm32f1xx_hal_pwr.o ABSOLUTE
    ..\Drivers\STM32F1xx_HAL_Driver\Src\stm32f1xx_hal_rcc.c 0x00000000   Number         0  stm32f1xx_hal_rcc.o ABSOLUTE
    ..\Drivers\STM32F1xx_HAL_Driver\Src\stm32f1xx_hal_rcc_ex.c 0x00000000   Number         0  stm32f1xx_hal_rcc_ex.o ABSOLUTE
    ..\Drivers\STM32F1xx_HAL_Driver\Src\stm32f1xx_hal_spi.c 0x00000000   Number         0  stm32f1xx_hal_spi.o ABSOLUTE
    ..\Drivers\STM32F1xx_HAL_Driver\Src\stm32f1xx_hal_spi_ex.c 0x00000000   Number         0  stm32f1xx_hal_spi_ex.o ABSOLUTE
    ..\Drivers\STM32F1xx_HAL_Driver\Src\stm32f1xx_hal_tim.c 0x00000000   Number         0  stm32f1xx_hal_tim.o ABSOLUTE
    ..\Drivers\STM32F1xx_HAL_Driver\Src\stm32f1xx_hal_tim_ex.c 0x00000000   Number         0  stm32f1xx_hal_tim_ex.o ABSOLUTE
    ..\Drivers\STM32F1xx_HAL_Driver\Src\stm32f1xx_hal_uart.c 0x00000000   Number         0  stm32f1xx_hal_uart.o ABSOLUTE
    ..\Middlewares\Third_Party\FreeRTOS\Source\CMSIS_RTOS\cmsis_os.c 0x00000000   Number         0  cmsis_os.o ABSOLUTE
    ..\Middlewares\Third_Party\FreeRTOS\Source\portable\RVDS\ARM_CM3\port.c 0x00000000   Number         0  port.o ABSOLUTE
    ..\Src\bsp.c                             0x00000000   Number         0  bsp.o ABSOLUTE
    ..\Src\data_out.c                        0x00000000   Number         0  data_out.o ABSOLUTE
    ..\Src\data_process.c                    0x00000000   Number         0  data_process.o ABSOLUTE
    ..\Src\freertos.c                        0x00000000   Number         0  freertos.o ABSOLUTE
    ..\Src\main.c                            0x00000000   Number         0  main.o ABSOLUTE
    ..\Src\mode_set.c                        0x00000000   Number         0  mode_set.o ABSOLUTE
    ..\Src\stm32f1xx_hal_msp.c               0x00000000   Number         0  stm32f1xx_hal_msp.o ABSOLUTE
    ..\Src\stm32f1xx_hal_timebase_TIM.c      0x00000000   Number         0  stm32f1xx_hal_timebase_tim.o ABSOLUTE
    ..\Src\stm32f1xx_it.c                    0x00000000   Number         0  stm32f1xx_it.o ABSOLUTE
    ..\Src\uart_received_data_parse.c        0x00000000   Number         0  uart_received_data_parse.o ABSOLUTE
    ..\\Src\\bsp.c                           0x00000000   Number         0  bsp.o ABSOLUTE
    ..\\Src\\data_out.c                      0x00000000   Number         0  data_out.o ABSOLUTE
    ..\\Src\\data_process.c                  0x00000000   Number         0  data_process.o ABSOLUTE
    ..\\Src\\mode_set.c                      0x00000000   Number         0  mode_set.o ABSOLUTE
    ..\\Src\\uart_received_data_parse.c      0x00000000   Number         0  uart_received_data_parse.o ABSOLUTE
    cdrcmple.s                               0x00000000   Number         0  cdrcmple.o ABSOLUTE
    dc.s                                     0x00000000   Number         0  dc.o ABSOLUTE
    handlers.s                               0x00000000   Number         0  handlers.o ABSOLUTE
    init.s                                   0x00000000   Number         0  init.o ABSOLUTE
    startup_stm32f103xb.s                    0x00000000   Number         0  startup_stm32f103xb.o ABSOLUTE
    RESET                                    0x08000000   Section      236  startup_stm32f103xb.o(RESET)
    .ARM.Collect$$$$00000000                 0x080000ec   Section        0  entry.o(.ARM.Collect$$$$00000000)
    .ARM.Collect$$$$00000001                 0x080000ec   Section        4  entry2.o(.ARM.Collect$$$$00000001)
    .ARM.Collect$$$$00000004                 0x080000f0   Section        4  entry5.o(.ARM.Collect$$$$00000004)
    .ARM.Collect$$$$00000008                 0x080000f4   Section        0  entry7b.o(.ARM.Collect$$$$00000008)
    .ARM.Collect$$$$0000000A                 0x080000f4   Section        0  entry8b.o(.ARM.Collect$$$$0000000A)
    .ARM.Collect$$$$0000000B                 0x080000f4   Section        8  entry9a.o(.ARM.Collect$$$$0000000B)
    .ARM.Collect$$$$0000000D                 0x080000fc   Section        0  entry10a.o(.ARM.Collect$$$$0000000D)
    .ARM.Collect$$$$0000000F                 0x080000fc   Section        0  entry11a.o(.ARM.Collect$$$$0000000F)
    .ARM.Collect$$$$00002712                 0x080000fc   Section        4  entry2.o(.ARM.Collect$$$$00002712)
    __lit__00000000                          0x080000fc   Data           4  entry2.o(.ARM.Collect$$$$00002712)
    .emb_text                                0x08000100   Section      162  port.o(.emb_text)
    .text                                    0x080001a4   Section       36  startup_stm32f103xb.o(.text)
    .text                                    0x080001c8   Section        0  llushr.o(.text)
    .text                                    0x080001e8   Section        0  memcpya.o(.text)
    .text                                    0x0800020c   Section        0  memseta.o(.text)
    .text                                    0x08000230   Section        0  fscalb.o(.text)
    .text                                    0x08000248   Section        0  ddiv.o(.text)
    .text                                    0x08000326   Section        0  dfixui.o(.text)
    .text                                    0x08000358   Section        0  f2d.o(.text)
    .text                                    0x0800037e   Section        0  uidiv.o(.text)
    .text                                    0x080003aa   Section        0  iusefp.o(.text)
    .text                                    0x080003aa   Section        0  depilogue.o(.text)
    .text                                    0x08000464   Section       36  init.o(.text)
    .text                                    0x08000488   Section        0  llshl.o(.text)
    i.BSP_USART_SendArray                    0x080004a6   Section        0  bsp.o(i.BSP_USART_SendArray)
    i.BSP_USART_SendData                     0x080004de   Section        0  bsp.o(i.BSP_USART_SendData)
    i.BusFault_Handler                       0x0800050a   Section        0  stm32f1xx_it.o(i.BusFault_Handler)
    i.ControlOut_Init                        0x0800050c   Section        0  data_out.o(i.ControlOut_Init)
    i.ControlOut_PutControlData              0x08000534   Section        0  data_out.o(i.ControlOut_PutControlData)
    i.ControlOut_SetDACx_Voltage             0x08000554   Section        0  data_out.o(i.ControlOut_SetDACx_Voltage)
    ControlOut_SetDACx_Voltage               0x08000555   Thumb Code   228  data_out.o(i.ControlOut_SetDACx_Voltage)
    i.ControlOut_WriteTlc5615                0x08000648   Section        0  data_out.o(i.ControlOut_WriteTlc5615)
    ControlOut_WriteTlc5615                  0x08000649   Thumb Code    26  data_out.o(i.ControlOut_WriteTlc5615)
    i.DMA1_Channel5_IRQHandler               0x08000664   Section        0  stm32f1xx_it.o(i.DMA1_Channel5_IRQHandler)
    i.DMA1_Channel7_IRQHandler               0x08000670   Section        0  stm32f1xx_it.o(i.DMA1_Channel7_IRQHandler)
    i.DMA_SetConfig                          0x0800067c   Section        0  stm32f1xx_hal_dma.o(i.DMA_SetConfig)
    DMA_SetConfig                            0x0800067d   Thumb Code    30  stm32f1xx_hal_dma.o(i.DMA_SetConfig)
    i.DataParse_PutData                      0x0800069c   Section        0  uart_received_data_parse.o(i.DataParse_PutData)
    i.DataProcess_DoProcess                  0x080006dc   Section        0  data_process.o(i.DataProcess_DoProcess)
    i.DebugMon_Handler                       0x080006ec   Section        0  stm32f1xx_it.o(i.DebugMon_Handler)
    i.Error_Handler                          0x080006f0   Section        0  main.o(i.Error_Handler)
    i.HAL_DMA_IRQHandler                     0x08000718   Section        0  stm32f1xx_hal_dma.o(i.HAL_DMA_IRQHandler)
    i.HAL_DMA_Init                           0x08000984   Section        0  stm32f1xx_hal_dma.o(i.HAL_DMA_Init)
    i.HAL_DMA_Start_IT                       0x08000ae8   Section        0  stm32f1xx_hal_dma.o(i.HAL_DMA_Start_IT)
    i.HAL_Delay                              0x08000b9c   Section        0  stm32f1xx_hal.o(i.HAL_Delay)
    i.HAL_GPIO_DeInit                        0x08000bb4   Section        0  stm32f1xx_hal_gpio.o(i.HAL_GPIO_DeInit)
    i.HAL_GPIO_Init                          0x08000d20   Section        0  stm32f1xx_hal_gpio.o(i.HAL_GPIO_Init)
    i.HAL_GPIO_ReadPin                       0x08001038   Section        0  stm32f1xx_hal_gpio.o(i.HAL_GPIO_ReadPin)
    i.HAL_GPIO_WritePin                      0x08001090   Section        0  stm32f1xx_hal_gpio.o(i.HAL_GPIO_WritePin)
    i.HAL_GetTick                            0x080010fc   Section        0  stm32f1xx_hal.o(i.HAL_GetTick)
    i.HAL_IncTick                            0x08001108   Section        0  stm32f1xx_hal.o(i.HAL_IncTick)
    i.HAL_Init                               0x08001118   Section        0  stm32f1xx_hal.o(i.HAL_Init)
    i.HAL_InitTick                           0x0800113c   Section        0  stm32f1xx_hal_timebase_tim.o(i.HAL_InitTick)
    i.HAL_MspInit                            0x080011b0   Section        0  stm32f1xx_hal_msp.o(i.HAL_MspInit)
    i.HAL_NVIC_EnableIRQ                     0x08001230   Section        0  stm32f1xx_hal_cortex.o(i.HAL_NVIC_EnableIRQ)
    i.HAL_NVIC_SetPriority                   0x08001290   Section        0  stm32f1xx_hal_cortex.o(i.HAL_NVIC_SetPriority)
    i.HAL_NVIC_SetPriorityGrouping           0x08001330   Section        0  stm32f1xx_hal_cortex.o(i.HAL_NVIC_SetPriorityGrouping)
    i.HAL_RCC_ClockConfig                    0x080013b0   Section        0  stm32f1xx_hal_rcc.o(i.HAL_RCC_ClockConfig)
    i.HAL_RCC_GetClockConfig                 0x0800163c   Section        0  stm32f1xx_hal_rcc.o(i.HAL_RCC_GetClockConfig)
    i.HAL_RCC_GetHCLKFreq                    0x080016d0   Section        0  stm32f1xx_hal_rcc.o(i.HAL_RCC_GetHCLKFreq)
    i.HAL_RCC_GetPCLK1Freq                   0x080016dc   Section        0  stm32f1xx_hal_rcc.o(i.HAL_RCC_GetPCLK1Freq)
    i.HAL_RCC_GetPCLK2Freq                   0x0800170c   Section        0  stm32f1xx_hal_rcc.o(i.HAL_RCC_GetPCLK2Freq)
    i.HAL_RCC_GetSysClockFreq                0x0800173c   Section        0  stm32f1xx_hal_rcc.o(i.HAL_RCC_GetSysClockFreq)
    i.HAL_RCC_OscConfig                      0x080017c4   Section        0  stm32f1xx_hal_rcc.o(i.HAL_RCC_OscConfig)
    i.HAL_SPI_DeInit                         0x08001ec4   Section        0  stm32f1xx_hal_spi.o(i.HAL_SPI_DeInit)
    i.HAL_SPI_Init                           0x08001ef4   Section        0  stm32f1xx_hal_spi_ex.o(i.HAL_SPI_Init)
    i.HAL_SPI_MspDeInit                      0x080020b8   Section        0  stm32f1xx_hal_msp.o(i.HAL_SPI_MspDeInit)
    i.HAL_SPI_MspInit                        0x080020e0   Section        0  stm32f1xx_hal_msp.o(i.HAL_SPI_MspInit)
    i.HAL_SPI_Transmit                       0x08002138   Section        0  stm32f1xx_hal_spi.o(i.HAL_SPI_Transmit)
    i.HAL_SYSTICK_CLKSourceConfig            0x080022d4   Section        0  stm32f1xx_hal_cortex.o(i.HAL_SYSTICK_CLKSourceConfig)
    i.HAL_SYSTICK_Config                     0x08002338   Section        0  stm32f1xx_hal_cortex.o(i.HAL_SYSTICK_Config)
    i.HAL_TIMEx_BreakCallback                0x08002360   Section        0  stm32f1xx_hal_tim_ex.o(i.HAL_TIMEx_BreakCallback)
    i.HAL_TIMEx_CommutationCallback          0x08002362   Section        0  stm32f1xx_hal_tim_ex.o(i.HAL_TIMEx_CommutationCallback)
    i.HAL_TIM_Base_Init                      0x08002364   Section        0  stm32f1xx_hal_tim.o(i.HAL_TIM_Base_Init)
    i.HAL_TIM_Base_MspInit                   0x08002434   Section        0  stm32f1xx_hal_tim.o(i.HAL_TIM_Base_MspInit)
    i.HAL_TIM_Base_Start_IT                  0x08002438   Section        0  stm32f1xx_hal_tim.o(i.HAL_TIM_Base_Start_IT)
    i.HAL_TIM_IC_CaptureCallback             0x080024bc   Section        0  stm32f1xx_hal_tim.o(i.HAL_TIM_IC_CaptureCallback)
    i.HAL_TIM_IRQHandler                     0x080024be   Section        0  stm32f1xx_hal_tim.o(i.HAL_TIM_IRQHandler)
    i.HAL_TIM_OC_DelayElapsedCallback        0x08002624   Section        0  stm32f1xx_hal_tim.o(i.HAL_TIM_OC_DelayElapsedCallback)
    i.HAL_TIM_PWM_PulseFinishedCallback      0x08002626   Section        0  stm32f1xx_hal_tim.o(i.HAL_TIM_PWM_PulseFinishedCallback)
    i.HAL_TIM_PeriodElapsedCallback          0x08002628   Section        0  stm32f1xx_hal_timebase_tim.o(i.HAL_TIM_PeriodElapsedCallback)
    i.HAL_TIM_TriggerCallback                0x0800262c   Section        0  stm32f1xx_hal_tim.o(i.HAL_TIM_TriggerCallback)
    i.HAL_UART_ErrorCallback                 0x0800262e   Section        0  stm32f1xx_hal_uart.o(i.HAL_UART_ErrorCallback)
    i.HAL_UART_GetState                      0x08002630   Section        0  stm32f1xx_hal_uart.o(i.HAL_UART_GetState)
    i.HAL_UART_IRQHandler                    0x08002638   Section        0  stm32f1xx_hal_uart.o(i.HAL_UART_IRQHandler)
    i.HAL_UART_Init                          0x08002714   Section        0  stm32f1xx_hal_uart.o(i.HAL_UART_Init)
    i.HAL_UART_MspInit                       0x08002834   Section        0  stm32f1xx_hal_msp.o(i.HAL_UART_MspInit)
    i.HAL_UART_Receive_DMA                   0x08002934   Section        0  stm32f1xx_hal_uart.o(i.HAL_UART_Receive_DMA)
    i.HAL_UART_RxCpltCallback                0x080029bc   Section        0  main.o(i.HAL_UART_RxCpltCallback)
    i.HAL_UART_RxHalfCpltCallback            0x080029dc   Section        0  stm32f1xx_hal_uart.o(i.HAL_UART_RxHalfCpltCallback)
    i.HAL_UART_Transmit                      0x080029e0   Section        0  stm32f1xx_hal_uart.o(i.HAL_UART_Transmit)
    i.HAL_UART_TxCpltCallback                0x08002aac   Section        0  stm32f1xx_hal_uart.o(i.HAL_UART_TxCpltCallback)
    i.HardFault_Handler                      0x08002aae   Section        0  stm32f1xx_it.o(i.HardFault_Handler)
    i.MX_GPIO_Init                           0x08002ab0   Section        0  main.o(i.MX_GPIO_Init)
    MX_GPIO_Init                             0x08002ab1   Thumb Code   146  main.o(i.MX_GPIO_Init)
    i.MX_SPI1_Init                           0x08002b50   Section        0  main.o(i.MX_SPI1_Init)
    MX_SPI1_Init                             0x08002b51   Thumb Code    58  main.o(i.MX_SPI1_Init)
    i.MemManage_Handler                      0x08002b94   Section        0  stm32f1xx_it.o(i.MemManage_Handler)
    i.ModeControl_CheckAndSetAutoMode        0x08002b98   Section        0  mode_set.o(i.ModeControl_CheckAndSetAutoMode)
    i.ModeControl_Init                       0x08002bc0   Section        0  mode_set.o(i.ModeControl_Init)
    i.ModeControl_ReadModePinState           0x08002be0   Section        0  mode_set.o(i.ModeControl_ReadModePinState)
    ModeControl_ReadModePinState             0x08002be1   Thumb Code    10  mode_set.o(i.ModeControl_ReadModePinState)
    i.ModeControl_SelectMode                 0x08002bf0   Section        0  mode_set.o(i.ModeControl_SelectMode)
    ModeControl_SelectMode                   0x08002bf1   Thumb Code   110  mode_set.o(i.ModeControl_SelectMode)
    i.NMI_Handler                            0x08002c68   Section        0  stm32f1xx_it.o(i.NMI_Handler)
    i.NVIC_SetPriority                       0x08002c6a   Section        0  stm32f1xx_hal_cortex.o(i.NVIC_SetPriority)
    NVIC_SetPriority                         0x08002c6b   Thumb Code    32  stm32f1xx_hal_cortex.o(i.NVIC_SetPriority)
    i.SPI_WaitOnFlagUntilTimeout             0x08002c8a   Section        0  stm32f1xx_hal_spi.o(i.SPI_WaitOnFlagUntilTimeout)
    SPI_WaitOnFlagUntilTimeout               0x08002c8b   Thumb Code   158  stm32f1xx_hal_spi.o(i.SPI_WaitOnFlagUntilTimeout)
    i.SPIx_Error                             0x08002d28   Section        0  bsp.o(i.SPIx_Error)
    i.SPIx_Write                             0x08002d6c   Section        0  bsp.o(i.SPIx_Write)
    i.StartDataOutTask                       0x08002d90   Section        0  main.o(i.StartDataOutTask)
    i.StartDataParseTask                     0x08002e10   Section        0  main.o(i.StartDataParseTask)
    i.StartDataProcessTask                   0x08002f10   Section        0  main.o(i.StartDataProcessTask)
    i.StartMainTask                          0x08002fa0   Section        0  main.o(i.StartMainTask)
    i.StartPrintTask                         0x08003058   Section        0  main.o(i.StartPrintTask)
    i.SysTick_Handler                        0x08003084   Section        0  stm32f1xx_it.o(i.SysTick_Handler)
    i.SystemClock_Config                     0x08003088   Section        0  main.o(i.SystemClock_Config)
    i.SystemInit                             0x080030ec   Section        0  system_stm32f1xx.o(i.SystemInit)
    i.TIM1_UP_IRQHandler                     0x08003134   Section        0  stm32f1xx_it.o(i.TIM1_UP_IRQHandler)
    i.TIM_Base_SetConfig                     0x08003140   Section        0  stm32f1xx_hal_tim.o(i.TIM_Base_SetConfig)
    i.UART_DMAError                          0x080031a4   Section        0  stm32f1xx_hal_uart.o(i.UART_DMAError)
    UART_DMAError                            0x080031a5   Thumb Code    30  stm32f1xx_hal_uart.o(i.UART_DMAError)
    i.UART_DMAReceiveCplt                    0x080031c4   Section        0  stm32f1xx_hal_uart.o(i.UART_DMAReceiveCplt)
    UART_DMAReceiveCplt                      0x080031c5   Thumb Code    54  stm32f1xx_hal_uart.o(i.UART_DMAReceiveCplt)
    i.UART_DMARxHalfCplt                     0x080031fa   Section        0  stm32f1xx_hal_uart.o(i.UART_DMARxHalfCplt)
    UART_DMARxHalfCplt                       0x080031fb   Thumb Code    10  stm32f1xx_hal_uart.o(i.UART_DMARxHalfCplt)
    i.UART_Receive_IT                        0x08003204   Section        0  stm32f1xx_hal_uart.o(i.UART_Receive_IT)
    UART_Receive_IT                          0x08003205   Thumb Code   168  stm32f1xx_hal_uart.o(i.UART_Receive_IT)
    i.UART_SetConfig                         0x080032ac   Section        0  stm32f1xx_hal_uart.o(i.UART_SetConfig)
    UART_SetConfig                           0x080032ad   Thumb Code   448  stm32f1xx_hal_uart.o(i.UART_SetConfig)
    i.UART_Transmit_IT                       0x080034b0   Section        0  stm32f1xx_hal_uart.o(i.UART_Transmit_IT)
    UART_Transmit_IT                         0x080034b1   Thumb Code   102  stm32f1xx_hal_uart.o(i.UART_Transmit_IT)
    i.UART_WaitOnFlagUntilTimeout            0x08003516   Section        0  stm32f1xx_hal_uart.o(i.UART_WaitOnFlagUntilTimeout)
    UART_WaitOnFlagUntilTimeout              0x08003517   Thumb Code   146  stm32f1xx_hal_uart.o(i.UART_WaitOnFlagUntilTimeout)
    i.USART1_IRQHandler                      0x080035a8   Section        0  stm32f1xx_it.o(i.USART1_IRQHandler)
    i.USART_printf                           0x080035b4   Section        0  bsp.o(i.USART_printf)
    i.UsageFault_Handler                     0x0800368e   Section        0  stm32f1xx_it.o(i.UsageFault_Handler)
    i.__0printf$3                            0x08003690   Section        0  printf3.o(i.__0printf$3)
    i.__scatterload_copy                     0x080036b0   Section       14  handlers.o(i.__scatterload_copy)
    i.__scatterload_null                     0x080036be   Section        2  handlers.o(i.__scatterload_null)
    i.__scatterload_zeroinit                 0x080036c0   Section       14  handlers.o(i.__scatterload_zeroinit)
    i._printf_core                           0x080036d0   Section        0  printf3.o(i._printf_core)
    _printf_core                             0x080036d1   Thumb Code   436  printf3.o(i._printf_core)
    i.assert_failed                          0x08003888   Section        0  main.o(i.assert_failed)
    i.doSumCheck                             0x080038c8   Section        0  uart_received_data_parse.o(i.doSumCheck)
    i.fputc                                  0x080038e8   Section        0  bsp.o(i.fputc)
    i.inHandlerMode                          0x08003900   Section        0  cmsis_os.o(i.inHandlerMode)
    inHandlerMode                            0x08003901   Thumb Code    12  cmsis_os.o(i.inHandlerMode)
    i.main                                   0x0800390c   Section        0  main.o(i.main)
    i.makeFreeRtosPriority                   0x08003a70   Section        0  cmsis_os.o(i.makeFreeRtosPriority)
    makeFreeRtosPriority                     0x08003a71   Thumb Code    12  cmsis_os.o(i.makeFreeRtosPriority)
    i.osDelay                                0x08003a7c   Section        0  cmsis_os.o(i.osDelay)
    i.osKernelStart                          0x08003a8a   Section        0  cmsis_os.o(i.osKernelStart)
    i.osMailAlloc                            0x08003a94   Section        0  cmsis_os.o(i.osMailAlloc)
    i.osMailCreate                           0x08003aa0   Section        0  cmsis_os.o(i.osMailCreate)
    i.osMailFree                             0x08003afc   Section        0  cmsis_os.o(i.osMailFree)
    i.osMailGet                              0x08003b08   Section        0  cmsis_os.o(i.osMailGet)
    i.osMailPut                              0x08003b94   Section        0  cmsis_os.o(i.osMailPut)
    i.osMessageCreate                        0x08003be8   Section        0  cmsis_os.o(i.osMessageCreate)
    i.osMessageGet                           0x08003bf0   Section        0  cmsis_os.o(i.osMessageGet)
    i.osMessagePut                           0x08003c80   Section        0  cmsis_os.o(i.osMessagePut)
    i.osPoolAlloc                            0x08003cd4   Section        0  cmsis_os.o(i.osPoolAlloc)
    i.osPoolCreate                           0x08003d34   Section        0  cmsis_os.o(i.osPoolCreate)
    i.osPoolFree                             0x08003d92   Section        0  cmsis_os.o(i.osPoolFree)
    i.osSystickHandler                       0x08003dc2   Section        0  cmsis_os.o(i.osSystickHandler)
    i.osThreadCreate                         0x08003dd6   Section        0  cmsis_os.o(i.osThreadCreate)
    i.prvAddCurrentTaskToDelayedList         0x08003e10   Section        0  tasks.o(i.prvAddCurrentTaskToDelayedList)
    prvAddCurrentTaskToDelayedList           0x08003e11   Thumb Code    48  tasks.o(i.prvAddCurrentTaskToDelayedList)
    i.prvCheckTasksWaitingTermination        0x08003e44   Section        0  tasks.o(i.prvCheckTasksWaitingTermination)
    prvCheckTasksWaitingTermination          0x08003e45   Thumb Code    76  tasks.o(i.prvCheckTasksWaitingTermination)
    i.prvCopyDataFromQueue                   0x08003e98   Section        0  queue.o(i.prvCopyDataFromQueue)
    prvCopyDataFromQueue                     0x08003e99   Thumb Code    38  queue.o(i.prvCopyDataFromQueue)
    i.prvCopyDataToQueue                     0x08003ebe   Section        0  queue.o(i.prvCopyDataToQueue)
    prvCopyDataToQueue                       0x08003ebf   Thumb Code   110  queue.o(i.prvCopyDataToQueue)
    i.prvHeapInit                            0x08003f2c   Section        0  heap_4.o(i.prvHeapInit)
    prvHeapInit                              0x08003f2d   Thumb Code    66  heap_4.o(i.prvHeapInit)
    i.prvIdleTask                            0x08003f78   Section        0  tasks.o(i.prvIdleTask)
    prvIdleTask                              0x08003f79   Thumb Code    24  tasks.o(i.prvIdleTask)
    i.prvInsertBlockIntoFreeList             0x08003f94   Section        0  heap_4.o(i.prvInsertBlockIntoFreeList)
    prvInsertBlockIntoFreeList               0x08003f95   Thumb Code    72  heap_4.o(i.prvInsertBlockIntoFreeList)
    i.prvResetNextTaskUnblockTime            0x08003fe0   Section        0  tasks.o(i.prvResetNextTaskUnblockTime)
    prvResetNextTaskUnblockTime              0x08003fe1   Thumb Code    26  tasks.o(i.prvResetNextTaskUnblockTime)
    i.prvTaskExitError                       0x08004000   Section        0  port.o(i.prvTaskExitError)
    prvTaskExitError                         0x08004001   Thumb Code    20  port.o(i.prvTaskExitError)
    i.prvUnlockQueue                         0x08004018   Section        0  queue.o(i.prvUnlockQueue)
    prvUnlockQueue                           0x08004019   Thumb Code   100  queue.o(i.prvUnlockQueue)
    i.pvPortMalloc                           0x0800407c   Section        0  heap_4.o(i.pvPortMalloc)
    i.pvTaskIncrementMutexHeldCount          0x08004138   Section        0  tasks.o(i.pvTaskIncrementMutexHeldCount)
    i.pxPortInitialiseStack                  0x08004150   Section        0  port.o(i.pxPortInitialiseStack)
    i.uxListRemove                           0x08004170   Section        0  list.o(i.uxListRemove)
    i.vApplicationIdleHook                   0x08004194   Section        0  freertos.o(i.vApplicationIdleHook)
    i.vApplicationStackOverflowHook          0x08004198   Section        0  freertos.o(i.vApplicationStackOverflowHook)
    i.vListInitialise                        0x080041c4   Section        0  list.o(i.vListInitialise)
    i.vListInitialiseItem                    0x080041da   Section        0  list.o(i.vListInitialiseItem)
    i.vListInsert                            0x080041e0   Section        0  list.o(i.vListInsert)
    i.vListInsertEnd                         0x08004210   Section        0  list.o(i.vListInsertEnd)
    i.vPortEnterCritical                     0x08004228   Section        0  port.o(i.vPortEnterCritical)
    i.vPortExitCritical                      0x08004260   Section        0  port.o(i.vPortExitCritical)
    i.vPortFree                              0x08004284   Section        0  heap_4.o(i.vPortFree)
    i.vPortSetupTimerInterrupt               0x080042cc   Section        0  port.o(i.vPortSetupTimerInterrupt)
    i.vPortValidateInterruptPriority         0x080042ec   Section        0  port.o(i.vPortValidateInterruptPriority)
    i.vPortYield                             0x0800432c   Section        0  port.o(i.vPortYield)
    i.vTaskDelay                             0x08004344   Section        0  tasks.o(i.vTaskDelay)
    i.vTaskMissedYield                       0x08004394   Section        0  tasks.o(i.vTaskMissedYield)
    i.vTaskPlaceOnEventList                  0x080043a0   Section        0  tasks.o(i.vTaskPlaceOnEventList)
    i.vTaskPriorityInherit                   0x080043f8   Section        0  tasks.o(i.vTaskPriorityInherit)
    i.vTaskSetTimeOutState                   0x0800447c   Section        0  tasks.o(i.vTaskSetTimeOutState)
    i.vTaskStartScheduler                    0x08004498   Section        0  tasks.o(i.vTaskStartScheduler)
    i.vTaskSuspendAll                        0x080044ec   Section        0  tasks.o(i.vTaskSuspendAll)
    i.vTaskSwitchContext                     0x080044fc   Section        0  tasks.o(i.vTaskSwitchContext)
    i.xPortStartScheduler                    0x08004578   Section        0  port.o(i.xPortStartScheduler)
    i.xPortSysTickHandler                    0x080045ec   Section        0  port.o(i.xPortSysTickHandler)
    i.xQueueGenericCreate                    0x08004610   Section        0  queue.o(i.xQueueGenericCreate)
    i.xQueueGenericReceive                   0x08004660   Section        0  queue.o(i.xQueueGenericReceive)
    i.xQueueGenericReset                     0x0800478e   Section        0  queue.o(i.xQueueGenericReset)
    i.xQueueGenericSend                      0x080047f8   Section        0  queue.o(i.xQueueGenericSend)
    i.xQueueGenericSendFromISR               0x0800490c   Section        0  queue.o(i.xQueueGenericSendFromISR)
    i.xQueueReceiveFromISR                   0x08004998   Section        0  queue.o(i.xQueueReceiveFromISR)
    i.xSerialGetChar                         0x08004a0e   Section        0  bsp.o(i.xSerialGetChar)
    i.xSerialPutChar                         0x08004a2c   Section        0  bsp.o(i.xSerialPutChar)
    i.xTaskCheckForTimeOut                   0x08004a3c   Section        0  tasks.o(i.xTaskCheckForTimeOut)
    i.xTaskGenericCreate                     0x08004a94   Section        0  tasks.o(i.xTaskGenericCreate)
    i.xTaskGetSchedulerState                 0x08004c20   Section        0  tasks.o(i.xTaskGetSchedulerState)
    i.xTaskIncrementTick                     0x08004c3c   Section        0  tasks.o(i.xTaskIncrementTick)
    i.xTaskPriorityDisinherit                0x08004cfc   Section        0  tasks.o(i.xTaskPriorityDisinherit)
    i.xTaskRemoveFromEventList               0x08004d80   Section        0  tasks.o(i.xTaskRemoveFromEventList)
    i.xTaskResumeAll                         0x08004dec   Section        0  tasks.o(i.xTaskResumeAll)
    .constdata                               0x08004e98   Section      228  main.o(.constdata)
    __func__                                 0x08004f18   Data          15  main.o(.constdata)
    __func__                                 0x08004f27   Data          14  main.o(.constdata)
    __func__                                 0x08004f35   Data          19  main.o(.constdata)
    __func__                                 0x08004f48   Data          21  main.o(.constdata)
    __func__                                 0x08004f5d   Data          17  main.o(.constdata)
    __func__                                 0x08004f6e   Data          14  main.o(.constdata)
    .constdata                               0x08004f7c   Section       16  system_stm32f1xx.o(.constdata)
    .constdata                               0x08004f8c   Section        8  system_stm32f1xx.o(.constdata)
    .conststring                             0x08004f94   Section       68  main.o(.conststring)
    .data                                    0x20000000   Section        4  stm32f1xx_hal.o(.data)
    uwTick                                   0x20000000   Data           4  stm32f1xx_hal.o(.data)
    .data                                    0x20000004   Section        1  stm32f1xx_hal_spi_ex.o(.data)
    .data                                    0x20000008   Section       40  main.o(.data)
    .data                                    0x20000030   Section        4  main.o(.data)
    .data                                    0x20000034   Section        4  bsp.o(.data)
    .data                                    0x20000038   Section        4  mode_set.o(.data)
    .data                                    0x2000003c   Section       56  tasks.o(.data)
    uxTasksDeleted                           0x20000040   Data           4  tasks.o(.data)
    uxCurrentNumberOfTasks                   0x20000044   Data           4  tasks.o(.data)
    xTickCount                               0x20000048   Data           4  tasks.o(.data)
    uxTopReadyPriority                       0x2000004c   Data           4  tasks.o(.data)
    xSchedulerRunning                        0x20000050   Data           4  tasks.o(.data)
    uxPendedTicks                            0x20000054   Data           4  tasks.o(.data)
    xYieldPending                            0x20000058   Data           4  tasks.o(.data)
    xNumOfOverflows                          0x2000005c   Data           4  tasks.o(.data)
    uxTaskNumber                             0x20000060   Data           4  tasks.o(.data)
    xNextTaskUnblockTime                     0x20000064   Data           4  tasks.o(.data)
    uxSchedulerSuspended                     0x20000068   Data           4  tasks.o(.data)
    pxDelayedTaskList                        0x2000006c   Data           4  tasks.o(.data)
    pxOverflowDelayedTaskList                0x20000070   Data           4  tasks.o(.data)
    .data                                    0x20000074   Section       24  heap_4.o(.data)
    pxEnd                                    0x20000074   Data           4  heap_4.o(.data)
    xFreeBytesRemaining                      0x20000078   Data           4  heap_4.o(.data)
    xMinimumEverFreeBytesRemaining           0x2000007c   Data           4  heap_4.o(.data)
    xBlockAllocatedBit                       0x20000080   Data           4  heap_4.o(.data)
    xStart                                   0x20000084   Data           8  heap_4.o(.data)
    .data                                    0x2000008c   Section       12  port.o(.data)
    ucMaxSysCallPriority                     0x2000008c   Data           1  port.o(.data)
    uxCriticalNesting                        0x20000090   Data           4  port.o(.data)
    ulMaxPRIGROUPValue                       0x20000094   Data           4  port.o(.data)
    .data                                    0x20000098   Section        4  system_stm32f1xx.o(.data)
    .data                                    0x2000009c   Section        4  stdout.o(.data)
    .bss                                     0x200000a0   Section      216  main.o(.bss)
    .bss                                     0x20000178   Section       56  main.o(.bss)
    .bss                                     0x200001b0   Section       56  main.o(.bss)
    .bss                                     0x200001e8   Section       60  stm32f1xx_hal_timebase_tim.o(.bss)
    .bss                                     0x20000224   Section      240  tasks.o(.bss)
    pxReadyTasksLists                        0x20000224   Data         140  tasks.o(.bss)
    xDelayedTaskList1                        0x200002b0   Data          20  tasks.o(.bss)
    xDelayedTaskList2                        0x200002c4   Data          20  tasks.o(.bss)
    xPendingReadyList                        0x200002d8   Data          20  tasks.o(.bss)
    xTasksWaitingTermination                 0x200002ec   Data          20  tasks.o(.bss)
    xSuspendedTaskList                       0x20000300   Data          20  tasks.o(.bss)
    .bss                                     0x20000314   Section    15360  heap_4.o(.bss)
    ucHeap                                   0x20000314   Data       15360  heap_4.o(.bss)
    STACK                                    0x20003f18   Section     1024  startup_stm32f103xb.o(STACK)

    Global Symbols

    Symbol Name                              Value     Ov Type        Size  Object(Section)

    BuildAttributes$$THM_ISAv4$P$D$K$B$S$PE$A:L22UL41UL21$X:L11$S22US41US21$IEEE1$IW$USESV6$~STKCKD$USESV7$~SHL$OSPACE$ROPI$EBA8$MICROLIB$REQ8$PRES8$EABIv2 0x00000000   Number         0  anon$$obj.o ABSOLUTE
    __ARM_use_no_argv                        0x00000000   Number         0  main.o ABSOLUTE
    _printf_a                                0x00000000   Number         0  stubs.o ABSOLUTE
    _printf_c                                0x00000000   Number         0  stubs.o ABSOLUTE
    _printf_charcount                        0x00000000   Number         0  stubs.o ABSOLUTE
    _printf_d                                0x00000000   Number         0  stubs.o ABSOLUTE
    _printf_e                                0x00000000   Number         0  stubs.o ABSOLUTE
    _printf_f                                0x00000000   Number         0  stubs.o ABSOLUTE
    _printf_flags                            0x00000000   Number         0  stubs.o ABSOLUTE
    _printf_fp_dec                           0x00000000   Number         0  stubs.o ABSOLUTE
    _printf_fp_hex                           0x00000000   Number         0  stubs.o ABSOLUTE
    _printf_g                                0x00000000   Number         0  stubs.o ABSOLUTE
    _printf_i                                0x00000000   Number         0  stubs.o ABSOLUTE
    _printf_int_dec                          0x00000000   Number         0  stubs.o ABSOLUTE
    _printf_l                                0x00000000   Number         0  stubs.o ABSOLUTE
    _printf_lc                               0x00000000   Number         0  stubs.o ABSOLUTE
    _printf_ll                               0x00000000   Number         0  stubs.o ABSOLUTE
    _printf_lld                              0x00000000   Number         0  stubs.o ABSOLUTE
    _printf_lli                              0x00000000   Number         0  stubs.o ABSOLUTE
    _printf_llo                              0x00000000   Number         0  stubs.o ABSOLUTE
    _printf_llu                              0x00000000   Number         0  stubs.o ABSOLUTE
    _printf_llx                              0x00000000   Number         0  stubs.o ABSOLUTE
    _printf_longlong_dec                     0x00000000   Number         0  stubs.o ABSOLUTE
    _printf_longlong_hex                     0x00000000   Number         0  stubs.o ABSOLUTE
    _printf_longlong_oct                     0x00000000   Number         0  stubs.o ABSOLUTE
    _printf_ls                               0x00000000   Number         0  stubs.o ABSOLUTE
    _printf_mbtowc                           0x00000000   Number         0  stubs.o ABSOLUTE
    _printf_n                                0x00000000   Number         0  stubs.o ABSOLUTE
    _printf_o                                0x00000000   Number         0  stubs.o ABSOLUTE
    _printf_p                                0x00000000   Number         0  stubs.o ABSOLUTE
    _printf_percent                          0x00000000   Number         0  stubs.o ABSOLUTE
    _printf_pre_padding                      0x00000000   Number         0  stubs.o ABSOLUTE
    _printf_return_value                     0x00000000   Number         0  stubs.o ABSOLUTE
    _printf_s                                0x00000000   Number         0  stubs.o ABSOLUTE
    _printf_sizespec                         0x00000000   Number         0  stubs.o ABSOLUTE
    _printf_str                              0x00000000   Number         0  stubs.o ABSOLUTE
    _printf_truncate_signed                  0x00000000   Number         0  stubs.o ABSOLUTE
    _printf_truncate_unsigned                0x00000000   Number         0  stubs.o ABSOLUTE
    _printf_u                                0x00000000   Number         0  stubs.o ABSOLUTE
    _printf_wc                               0x00000000   Number         0  stubs.o ABSOLUTE
    _printf_wctomb                           0x00000000   Number         0  stubs.o ABSOLUTE
    _printf_widthprec                        0x00000000   Number         0  stubs.o ABSOLUTE
    _printf_x                                0x00000000   Number         0  stubs.o ABSOLUTE
    __cpp_initialize__aeabi_                  - Undefined Weak Reference
    __cxa_finalize                            - Undefined Weak Reference
    __decompress                              - Undefined Weak Reference
    _clock_init                               - Undefined Weak Reference
    _microlib_exit                            - Undefined Weak Reference
    __Vectors_Size                           0x000000ec   Number         0  startup_stm32f103xb.o ABSOLUTE
    __Vectors                                0x08000000   Data           4  startup_stm32f103xb.o(RESET)
    __Vectors_End                            0x080000ec   Data           0  startup_stm32f103xb.o(RESET)
    __main                                   0x080000ed   Thumb Code     0  entry.o(.ARM.Collect$$$$00000000)
    _main_stk                                0x080000ed   Thumb Code     0  entry2.o(.ARM.Collect$$$$00000001)
    _main_scatterload                        0x080000f1   Thumb Code     0  entry5.o(.ARM.Collect$$$$00000004)
    __main_after_scatterload                 0x080000f5   Thumb Code     0  entry5.o(.ARM.Collect$$$$00000004)
    _main_clock                              0x080000f5   Thumb Code     0  entry7b.o(.ARM.Collect$$$$00000008)
    _main_cpp_init                           0x080000f5   Thumb Code     0  entry8b.o(.ARM.Collect$$$$0000000A)
    _main_init                               0x080000f5   Thumb Code     0  entry9a.o(.ARM.Collect$$$$0000000B)
    __rt_final_cpp                           0x080000fd   Thumb Code     0  entry10a.o(.ARM.Collect$$$$0000000D)
    __rt_final_exit                          0x080000fd   Thumb Code     0  entry11a.o(.ARM.Collect$$$$0000000F)
    SVC_Handler                              0x08000101   Thumb Code    32  port.o(.emb_text)
    __asm___6_port_c_39a90d8d__prvStartFirstTask 0x08000125   Thumb Code    28  port.o(.emb_text)
    PendSV_Handler                           0x08000145   Thumb Code    64  port.o(.emb_text)
    ulPortSetInterruptMask                   0x08000189   Thumb Code    14  port.o(.emb_text)
    vPortClearInterruptMask                  0x08000197   Thumb Code     6  port.o(.emb_text)
    vPortGetIPSR                             0x0800019d   Thumb Code     6  port.o(.emb_text)
    Reset_Handler                            0x080001a5   Thumb Code     8  startup_stm32f103xb.o(.text)
    ADC1_2_IRQHandler                        0x080001bf   Thumb Code     0  startup_stm32f103xb.o(.text)
    CAN1_RX1_IRQHandler                      0x080001bf   Thumb Code     0  startup_stm32f103xb.o(.text)
    CAN1_SCE_IRQHandler                      0x080001bf   Thumb Code     0  startup_stm32f103xb.o(.text)
    DMA1_Channel1_IRQHandler                 0x080001bf   Thumb Code     0  startup_stm32f103xb.o(.text)
    DMA1_Channel2_IRQHandler                 0x080001bf   Thumb Code     0  startup_stm32f103xb.o(.text)
    DMA1_Channel3_IRQHandler                 0x080001bf   Thumb Code     0  startup_stm32f103xb.o(.text)
    DMA1_Channel4_IRQHandler                 0x080001bf   Thumb Code     0  startup_stm32f103xb.o(.text)
    DMA1_Channel6_IRQHandler                 0x080001bf   Thumb Code     0  startup_stm32f103xb.o(.text)
    EXTI0_IRQHandler                         0x080001bf   Thumb Code     0  startup_stm32f103xb.o(.text)
    EXTI15_10_IRQHandler                     0x080001bf   Thumb Code     0  startup_stm32f103xb.o(.text)
    EXTI1_IRQHandler                         0x080001bf   Thumb Code     0  startup_stm32f103xb.o(.text)
    EXTI2_IRQHandler                         0x080001bf   Thumb Code     0  startup_stm32f103xb.o(.text)
    EXTI3_IRQHandler                         0x080001bf   Thumb Code     0  startup_stm32f103xb.o(.text)
    EXTI4_IRQHandler                         0x080001bf   Thumb Code     0  startup_stm32f103xb.o(.text)
    EXTI9_5_IRQHandler                       0x080001bf   Thumb Code     0  startup_stm32f103xb.o(.text)
    FLASH_IRQHandler                         0x080001bf   Thumb Code     0  startup_stm32f103xb.o(.text)
    I2C1_ER_IRQHandler                       0x080001bf   Thumb Code     0  startup_stm32f103xb.o(.text)
    I2C1_EV_IRQHandler                       0x080001bf   Thumb Code     0  startup_stm32f103xb.o(.text)
    I2C2_ER_IRQHandler                       0x080001bf   Thumb Code     0  startup_stm32f103xb.o(.text)
    I2C2_EV_IRQHandler                       0x080001bf   Thumb Code     0  startup_stm32f103xb.o(.text)
    PVD_IRQHandler                           0x080001bf   Thumb Code     0  startup_stm32f103xb.o(.text)
    RCC_IRQHandler                           0x080001bf   Thumb Code     0  startup_stm32f103xb.o(.text)
    RTC_Alarm_IRQHandler                     0x080001bf   Thumb Code     0  startup_stm32f103xb.o(.text)
    RTC_IRQHandler                           0x080001bf   Thumb Code     0  startup_stm32f103xb.o(.text)
    SPI1_IRQHandler                          0x080001bf   Thumb Code     0  startup_stm32f103xb.o(.text)
    SPI2_IRQHandler                          0x080001bf   Thumb Code     0  startup_stm32f103xb.o(.text)
    TAMPER_IRQHandler                        0x080001bf   Thumb Code     0  startup_stm32f103xb.o(.text)
    TIM1_BRK_IRQHandler                      0x080001bf   Thumb Code     0  startup_stm32f103xb.o(.text)
    TIM1_CC_IRQHandler                       0x080001bf   Thumb Code     0  startup_stm32f103xb.o(.text)
    TIM1_TRG_COM_IRQHandler                  0x080001bf   Thumb Code     0  startup_stm32f103xb.o(.text)
    TIM2_IRQHandler                          0x080001bf   Thumb Code     0  startup_stm32f103xb.o(.text)
    TIM3_IRQHandler                          0x080001bf   Thumb Code     0  startup_stm32f103xb.o(.text)
    TIM4_IRQHandler                          0x080001bf   Thumb Code     0  startup_stm32f103xb.o(.text)
    USART2_IRQHandler                        0x080001bf   Thumb Code     0  startup_stm32f103xb.o(.text)
    USART3_IRQHandler                        0x080001bf   Thumb Code     0  startup_stm32f103xb.o(.text)
    USBWakeUp_IRQHandler                     0x080001bf   Thumb Code     0  startup_stm32f103xb.o(.text)
    USB_HP_CAN1_TX_IRQHandler                0x080001bf   Thumb Code     0  startup_stm32f103xb.o(.text)
    USB_LP_CAN1_RX0_IRQHandler               0x080001bf   Thumb Code     0  startup_stm32f103xb.o(.text)
    WWDG_IRQHandler                          0x080001bf   Thumb Code     0  startup_stm32f103xb.o(.text)
    __aeabi_llsr                             0x080001c9   Thumb Code    32  llushr.o(.text)
    _ll_ushift_r                             0x080001c9   Thumb Code     0  llushr.o(.text)
    __aeabi_memcpy                           0x080001e9   Thumb Code    36  memcpya.o(.text)
    __aeabi_memcpy4                          0x080001e9   Thumb Code     0  memcpya.o(.text)
    __aeabi_memcpy8                          0x080001e9   Thumb Code     0  memcpya.o(.text)
    __aeabi_memset                           0x0800020d   Thumb Code    14  memseta.o(.text)
    __aeabi_memset4                          0x0800020d   Thumb Code     0  memseta.o(.text)
    __aeabi_memset8                          0x0800020d   Thumb Code     0  memseta.o(.text)
    __aeabi_memclr                           0x0800021b   Thumb Code     4  memseta.o(.text)
    __aeabi_memclr4                          0x0800021b   Thumb Code     0  memseta.o(.text)
    __aeabi_memclr8                          0x0800021b   Thumb Code     0  memseta.o(.text)
    _memset$wrapper                          0x0800021f   Thumb Code    18  memseta.o(.text)
    __ARM_scalbnf                            0x08000231   Thumb Code    24  fscalb.o(.text)
    scalbnf                                  0x08000231   Thumb Code     0  fscalb.o(.text)
    __aeabi_ddiv                             0x08000249   Thumb Code   222  ddiv.o(.text)
    __aeabi_d2uiz                            0x08000327   Thumb Code    50  dfixui.o(.text)
    __aeabi_f2d                              0x08000359   Thumb Code    38  f2d.o(.text)
    __aeabi_uidiv                            0x0800037f   Thumb Code     0  uidiv.o(.text)
    __aeabi_uidivmod                         0x0800037f   Thumb Code    44  uidiv.o(.text)
    __I$use$fp                               0x080003ab   Thumb Code     0  iusefp.o(.text)
    _double_round                            0x080003ab   Thumb Code    30  depilogue.o(.text)
    _double_epilogue                         0x080003c9   Thumb Code   156  depilogue.o(.text)
    __scatterload                            0x08000465   Thumb Code    28  init.o(.text)
    __scatterload_rt2                        0x08000465   Thumb Code     0  init.o(.text)
    __aeabi_llsl                             0x08000489   Thumb Code    30  llshl.o(.text)
    _ll_shift_l                              0x08000489   Thumb Code     0  llshl.o(.text)
    BSP_USART_SendArray                      0x080004a7   Thumb Code    56  bsp.o(i.BSP_USART_SendArray)
    BSP_USART_SendData                       0x080004df   Thumb Code    44  bsp.o(i.BSP_USART_SendData)
    BusFault_Handler                         0x0800050b   Thumb Code     2  stm32f1xx_it.o(i.BusFault_Handler)
    ControlOut_Init                          0x0800050d   Thumb Code    34  data_out.o(i.ControlOut_Init)
    ControlOut_PutControlData                0x08000535   Thumb Code    32  data_out.o(i.ControlOut_PutControlData)
    DMA1_Channel5_IRQHandler                 0x08000665   Thumb Code     6  stm32f1xx_it.o(i.DMA1_Channel5_IRQHandler)
    DMA1_Channel7_IRQHandler                 0x08000671   Thumb Code     6  stm32f1xx_it.o(i.DMA1_Channel7_IRQHandler)
    DataParse_PutData                        0x0800069d   Thumb Code    60  uart_received_data_parse.o(i.DataParse_PutData)
    DataProcess_DoProcess                    0x080006dd   Thumb Code    12  data_process.o(i.DataProcess_DoProcess)
    DebugMon_Handler                         0x080006ed   Thumb Code     2  stm32f1xx_it.o(i.DebugMon_Handler)
    Error_Handler                            0x080006f1   Thumb Code    16  main.o(i.Error_Handler)
    HAL_DMA_IRQHandler                       0x08000719   Thumb Code   616  stm32f1xx_hal_dma.o(i.HAL_DMA_IRQHandler)
    HAL_DMA_Init                             0x08000985   Thumb Code   294  stm32f1xx_hal_dma.o(i.HAL_DMA_Init)
    HAL_DMA_Start_IT                         0x08000ae9   Thumb Code   124  stm32f1xx_hal_dma.o(i.HAL_DMA_Start_IT)
    HAL_Delay                                0x08000b9d   Thumb Code    22  stm32f1xx_hal.o(i.HAL_Delay)
    HAL_GPIO_DeInit                          0x08000bb5   Thumb Code   274  stm32f1xx_hal_gpio.o(i.HAL_GPIO_DeInit)
    HAL_GPIO_Init                            0x08000d21   Thumb Code   664  stm32f1xx_hal_gpio.o(i.HAL_GPIO_Init)
    HAL_GPIO_ReadPin                         0x08001039   Thumb Code    28  stm32f1xx_hal_gpio.o(i.HAL_GPIO_ReadPin)
    HAL_GPIO_WritePin                        0x08001091   Thumb Code    46  stm32f1xx_hal_gpio.o(i.HAL_GPIO_WritePin)
    HAL_GetTick                              0x080010fd   Thumb Code     6  stm32f1xx_hal.o(i.HAL_GetTick)
    HAL_IncTick                              0x08001109   Thumb Code    10  stm32f1xx_hal.o(i.HAL_IncTick)
    HAL_Init                                 0x08001119   Thumb Code    32  stm32f1xx_hal.o(i.HAL_Init)
    HAL_InitTick                             0x0800113d   Thumb Code    98  stm32f1xx_hal_timebase_tim.o(i.HAL_InitTick)
    HAL_MspInit                              0x080011b1   Thumb Code   118  stm32f1xx_hal_msp.o(i.HAL_MspInit)
    HAL_NVIC_EnableIRQ                       0x08001231   Thumb Code    36  stm32f1xx_hal_cortex.o(i.HAL_NVIC_EnableIRQ)
    HAL_NVIC_SetPriority                     0x08001291   Thumb Code    94  stm32f1xx_hal_cortex.o(i.HAL_NVIC_SetPriority)
    HAL_NVIC_SetPriorityGrouping             0x08001331   Thumb Code    58  stm32f1xx_hal_cortex.o(i.HAL_NVIC_SetPriorityGrouping)
    HAL_RCC_ClockConfig                      0x080013b1   Thumb Code   578  stm32f1xx_hal_rcc.o(i.HAL_RCC_ClockConfig)
    HAL_RCC_GetClockConfig                   0x0800163d   Thumb Code    84  stm32f1xx_hal_rcc.o(i.HAL_RCC_GetClockConfig)
    HAL_RCC_GetHCLKFreq                      0x080016d1   Thumb Code     6  stm32f1xx_hal_rcc.o(i.HAL_RCC_GetHCLKFreq)
    HAL_RCC_GetPCLK1Freq                     0x080016dd   Thumb Code    34  stm32f1xx_hal_rcc.o(i.HAL_RCC_GetPCLK1Freq)
    HAL_RCC_GetPCLK2Freq                     0x0800170d   Thumb Code    34  stm32f1xx_hal_rcc.o(i.HAL_RCC_GetPCLK2Freq)
    HAL_RCC_GetSysClockFreq                  0x0800173d   Thumb Code   102  stm32f1xx_hal_rcc.o(i.HAL_RCC_GetSysClockFreq)
    HAL_RCC_OscConfig                        0x080017c5   Thumb Code  1786  stm32f1xx_hal_rcc.o(i.HAL_RCC_OscConfig)
    HAL_SPI_DeInit                           0x08001ec5   Thumb Code    46  stm32f1xx_hal_spi.o(i.HAL_SPI_DeInit)
    HAL_SPI_Init                             0x08001ef5   Thumb Code   378  stm32f1xx_hal_spi_ex.o(i.HAL_SPI_Init)
    HAL_SPI_MspDeInit                        0x080020b9   Thumb Code    28  stm32f1xx_hal_msp.o(i.HAL_SPI_MspDeInit)
    HAL_SPI_MspInit                          0x080020e1   Thumb Code    74  stm32f1xx_hal_msp.o(i.HAL_SPI_MspInit)
    HAL_SPI_Transmit                         0x08002139   Thumb Code   356  stm32f1xx_hal_spi.o(i.HAL_SPI_Transmit)
    HAL_SYSTICK_CLKSourceConfig              0x080022d5   Thumb Code    40  stm32f1xx_hal_cortex.o(i.HAL_SYSTICK_CLKSourceConfig)
    HAL_SYSTICK_Config                       0x08002339   Thumb Code    40  stm32f1xx_hal_cortex.o(i.HAL_SYSTICK_Config)
    HAL_TIMEx_BreakCallback                  0x08002361   Thumb Code     2  stm32f1xx_hal_tim_ex.o(i.HAL_TIMEx_BreakCallback)
    HAL_TIMEx_CommutationCallback            0x08002363   Thumb Code     2  stm32f1xx_hal_tim_ex.o(i.HAL_TIMEx_CommutationCallback)
    HAL_TIM_Base_Init                        0x08002365   Thumb Code   140  stm32f1xx_hal_tim.o(i.HAL_TIM_Base_Init)
    HAL_TIM_Base_MspInit                     0x08002435   Thumb Code     2  stm32f1xx_hal_tim.o(i.HAL_TIM_Base_MspInit)
    HAL_TIM_Base_Start_IT                    0x08002439   Thumb Code    64  stm32f1xx_hal_tim.o(i.HAL_TIM_Base_Start_IT)
    HAL_TIM_IC_CaptureCallback               0x080024bd   Thumb Code     2  stm32f1xx_hal_tim.o(i.HAL_TIM_IC_CaptureCallback)
    HAL_TIM_IRQHandler                       0x080024bf   Thumb Code   358  stm32f1xx_hal_tim.o(i.HAL_TIM_IRQHandler)
    HAL_TIM_OC_DelayElapsedCallback          0x08002625   Thumb Code     2  stm32f1xx_hal_tim.o(i.HAL_TIM_OC_DelayElapsedCallback)
    HAL_TIM_PWM_PulseFinishedCallback        0x08002627   Thumb Code     2  stm32f1xx_hal_tim.o(i.HAL_TIM_PWM_PulseFinishedCallback)
    HAL_TIM_PeriodElapsedCallback            0x08002629   Thumb Code     4  stm32f1xx_hal_timebase_tim.o(i.HAL_TIM_PeriodElapsedCallback)
    HAL_TIM_TriggerCallback                  0x0800262d   Thumb Code     2  stm32f1xx_hal_tim.o(i.HAL_TIM_TriggerCallback)
    HAL_UART_ErrorCallback                   0x0800262f   Thumb Code     2  stm32f1xx_hal_uart.o(i.HAL_UART_ErrorCallback)
    HAL_UART_GetState                        0x08002631   Thumb Code     6  stm32f1xx_hal_uart.o(i.HAL_UART_GetState)
    HAL_UART_IRQHandler                      0x08002639   Thumb Code   218  stm32f1xx_hal_uart.o(i.HAL_UART_IRQHandler)
    HAL_UART_Init                            0x08002715   Thumb Code   214  stm32f1xx_hal_uart.o(i.HAL_UART_Init)
    HAL_UART_MspInit                         0x08002835   Thumb Code   228  stm32f1xx_hal_msp.o(i.HAL_UART_MspInit)
    HAL_UART_Receive_DMA                     0x08002935   Thumb Code   122  stm32f1xx_hal_uart.o(i.HAL_UART_Receive_DMA)
    HAL_UART_RxCpltCallback                  0x080029bd   Thumb Code    22  main.o(i.HAL_UART_RxCpltCallback)
    HAL_UART_RxHalfCpltCallback              0x080029dd   Thumb Code     2  stm32f1xx_hal_uart.o(i.HAL_UART_RxHalfCpltCallback)
    HAL_UART_Transmit                        0x080029e1   Thumb Code   204  stm32f1xx_hal_uart.o(i.HAL_UART_Transmit)
    HAL_UART_TxCpltCallback                  0x08002aad   Thumb Code     2  stm32f1xx_hal_uart.o(i.HAL_UART_TxCpltCallback)
    HardFault_Handler                        0x08002aaf   Thumb Code     2  stm32f1xx_it.o(i.HardFault_Handler)
    MemManage_Handler                        0x08002b95   Thumb Code     2  stm32f1xx_it.o(i.MemManage_Handler)
    ModeControl_CheckAndSetAutoMode          0x08002b99   Thumb Code    34  mode_set.o(i.ModeControl_CheckAndSetAutoMode)
    ModeControl_Init                         0x08002bc1   Thumb Code    26  mode_set.o(i.ModeControl_Init)
    NMI_Handler                              0x08002c69   Thumb Code     2  stm32f1xx_it.o(i.NMI_Handler)
    SPIx_Error                               0x08002d29   Thumb Code    60  bsp.o(i.SPIx_Error)
    SPIx_Write                               0x08002d6d   Thumb Code    26  bsp.o(i.SPIx_Write)
    StartDataOutTask                         0x08002d91   Thumb Code    68  main.o(i.StartDataOutTask)
    StartDataParseTask                       0x08002e11   Thumb Code   194  main.o(i.StartDataParseTask)
    StartDataProcessTask                     0x08002f11   Thumb Code    82  main.o(i.StartDataProcessTask)
    StartMainTask                            0x08002fa1   Thumb Code   112  main.o(i.StartMainTask)
    StartPrintTask                           0x08003059   Thumb Code    36  main.o(i.StartPrintTask)
    SysTick_Handler                          0x08003085   Thumb Code     4  stm32f1xx_it.o(i.SysTick_Handler)
    SystemClock_Config                       0x08003089   Thumb Code   100  main.o(i.SystemClock_Config)
    SystemInit                               0x080030ed   Thumb Code    56  system_stm32f1xx.o(i.SystemInit)
    TIM1_UP_IRQHandler                       0x08003135   Thumb Code     6  stm32f1xx_it.o(i.TIM1_UP_IRQHandler)
    TIM_Base_SetConfig                       0x08003141   Thumb Code    86  stm32f1xx_hal_tim.o(i.TIM_Base_SetConfig)
    USART1_IRQHandler                        0x080035a9   Thumb Code     6  stm32f1xx_it.o(i.USART1_IRQHandler)
    USART_printf                             0x080035b5   Thumb Code   218  bsp.o(i.USART_printf)
    UsageFault_Handler                       0x0800368f   Thumb Code     2  stm32f1xx_it.o(i.UsageFault_Handler)
    __0printf$3                              0x08003691   Thumb Code    22  printf3.o(i.__0printf$3)
    __1printf$3                              0x08003691   Thumb Code     0  printf3.o(i.__0printf$3)
    __2printf                                0x08003691   Thumb Code     0  printf3.o(i.__0printf$3)
    __scatterload_copy                       0x080036b1   Thumb Code    14  handlers.o(i.__scatterload_copy)
    __scatterload_null                       0x080036bf   Thumb Code     2  handlers.o(i.__scatterload_null)
    __scatterload_zeroinit                   0x080036c1   Thumb Code    14  handlers.o(i.__scatterload_zeroinit)
    assert_failed                            0x08003889   Thumb Code    12  main.o(i.assert_failed)
    doSumCheck                               0x080038c9   Thumb Code    30  uart_received_data_parse.o(i.doSumCheck)
    fputc                                    0x080038e9   Thumb Code    20  bsp.o(i.fputc)
    main                                     0x0800390d   Thumb Code   332  main.o(i.main)
    osDelay                                  0x08003a7d   Thumb Code    14  cmsis_os.o(i.osDelay)
    osKernelStart                            0x08003a8b   Thumb Code    10  cmsis_os.o(i.osKernelStart)
    osMailAlloc                              0x08003a95   Thumb Code    12  cmsis_os.o(i.osMailAlloc)
    osMailCreate                             0x08003aa1   Thumb Code    92  cmsis_os.o(i.osMailCreate)
    osMailFree                               0x08003afd   Thumb Code    12  cmsis_os.o(i.osMailFree)
    osMailGet                                0x08003b09   Thumb Code   134  cmsis_os.o(i.osMailGet)
    osMailPut                                0x08003b95   Thumb Code    80  cmsis_os.o(i.osMailPut)
    osMessageCreate                          0x08003be9   Thumb Code     8  cmsis_os.o(i.osMessageCreate)
    osMessageGet                             0x08003bf1   Thumb Code   138  cmsis_os.o(i.osMessageGet)
    osMessagePut                             0x08003c81   Thumb Code    78  cmsis_os.o(i.osMessagePut)
    osPoolAlloc                              0x08003cd5   Thumb Code    96  cmsis_os.o(i.osPoolAlloc)
    osPoolCreate                             0x08003d35   Thumb Code    94  cmsis_os.o(i.osPoolCreate)
    osPoolFree                               0x08003d93   Thumb Code    48  cmsis_os.o(i.osPoolFree)
    osSystickHandler                         0x08003dc3   Thumb Code    20  cmsis_os.o(i.osSystickHandler)
    osThreadCreate                           0x08003dd7   Thumb Code    56  cmsis_os.o(i.osThreadCreate)
    pvPortMalloc                             0x0800407d   Thumb Code   182  heap_4.o(i.pvPortMalloc)
    pvTaskIncrementMutexHeldCount            0x08004139   Thumb Code    18  tasks.o(i.pvTaskIncrementMutexHeldCount)
    pxPortInitialiseStack                    0x08004151   Thumb Code    28  port.o(i.pxPortInitialiseStack)
    uxListRemove                             0x08004171   Thumb Code    36  list.o(i.uxListRemove)
    vApplicationIdleHook                     0x08004195   Thumb Code     2  freertos.o(i.vApplicationIdleHook)
    vApplicationStackOverflowHook            0x08004199   Thumb Code     8  freertos.o(i.vApplicationStackOverflowHook)
    vListInitialise                          0x080041c5   Thumb Code    22  list.o(i.vListInitialise)
    vListInitialiseItem                      0x080041db   Thumb Code     6  list.o(i.vListInitialiseItem)
    vListInsert                              0x080041e1   Thumb Code    48  list.o(i.vListInsert)
    vListInsertEnd                           0x08004211   Thumb Code    24  list.o(i.vListInsertEnd)
    vPortEnterCritical                       0x08004229   Thumb Code    46  port.o(i.vPortEnterCritical)
    vPortExitCritical                        0x08004261   Thumb Code    30  port.o(i.vPortExitCritical)
    vPortFree                                0x08004285   Thumb Code    68  heap_4.o(i.vPortFree)
    vPortSetupTimerInterrupt                 0x080042cd   Thumb Code    26  port.o(i.vPortSetupTimerInterrupt)
    vPortValidateInterruptPriority           0x080042ed   Thumb Code    54  port.o(i.vPortValidateInterruptPriority)
    vPortYield                               0x0800432d   Thumb Code    18  port.o(i.vPortYield)
    vTaskDelay                               0x08004345   Thumb Code    76  tasks.o(i.vTaskDelay)
    vTaskMissedYield                         0x08004395   Thumb Code     8  tasks.o(i.vTaskMissedYield)
    vTaskPlaceOnEventList                    0x080043a1   Thumb Code    80  tasks.o(i.vTaskPlaceOnEventList)
    vTaskPriorityInherit                     0x080043f9   Thumb Code   124  tasks.o(i.vTaskPriorityInherit)
    vTaskSetTimeOutState                     0x0800447d   Thumb Code    22  tasks.o(i.vTaskSetTimeOutState)
    vTaskStartScheduler                      0x08004499   Thumb Code    66  tasks.o(i.vTaskStartScheduler)
    vTaskSuspendAll                          0x080044ed   Thumb Code    10  tasks.o(i.vTaskSuspendAll)
    vTaskSwitchContext                       0x080044fd   Thumb Code   116  tasks.o(i.vTaskSwitchContext)
    xPortStartScheduler                      0x08004579   Thumb Code   102  port.o(i.xPortStartScheduler)
    xPortSysTickHandler                      0x080045ed   Thumb Code    30  port.o(i.xPortSysTickHandler)
    xQueueGenericCreate                      0x08004611   Thumb Code    80  queue.o(i.xQueueGenericCreate)
    xQueueGenericReceive                     0x08004661   Thumb Code   302  queue.o(i.xQueueGenericReceive)
    xQueueGenericReset                       0x0800478f   Thumb Code   106  queue.o(i.xQueueGenericReset)
    xQueueGenericSend                        0x080047f9   Thumb Code   276  queue.o(i.xQueueGenericSend)
    xQueueGenericSendFromISR                 0x0800490d   Thumb Code   140  queue.o(i.xQueueGenericSendFromISR)
    xQueueReceiveFromISR                     0x08004999   Thumb Code   118  queue.o(i.xQueueReceiveFromISR)
    xSerialGetChar                           0x08004a0f   Thumb Code    30  bsp.o(i.xSerialGetChar)
    xSerialPutChar                           0x08004a2d   Thumb Code    16  bsp.o(i.xSerialPutChar)
    xTaskCheckForTimeOut                     0x08004a3d   Thumb Code    82  tasks.o(i.xTaskCheckForTimeOut)
    xTaskGenericCreate                       0x08004a95   Thumb Code   388  tasks.o(i.xTaskGenericCreate)
    xTaskGetSchedulerState                   0x08004c21   Thumb Code    22  tasks.o(i.xTaskGetSchedulerState)
    xTaskIncrementTick                       0x08004c3d   Thumb Code   184  tasks.o(i.xTaskIncrementTick)
    xTaskPriorityDisinherit                  0x08004cfd   Thumb Code   124  tasks.o(i.xTaskPriorityDisinherit)
    xTaskRemoveFromEventList                 0x08004d81   Thumb Code    98  tasks.o(i.xTaskRemoveFromEventList)
    xTaskResumeAll                           0x08004ded   Thumb Code   162  tasks.o(i.xTaskResumeAll)
    os_mailQ_def_gSenorDataMail              0x08004ea8   Data          12  main.o(.constdata)
    AHBPrescTable                            0x08004f7c   Data          16  system_stm32f1xx.o(.constdata)
    APBPrescTable                            0x08004f8c   Data           8  system_stm32f1xx.o(.constdata)
    Region$$Table$$Base                      0x08004fd8   Number         0  anon$$obj.o(Region$$Table)
    Region$$Table$$Limit                     0x08004ff8   Number         0  anon$$obj.o(Region$$Table)
    uCRCErrorWorkaroundCheck                 0x20000004   Data           1  stm32f1xx_hal_spi_ex.o(.data)
    gUSART1_RX_TMP                           0x20000008   Data           1  main.o(.data)
    MainTaskHandle                           0x2000000c   Data           4  main.o(.data)
    DataParseTaskHandle                      0x20000010   Data           4  main.o(.data)
    DataProcessTaskHandle                    0x20000014   Data           4  main.o(.data)
    DataOutTaskHandle                        0x20000018   Data           4  main.o(.data)
    PrintTaskHandle                          0x2000001c   Data           4  main.o(.data)
    ReceiveDataQueueHandle                   0x20000020   Data           4  main.o(.data)
    PrintQueuesHandle                        0x20000024   Data           4  main.o(.data)
    gSenorDataMail                           0x20000028   Data           4  main.o(.data)
    gControlDataMail                         0x2000002c   Data           4  main.o(.data)
    os_mailQ_cb_gSenorDataMail               0x20000030   Data           4  main.o(.data)
    SpixTimeout                              0x20000034   Data           4  bsp.o(.data)
    gCurrentControl_Mode                     0x20000038   Data           1  mode_set.o(.data)
    gLasControl_Mode                         0x20000039   Data           1  mode_set.o(.data)
    gCurrent_SelectPinstate                  0x2000003a   Data           1  mode_set.o(.data)
    gLast_SelectPinstate                     0x2000003b   Data           1  mode_set.o(.data)
    pxCurrentTCB                             0x2000003c   Data           4  tasks.o(.data)
    SystemCoreClock                          0x20000098   Data           4  system_stm32f1xx.o(.data)
    __stdout                                 0x2000009c   Data           4  stdout.o(.data)
    hspi1                                    0x200000a0   Data          88  main.o(.bss)
    huart1                                   0x200000f8   Data          64  main.o(.bss)
    huart2                                   0x20000138   Data          64  main.o(.bss)
    hdma_usart1_rx                           0x20000178   Data          56  main.o(.bss)
    hdma_usart2_tx                           0x200001b0   Data          56  main.o(.bss)
    htim1                                    0x200001e8   Data          60  stm32f1xx_hal_timebase_tim.o(.bss)
    __initial_sp                             0x20004318   Data           0  startup_stm32f103xb.o(STACK)



==============================================================================

Memory Map of the image

  Image Entry point : 0x080000ed

  Load Region LR_IROM1 (Base: 0x08000000, Size: 0x00005098, Max: 0x00020000, ABSOLUTE)

    Execution Region ER_IROM1 (Base: 0x08000000, Size: 0x00004ff8, Max: 0x00020000, ABSOLUTE)

    Base Addr    Size         Type   Attr      Idx    E Section Name        Object

    0x08000000   0x000000ec   Data   RO         3047    RESET               startup_stm32f103xb.o
    0x080000ec   0x00000000   Code   RO         4104  * .ARM.Collect$$$$00000000  mc_w.l(entry.o)
    0x080000ec   0x00000004   Code   RO         4384    .ARM.Collect$$$$00000001  mc_w.l(entry2.o)
    0x080000f0   0x00000004   Code   RO         4387    .ARM.Collect$$$$00000004  mc_w.l(entry5.o)
    0x080000f4   0x00000000   Code   RO         4389    .ARM.Collect$$$$00000008  mc_w.l(entry7b.o)
    0x080000f4   0x00000000   Code   RO         4391    .ARM.Collect$$$$0000000A  mc_w.l(entry8b.o)
    0x080000f4   0x00000008   Code   RO         4392    .ARM.Collect$$$$0000000B  mc_w.l(entry9a.o)
    0x080000fc   0x00000000   Code   RO         4394    .ARM.Collect$$$$0000000D  mc_w.l(entry10a.o)
    0x080000fc   0x00000000   Code   RO         4396    .ARM.Collect$$$$0000000F  mc_w.l(entry11a.o)
    0x080000fc   0x00000004   Code   RO         4385    .ARM.Collect$$$$00002712  mc_w.l(entry2.o)
    0x08000100   0x000000a2   Code   RO         3421    .emb_text           port.o
    0x080001a2   0x00000002   PAD
    0x080001a4   0x00000024   Code   RO         3048    .text               startup_stm32f103xb.o
    0x080001c8   0x00000020   Code   RO         4107    .text               mc_w.l(llushr.o)
    0x080001e8   0x00000024   Code   RO         4109    .text               mc_w.l(memcpya.o)
    0x0800020c   0x00000024   Code   RO         4111    .text               mc_w.l(memseta.o)
    0x08000230   0x00000018   Code   RO         4376    .text               mf_w.l(fscalb.o)
    0x08000248   0x000000de   Code   RO         4378    .text               mf_w.l(ddiv.o)
    0x08000326   0x00000032   Code   RO         4380    .text               mf_w.l(dfixui.o)
    0x08000358   0x00000026   Code   RO         4382    .text               mf_w.l(f2d.o)
    0x0800037e   0x0000002c   Code   RO         4399    .text               mc_w.l(uidiv.o)
    0x080003aa   0x00000000   Code   RO         4403    .text               mc_w.l(iusefp.o)
    0x080003aa   0x000000ba   Code   RO         4404    .text               mf_w.l(depilogue.o)
    0x08000464   0x00000024   Code   RO         4414    .text               mc_w.l(init.o)
    0x08000488   0x0000001e   Code   RO         4416    .text               mc_w.l(llshl.o)
    0x080004a6   0x00000038   Code   RO         2773    i.BSP_USART_SendArray  bsp.o
    0x080004de   0x0000002c   Code   RO         2774    i.BSP_USART_SendData  bsp.o
    0x0800050a   0x00000002   Code   RO         2533    i.BusFault_Handler  stm32f1xx_it.o
    0x0800050c   0x00000028   Code   RO         2962    i.ControlOut_Init   data_out.o
    0x08000534   0x00000020   Code   RO         2963    i.ControlOut_PutControlData  data_out.o
    0x08000554   0x000000f4   Code   RO         2964    i.ControlOut_SetDACx_Voltage  data_out.o
    0x08000648   0x0000001a   Code   RO         2965    i.ControlOut_WriteTlc5615  data_out.o
    0x08000662   0x00000002   PAD
    0x08000664   0x0000000c   Code   RO         2534    i.DMA1_Channel5_IRQHandler  stm32f1xx_it.o
    0x08000670   0x0000000c   Code   RO         2535    i.DMA1_Channel7_IRQHandler  stm32f1xx_it.o
    0x0800067c   0x0000001e   Code   RO         2093    i.DMA_SetConfig     stm32f1xx_hal_dma.o
    0x0800069a   0x00000002   PAD
    0x0800069c   0x00000040   Code   RO         2910    i.DataParse_PutData  uart_received_data_parse.o
    0x080006dc   0x00000010   Code   RO         2883    i.DataProcess_DoProcess  data_process.o
    0x080006ec   0x00000002   Code   RO         2536    i.DebugMon_Handler  stm32f1xx_it.o
    0x080006ee   0x00000002   PAD
    0x080006f0   0x00000028   Code   RO         2364    i.Error_Handler     main.o
    0x08000718   0x0000026c   Code   RO         2098    i.HAL_DMA_IRQHandler  stm32f1xx_hal_dma.o
    0x08000984   0x00000164   Code   RO         2099    i.HAL_DMA_Init      stm32f1xx_hal_dma.o
    0x08000ae8   0x000000b4   Code   RO         2102    i.HAL_DMA_Start_IT  stm32f1xx_hal_dma.o
    0x08000b9c   0x00000016   Code   RO         1693    i.HAL_Delay         stm32f1xx_hal.o
    0x08000bb2   0x00000002   PAD
    0x08000bb4   0x0000016c   Code   RO         1039    i.HAL_GPIO_DeInit   stm32f1xx_hal_gpio.o
    0x08000d20   0x00000318   Code   RO         1042    i.HAL_GPIO_Init     stm32f1xx_hal_gpio.o
    0x08001038   0x00000058   Code   RO         1044    i.HAL_GPIO_ReadPin  stm32f1xx_hal_gpio.o
    0x08001090   0x0000006c   Code   RO         1046    i.HAL_GPIO_WritePin  stm32f1xx_hal_gpio.o
    0x080010fc   0x0000000c   Code   RO         1697    i.HAL_GetTick       stm32f1xx_hal.o
    0x08001108   0x00000010   Code   RO         1698    i.HAL_IncTick       stm32f1xx_hal.o
    0x08001118   0x00000024   Code   RO         1699    i.HAL_Init          stm32f1xx_hal.o
    0x0800113c   0x00000074   Code   RO         2676    i.HAL_InitTick      stm32f1xx_hal_timebase_tim.o
    0x080011b0   0x00000080   Code   RO         2722    i.HAL_MspInit       stm32f1xx_hal_msp.o
    0x08001230   0x00000060   Code   RO          829    i.HAL_NVIC_EnableIRQ  stm32f1xx_hal_cortex.o
    0x08001290   0x000000a0   Code   RO          835    i.HAL_NVIC_SetPriority  stm32f1xx_hal_cortex.o
    0x08001330   0x00000080   Code   RO          836    i.HAL_NVIC_SetPriorityGrouping  stm32f1xx_hal_cortex.o
    0x080013b0   0x0000028c   Code   RO          726    i.HAL_RCC_ClockConfig  stm32f1xx_hal_rcc.o
    0x0800163c   0x00000094   Code   RO          730    i.HAL_RCC_GetClockConfig  stm32f1xx_hal_rcc.o
    0x080016d0   0x0000000c   Code   RO          731    i.HAL_RCC_GetHCLKFreq  stm32f1xx_hal_rcc.o
    0x080016dc   0x00000030   Code   RO          733    i.HAL_RCC_GetPCLK1Freq  stm32f1xx_hal_rcc.o
    0x0800170c   0x00000030   Code   RO          734    i.HAL_RCC_GetPCLK2Freq  stm32f1xx_hal_rcc.o
    0x0800173c   0x00000088   Code   RO          735    i.HAL_RCC_GetSysClockFreq  stm32f1xx_hal_rcc.o
    0x080017c4   0x00000700   Code   RO          738    i.HAL_RCC_OscConfig  stm32f1xx_hal_rcc.o
    0x08001ec4   0x0000002e   Code   RO         1108    i.HAL_SPI_DeInit    stm32f1xx_hal_spi.o
    0x08001ef2   0x00000002   PAD
    0x08001ef4   0x000001c4   Code   RO         2331    i.HAL_SPI_Init      stm32f1xx_hal_spi_ex.o
    0x080020b8   0x00000028   Code   RO         2723    i.HAL_SPI_MspDeInit  stm32f1xx_hal_msp.o
    0x080020e0   0x00000058   Code   RO         2724    i.HAL_SPI_MspInit   stm32f1xx_hal_msp.o
    0x08002138   0x0000019c   Code   RO         1121    i.HAL_SPI_Transmit  stm32f1xx_hal_spi.o
    0x080022d4   0x00000064   Code   RO          838    i.HAL_SYSTICK_CLKSourceConfig  stm32f1xx_hal_cortex.o
    0x08002338   0x00000028   Code   RO          840    i.HAL_SYSTICK_Config  stm32f1xx_hal_cortex.o
    0x08002360   0x00000002   Code   RO         1453    i.HAL_TIMEx_BreakCallback  stm32f1xx_hal_tim_ex.o
    0x08002362   0x00000002   Code   RO         1454    i.HAL_TIMEx_CommutationCallback  stm32f1xx_hal_tim_ex.o
    0x08002364   0x000000d0   Code   RO            6    i.HAL_TIM_Base_Init  stm32f1xx_hal_tim.o
    0x08002434   0x00000002   Code   RO            8    i.HAL_TIM_Base_MspInit  stm32f1xx_hal_tim.o
    0x08002436   0x00000002   PAD
    0x08002438   0x00000084   Code   RO           11    i.HAL_TIM_Base_Start_IT  stm32f1xx_hal_tim.o
    0x080024bc   0x00000002   Code   RO           35    i.HAL_TIM_IC_CaptureCallback  stm32f1xx_hal_tim.o
    0x080024be   0x00000166   Code   RO           48    i.HAL_TIM_IRQHandler  stm32f1xx_hal_tim.o
    0x08002624   0x00000002   Code   RO           51    i.HAL_TIM_OC_DelayElapsedCallback  stm32f1xx_hal_tim.o
    0x08002626   0x00000002   Code   RO           78    i.HAL_TIM_PWM_PulseFinishedCallback  stm32f1xx_hal_tim.o
    0x08002628   0x00000004   Code   RO         2679    i.HAL_TIM_PeriodElapsedCallback  stm32f1xx_hal_timebase_tim.o
    0x0800262c   0x00000002   Code   RO           89    i.HAL_TIM_TriggerCallback  stm32f1xx_hal_tim.o
    0x0800262e   0x00000002   Code   RO         1832    i.HAL_UART_ErrorCallback  stm32f1xx_hal_uart.o
    0x08002630   0x00000006   Code   RO         1834    i.HAL_UART_GetState  stm32f1xx_hal_uart.o
    0x08002636   0x00000002   PAD
    0x08002638   0x000000da   Code   RO         1835    i.HAL_UART_IRQHandler  stm32f1xx_hal_uart.o
    0x08002712   0x00000002   PAD
    0x08002714   0x00000120   Code   RO         1836    i.HAL_UART_Init     stm32f1xx_hal_uart.o
    0x08002834   0x00000100   Code   RO         2726    i.HAL_UART_MspInit  stm32f1xx_hal_msp.o
    0x08002934   0x00000088   Code   RO         1840    i.HAL_UART_Receive_DMA  stm32f1xx_hal_uart.o
    0x080029bc   0x00000020   Code   RO         2365    i.HAL_UART_RxCpltCallback  main.o
    0x080029dc   0x00000002   Code   RO         1843    i.HAL_UART_RxHalfCpltCallback  stm32f1xx_hal_uart.o
    0x080029de   0x00000002   PAD
    0x080029e0   0x000000cc   Code   RO         1844    i.HAL_UART_Transmit  stm32f1xx_hal_uart.o
    0x08002aac   0x00000002   Code   RO         1847    i.HAL_UART_TxCpltCallback  stm32f1xx_hal_uart.o
    0x08002aae   0x00000002   Code   RO         2537    i.HardFault_Handler  stm32f1xx_it.o
    0x08002ab0   0x000000a0   Code   RO         2366    i.MX_GPIO_Init      main.o
    0x08002b50   0x00000044   Code   RO         2367    i.MX_SPI1_Init      main.o
    0x08002b94   0x00000002   Code   RO         2538    i.MemManage_Handler  stm32f1xx_it.o
    0x08002b96   0x00000002   PAD
    0x08002b98   0x00000028   Code   RO         3001    i.ModeControl_CheckAndSetAutoMode  mode_set.o
    0x08002bc0   0x00000020   Code   RO         3002    i.ModeControl_Init  mode_set.o
    0x08002be0   0x00000010   Code   RO         3003    i.ModeControl_ReadModePinState  mode_set.o
    0x08002bf0   0x00000078   Code   RO         3004    i.ModeControl_SelectMode  mode_set.o
    0x08002c68   0x00000002   Code   RO         2539    i.NMI_Handler       stm32f1xx_it.o
    0x08002c6a   0x00000020   Code   RO          842    i.NVIC_SetPriority  stm32f1xx_hal_cortex.o
    0x08002c8a   0x0000009e   Code   RO         1144    i.SPI_WaitOnFlagUntilTimeout  stm32f1xx_hal_spi.o
    0x08002d28   0x00000044   Code   RO         2775    i.SPIx_Error        bsp.o
    0x08002d6c   0x00000024   Code   RO         2777    i.SPIx_Write        bsp.o
    0x08002d90   0x00000080   Code   RO         2369    i.StartDataOutTask  main.o
    0x08002e10   0x00000100   Code   RO         2370    i.StartDataParseTask  main.o
    0x08002f10   0x00000090   Code   RO         2371    i.StartDataProcessTask  main.o
    0x08002fa0   0x000000b8   Code   RO         2372    i.StartMainTask     main.o
    0x08003058   0x0000002c   Code   RO         2373    i.StartPrintTask    main.o
    0x08003084   0x00000004   Code   RO         2540    i.SysTick_Handler   stm32f1xx_it.o
    0x08003088   0x00000064   Code   RO         2374    i.SystemClock_Config  main.o
    0x080030ec   0x00000048   Code   RO         4070    i.SystemInit        system_stm32f1xx.o
    0x08003134   0x0000000c   Code   RO         2541    i.TIM1_UP_IRQHandler  stm32f1xx_it.o
    0x08003140   0x00000064   Code   RO           90    i.TIM_Base_SetConfig  stm32f1xx_hal_tim.o
    0x080031a4   0x0000001e   Code   RO         1849    i.UART_DMAError     stm32f1xx_hal_uart.o
    0x080031c2   0x00000002   PAD
    0x080031c4   0x00000036   Code   RO         1850    i.UART_DMAReceiveCplt  stm32f1xx_hal_uart.o
    0x080031fa   0x0000000a   Code   RO         1851    i.UART_DMARxHalfCplt  stm32f1xx_hal_uart.o
    0x08003204   0x000000a8   Code   RO         1854    i.UART_Receive_IT   stm32f1xx_hal_uart.o
    0x080032ac   0x00000204   Code   RO         1855    i.UART_SetConfig    stm32f1xx_hal_uart.o
    0x080034b0   0x00000066   Code   RO         1856    i.UART_Transmit_IT  stm32f1xx_hal_uart.o
    0x08003516   0x00000092   Code   RO         1857    i.UART_WaitOnFlagUntilTimeout  stm32f1xx_hal_uart.o
    0x080035a8   0x0000000c   Code   RO         2542    i.USART1_IRQHandler  stm32f1xx_it.o
    0x080035b4   0x000000da   Code   RO         2778    i.USART_printf      bsp.o
    0x0800368e   0x00000002   Code   RO         2543    i.UsageFault_Handler  stm32f1xx_it.o
    0x08003690   0x00000020   Code   RO         4204    i.__0printf$3       mc_w.l(printf3.o)
    0x080036b0   0x0000000e   Code   RO         4422    i.__scatterload_copy  mc_w.l(handlers.o)
    0x080036be   0x00000002   Code   RO         4423    i.__scatterload_null  mc_w.l(handlers.o)
    0x080036c0   0x0000000e   Code   RO         4424    i.__scatterload_zeroinit  mc_w.l(handlers.o)
    0x080036ce   0x00000002   PAD
    0x080036d0   0x000001b8   Code   RO         4211    i._printf_core      mc_w.l(printf3.o)
    0x08003888   0x00000040   Code   RO         2375    i.assert_failed     main.o
    0x080038c8   0x0000001e   Code   RO         2912    i.doSumCheck        uart_received_data_parse.o
    0x080038e6   0x00000002   PAD
    0x080038e8   0x00000018   Code   RO         2779    i.fputc             bsp.o
    0x08003900   0x0000000c   Code   RO         3494    i.inHandlerMode     cmsis_os.o
    0x0800390c   0x00000164   Code   RO         2376    i.main              main.o
    0x08003a70   0x0000000c   Code   RO         3496    i.makeFreeRtosPriority  cmsis_os.o
    0x08003a7c   0x0000000e   Code   RO         3497    i.osDelay           cmsis_os.o
    0x08003a8a   0x0000000a   Code   RO         3500    i.osKernelStart     cmsis_os.o
    0x08003a94   0x0000000c   Code   RO         3502    i.osMailAlloc       cmsis_os.o
    0x08003aa0   0x0000005c   Code   RO         3504    i.osMailCreate      cmsis_os.o
    0x08003afc   0x0000000c   Code   RO         3505    i.osMailFree        cmsis_os.o
    0x08003b08   0x0000008c   Code   RO         3506    i.osMailGet         cmsis_os.o
    0x08003b94   0x00000054   Code   RO         3507    i.osMailPut         cmsis_os.o
    0x08003be8   0x00000008   Code   RO         3508    i.osMessageCreate   cmsis_os.o
    0x08003bf0   0x00000090   Code   RO         3509    i.osMessageGet      cmsis_os.o
    0x08003c80   0x00000054   Code   RO         3511    i.osMessagePut      cmsis_os.o
    0x08003cd4   0x00000060   Code   RO         3516    i.osPoolAlloc       cmsis_os.o
    0x08003d34   0x0000005e   Code   RO         3518    i.osPoolCreate      cmsis_os.o
    0x08003d92   0x00000030   Code   RO         3519    i.osPoolFree        cmsis_os.o
    0x08003dc2   0x00000014   Code   RO         3529    i.osSystickHandler  cmsis_os.o
    0x08003dd6   0x00000038   Code   RO         3530    i.osThreadCreate    cmsis_os.o
    0x08003e0e   0x00000002   PAD
    0x08003e10   0x00000034   Code   RO         3052    i.prvAddCurrentTaskToDelayedList  tasks.o
    0x08003e44   0x00000054   Code   RO         3053    i.prvCheckTasksWaitingTermination  tasks.o
    0x08003e98   0x00000026   Code   RO         3922    i.prvCopyDataFromQueue  queue.o
    0x08003ebe   0x0000006e   Code   RO         3923    i.prvCopyDataToQueue  queue.o
    0x08003f2c   0x0000004c   Code   RO         3366    i.prvHeapInit       heap_4.o
    0x08003f78   0x0000001c   Code   RO         3054    i.prvIdleTask       tasks.o
    0x08003f94   0x0000004c   Code   RO         3367    i.prvInsertBlockIntoFreeList  heap_4.o
    0x08003fe0   0x00000020   Code   RO         3056    i.prvResetNextTaskUnblockTime  tasks.o
    0x08004000   0x00000018   Code   RO         3422    i.prvTaskExitError  port.o
    0x08004018   0x00000064   Code   RO         3924    i.prvUnlockQueue    queue.o
    0x0800407c   0x000000bc   Code   RO         3368    i.pvPortMalloc      heap_4.o
    0x08004138   0x00000018   Code   RO         3059    i.pvTaskIncrementMutexHeldCount  tasks.o
    0x08004150   0x00000020   Code   RO         3423    i.pxPortInitialiseStack  port.o
    0x08004170   0x00000024   Code   RO         3815    i.uxListRemove      list.o
    0x08004194   0x00000002   Code   RO         2624    i.vApplicationIdleHook  freertos.o
    0x08004196   0x00000002   PAD
    0x08004198   0x0000002c   Code   RO         2625    i.vApplicationStackOverflowHook  freertos.o
    0x080041c4   0x00000016   Code   RO         3816    i.vListInitialise   list.o
    0x080041da   0x00000006   Code   RO         3817    i.vListInitialiseItem  list.o
    0x080041e0   0x00000030   Code   RO         3818    i.vListInsert       list.o
    0x08004210   0x00000018   Code   RO         3819    i.vListInsertEnd    list.o
    0x08004228   0x00000038   Code   RO         3425    i.vPortEnterCritical  port.o
    0x08004260   0x00000024   Code   RO         3426    i.vPortExitCritical  port.o
    0x08004284   0x00000048   Code   RO         3369    i.vPortFree         heap_4.o
    0x080042cc   0x00000020   Code   RO         3427    i.vPortSetupTimerInterrupt  port.o
    0x080042ec   0x00000040   Code   RO         3428    i.vPortValidateInterruptPriority  port.o
    0x0800432c   0x00000018   Code   RO         3429    i.vPortYield        port.o
    0x08004344   0x00000050   Code   RO         3068    i.vTaskDelay        tasks.o
    0x08004394   0x0000000c   Code   RO         3071    i.vTaskMissedYield  tasks.o
    0x080043a0   0x00000058   Code   RO         3073    i.vTaskPlaceOnEventList  tasks.o
    0x080043f8   0x00000084   Code   RO         3075    i.vTaskPriorityInherit  tasks.o
    0x0800447c   0x0000001c   Code   RO         3079    i.vTaskSetTimeOutState  tasks.o
    0x08004498   0x00000054   Code   RO         3080    i.vTaskStartScheduler  tasks.o
    0x080044ec   0x00000010   Code   RO         3082    i.vTaskSuspendAll   tasks.o
    0x080044fc   0x0000007c   Code   RO         3083    i.vTaskSwitchContext  tasks.o
    0x08004578   0x00000074   Code   RO         3430    i.xPortStartScheduler  port.o
    0x080045ec   0x00000024   Code   RO         3431    i.xPortSysTickHandler  port.o
    0x08004610   0x00000050   Code   RO         3935    i.xQueueGenericCreate  queue.o
    0x08004660   0x0000012e   Code   RO         3936    i.xQueueGenericReceive  queue.o
    0x0800478e   0x0000006a   Code   RO         3937    i.xQueueGenericReset  queue.o
    0x080047f8   0x00000114   Code   RO         3938    i.xQueueGenericSend  queue.o
    0x0800490c   0x0000008c   Code   RO         3939    i.xQueueGenericSendFromISR  queue.o
    0x08004998   0x00000076   Code   RO         3944    i.xQueueReceiveFromISR  queue.o
    0x08004a0e   0x0000001e   Code   RO         2781    i.xSerialGetChar    bsp.o
    0x08004a2c   0x00000010   Code   RO         2782    i.xSerialPutChar    bsp.o
    0x08004a3c   0x00000058   Code   RO         3084    i.xTaskCheckForTimeOut  tasks.o
    0x08004a94   0x0000018c   Code   RO         3085    i.xTaskGenericCreate  tasks.o
    0x08004c20   0x0000001c   Code   RO         3089    i.xTaskGetSchedulerState  tasks.o
    0x08004c3c   0x000000c0   Code   RO         3092    i.xTaskIncrementTick  tasks.o
    0x08004cfc   0x00000084   Code   RO         3095    i.xTaskPriorityDisinherit  tasks.o
    0x08004d80   0x0000006c   Code   RO         3096    i.xTaskRemoveFromEventList  tasks.o
    0x08004dec   0x000000ac   Code   RO         3098    i.xTaskResumeAll    tasks.o
    0x08004e98   0x000000e4   Data   RO         2380    .constdata          main.o
    0x08004f7c   0x00000010   Data   RO         4071    .constdata          system_stm32f1xx.o
    0x08004f8c   0x00000008   Data   RO         4072    .constdata          system_stm32f1xx.o
    0x08004f94   0x00000044   Data   RO         2382    .conststring        main.o
    0x08004fd8   0x00000020   Data   RO         4420    Region$$Table       anon$$obj.o


    Execution Region RW_IRAM1 (Base: 0x20000000, Size: 0x00004318, Max: 0x00005000, ABSOLUTE)

    Base Addr    Size         Type   Attr      Idx    E Section Name        Object

    0x20000000   0x00000004   Data   RW         1705    .data               stm32f1xx_hal.o
    0x20000004   0x00000001   Data   RW         2333    .data               stm32f1xx_hal_spi_ex.o
    0x20000005   0x00000003   PAD
    0x20000008   0x00000028   Data   RW         2383    .data               main.o
    0x20000030   0x00000004   Data   RW         2385    .data               main.o
    0x20000034   0x00000004   Data   RW         2783    .data               bsp.o
    0x20000038   0x00000004   Data   RW         3005    .data               mode_set.o
    0x2000003c   0x00000038   Data   RW         3101    .data               tasks.o
    0x20000074   0x00000018   Data   RW         3374    .data               heap_4.o
    0x2000008c   0x0000000c   Data   RW         3432    .data               port.o
    0x20000098   0x00000004   Data   RW         4073    .data               system_stm32f1xx.o
    0x2000009c   0x00000004   Data   RW         4398    .data               mc_w.l(stdout.o)
    0x200000a0   0x000000d8   Zero   RW         2377    .bss                main.o
    0x20000178   0x00000038   Zero   RW         2378    .bss                main.o
    0x200001b0   0x00000038   Zero   RW         2379    .bss                main.o
    0x200001e8   0x0000003c   Zero   RW         2680    .bss                stm32f1xx_hal_timebase_tim.o
    0x20000224   0x000000f0   Zero   RW         3100    .bss                tasks.o
    0x20000314   0x00003c00   Zero   RW         3373    .bss                heap_4.o
    0x20003f14   0x00000004   PAD
    0x20003f18   0x00000400   Zero   RW         3045    STACK               startup_stm32f103xb.o


==============================================================================

Image component sizes


      Code (inc. data)   RO Data    RW Data    ZI Data      Debug   Object Name

       492         22          0          4          0      12182   bsp.o
       938         22          0          0          0      19742   cmsis_os.o
       342         22          0          0          0       3158   data_out.o
        16          4          0          0          0       1060   data_process.o
        46         36          0          0          0       1051   freertos.o
       412         24          0         24      15360       4663   heap_4.o
       136          0          0          0          0       3826   list.o
      1576        398        296         44        328      35095   main.o
       208         28          0          4          0       4394   mode_set.o
       582         78          0         12          0       9418   port.o
      1270          0          0          0          0      11416   queue.o
        36          8        236          0       1024        836   startup_stm32f103xb.o
        86         16          0          4          0       3439   stm32f1xx_hal.o
       556        256          0          0          0      27041   stm32f1xx_hal_cortex.o
      1186        122          0          0          0       4119   stm32f1xx_hal_dma.o
      1352        340          0          0          0       5325   stm32f1xx_hal_gpio.o
       512         64          0          0          0       3295   stm32f1xx_hal_msp.o
      2836        280          0          0          0       7257   stm32f1xx_hal_rcc.o
       616         56          0          0          0       3580   stm32f1xx_hal_spi.o
       452         74          0          1          0       1666   stm32f1xx_hal_spi_ex.o
       808        150          0          0          0     465354   stm32f1xx_hal_tim.o
         4          0          0          0          0       1774   stm32f1xx_hal_tim_ex.o
       120         18          0          0         60       2224   stm32f1xx_hal_timebase_tim.o
      1884        156          0          0          0      12310   stm32f1xx_hal_uart.o
        64         24          0          0          0       5470   stm32f1xx_it.o
        72         16         24          4          0       1599   system_stm32f1xx.o
      1900        146          0         56        240      21724   tasks.o
        94          4          0          0          0       1993   uart_received_data_parse.o

    ----------------------------------------------------------------------
     18626       2364        588        156      17016     675011   Object Totals
         0          0         32          0          0          0   (incl. Generated)
        30          0          0          3          4          0   (incl. Padding)

    ----------------------------------------------------------------------

      Code (inc. data)   RO Data    RW Data    ZI Data      Debug   Library Member Name

         0          0          0          0          0          0   entry.o
         0          0          0          0          0          0   entry10a.o
         0          0          0          0          0          0   entry11a.o
         8          4          0          0          0          0   entry2.o
         4          0          0          0          0          0   entry5.o
         0          0          0          0          0          0   entry7b.o
         0          0          0          0          0          0   entry8b.o
         8          4          0          0          0          0   entry9a.o
        30          0          0          0          0          0   handlers.o
        36          8          0          0          0         68   init.o
         0          0          0          0          0          0   iusefp.o
        30          0          0          0          0         68   llshl.o
        32          0          0          0          0         68   llushr.o
        36          0          0          0          0         68   memcpya.o
        36          0          0          0          0        108   memseta.o
       472         14          0          0          0        184   printf3.o
         0          0          0          4          0          0   stdout.o
        44          0          0          0          0         80   uidiv.o
       222          0          0          0          0        100   ddiv.o
       186          0          0          0          0        176   depilogue.o
        50          0          0          0          0         76   dfixui.o
        38          0          0          0          0         68   f2d.o
        24          0          0          0          0         68   fscalb.o

    ----------------------------------------------------------------------
      1258         30          0          4          0       1132   Library Totals
         2          0          0          0          0          0   (incl. Padding)

    ----------------------------------------------------------------------

      Code (inc. data)   RO Data    RW Data    ZI Data      Debug   Library Name

       736         30          0          4          0        644   mc_w.l
       520          0          0          0          0        488   mf_w.l

    ----------------------------------------------------------------------
      1258         30          0          4          0       1132   Library Totals

    ----------------------------------------------------------------------

==============================================================================


      Code (inc. data)   RO Data    RW Data    ZI Data      Debug   

     19884       2394        588        160      17016     667039   Grand Totals
     19884       2394        588        160      17016     667039   ELF Image Totals
     19884       2394        588        160          0          0   ROM Totals

==============================================================================

    Total RO  Size (Code + RO Data)                20472 (  19.99kB)
    Total RW  Size (RW Data + ZI Data)             17176 (  16.77kB)
    Total ROM Size (Code + RO Data + RW Data)      20632 (  20.15kB)

==============================================================================

